Archive member included to satisfy reference by file (symbol)

contiki-srf06-cc26xx.a(servreg-hack.o)
                              unicast-receiver.co (servreg_hack_init)
contiki-srf06-cc26xx.a(contiki-main.o)
                              obj_srf06-cc26xx/startup_gcc.o (main)
contiki-srf06-cc26xx.a(sensors.o)
                              contiki-srf06-cc26xx.a(contiki-main.o) (sensors_process)
contiki-srf06-cc26xx.a(leds.o)
                              contiki-srf06-cc26xx.a(contiki-main.o) (leds_init)
contiki-srf06-cc26xx.a(board.o)
                              contiki-srf06-cc26xx.a(contiki-main.o) (board_init)
contiki-srf06-cc26xx.a(launchpad-senso)
                              contiki-srf06-cc26xx.a(sensors.o) (sensors_flags)
contiki-srf06-cc26xx.a(leds-arch.o)
                              contiki-srf06-cc26xx.a(leds.o) (leds_arch_init)
contiki-srf06-cc26xx.a(button-sensor.o)
                              contiki-srf06-cc26xx.a(launchpad-senso) (button_right_sensor)
contiki-srf06-cc26xx.a(ext-flash.o)
                              contiki-srf06-cc26xx.a(board.o) (ext_flash_init)
contiki-srf06-cc26xx.a(board-spi.o)
                              contiki-srf06-cc26xx.a(ext-flash.o) (board_spi_write)
contiki-srf06-cc26xx.a(clock.o)
                              contiki-srf06-cc26xx.a(contiki-main.o) (clock_init)
contiki-srf06-cc26xx.a(soc-rtc.o)
                              contiki-srf06-cc26xx.a(contiki-main.o) (soc_rtc_init)
contiki-srf06-cc26xx.a(contiki-watchdo)
                              contiki-srf06-cc26xx.a(contiki-main.o) (watchdog_init)
contiki-srf06-cc26xx.a(putchar.o)
                              unicast-receiver.co (putchar)
contiki-srf06-cc26xx.a(ieee-addr.o)
                              contiki-srf06-cc26xx.a(contiki-main.o) (ieee_addr_cpy_to)
contiki-srf06-cc26xx.a(cc26xx-uart.o)
                              contiki-srf06-cc26xx.a(contiki-main.o) (cc26xx_uart_init)
contiki-srf06-cc26xx.a(lpm.o)
                              contiki-srf06-cc26xx.a(button-sensor.o) (lpm_shutdown)
contiki-srf06-cc26xx.a(gpio-interrupt.)
                              contiki-srf06-cc26xx.a(button-sensor.o) (gpio_interrupt_register_handler)
contiki-srf06-cc26xx.a(oscillators.o)
                              contiki-srf06-cc26xx.a(contiki-main.o) (oscillators_select_lf_xosc)
contiki-srf06-cc26xx.a(ieee-mode.o)
                              contiki-srf06-cc26xx.a(contiki-main.o) (ieee_mode_driver)
contiki-srf06-cc26xx.a(random.o)
                              contiki-srf06-cc26xx.a(servreg-hack.o) (random_rand)
contiki-srf06-cc26xx.a(soc-trng.o)
                              contiki-srf06-cc26xx.a(random.o) (soc_trng_rand_synchronous)
contiki-srf06-cc26xx.a(dbg-printf.o)
                              unicast-receiver.co (printf)
contiki-srf06-cc26xx.a(strformat.o)
                              contiki-srf06-cc26xx.a(dbg-printf.o) (format_str_v)
contiki-srf06-cc26xx.a(autostart.o)
                              contiki-srf06-cc26xx.a(contiki-main.o) (autostart_start)
contiki-srf06-cc26xx.a(energest.o)
                              contiki-srf06-cc26xx.a(contiki-main.o) (energest_init)
contiki-srf06-cc26xx.a(etimer.o)
                              contiki-srf06-cc26xx.a(clock.o) (etimer_request_poll)
contiki-srf06-cc26xx.a(ctimer.o)
                              contiki-srf06-cc26xx.a(contiki-main.o) (ctimer_init)
contiki-srf06-cc26xx.a(process.o)
                              contiki-srf06-cc26xx.a(sensors.o) (process_alloc_event)
contiki-srf06-cc26xx.a(rtimer.o)
                              contiki-srf06-cc26xx.a(contiki-main.o) (rtimer_init)
contiki-srf06-cc26xx.a(timer.o)
                              contiki-srf06-cc26xx.a(servreg-hack.o) (timer_set)
contiki-srf06-cc26xx.a(serial-line.o)
                              contiki-srf06-cc26xx.a(contiki-main.o) (serial_line_init)
contiki-srf06-cc26xx.a(ringbuf.o)
                              contiki-srf06-cc26xx.a(serial-line.o) (ringbuf_init)
contiki-srf06-cc26xx.a(list.o)
                              contiki-srf06-cc26xx.a(servreg-hack.o) (list_init)
contiki-srf06-cc26xx.a(memb.o)
                              contiki-srf06-cc26xx.a(servreg-hack.o) (memb_init)
contiki-srf06-cc26xx.a(uip-ds6.o)
                              unicast-receiver.co (uip_ds6_addr_lookup)
contiki-srf06-cc26xx.a(uip-ds6-route.o)
                              contiki-srf06-cc26xx.a(uip-ds6.o) (uip_ds6_route_init)
contiki-srf06-cc26xx.a(uip6.o)
                              contiki-srf06-cc26xx.a(servreg-hack.o) (uip_appdata)
contiki-srf06-cc26xx.a(uip-ds6-nbr.o)
                              contiki-srf06-cc26xx.a(uip-ds6.o) (uip_ds6_neighbors_init)
contiki-srf06-cc26xx.a(uip-nd6.o)
                              contiki-srf06-cc26xx.a(uip6.o) (uip_nd6_init)
contiki-srf06-cc26xx.a(sicslowpan.o)
                              contiki-srf06-cc26xx.a(contiki-main.o) (sicslowpan_driver)
contiki-srf06-cc26xx.a(uip-debug.o)
[...]
Memory Configuration

Name             Origin             Length             Attributes
FLASH            0x0000000000000000 0x000000000001ffa8 xr
FLASH_CCFG       0x000000000001ffa8 0x0000000000000058 xr
SRAM             0x0000000020000000 0x0000000000005000 xrw
GPRAM            0x0000000011000000 0x0000000000002000 xrw
*default*        0x0000000000000000 0xffffffffffffffff

Linker script and memory map

LOAD obj_srf06-cc26xx/fault-handlers.o
LOAD obj_srf06-cc26xx/ccfg.o
LOAD obj_srf06-cc26xx/startup_gcc.o
LOAD unicast-receiver.co
LOAD contiki-srf06-cc26xx.a
LOAD /usr/lib/gcc/arm-none-eabi/6.3.1/../../../arm-none-eabi/lib/libm.a
START GROUP
LOAD /usr/lib/gcc/arm-none-eabi/6.3.1/thumb/v7-m/libgcc.a
LOAD /usr/lib/gcc/arm-none-eabi/6.3.1/../../../arm-none-eabi/lib/libc.a
END GROUP
                0x0000000020005000                _estack = (ORIGIN (SRAM) + LENGTH (SRAM))
                0x0000000000000000                _Min_Heap_Size = 0x0
                0x0000000000000100                _Min_Stack_Size = 0x100

.text           0x0000000000000000     0xe47c
                0x0000000000000000                _text = .
 *(SORT(.vectors))
 .vectors       0x0000000000000000       0xc8 obj_srf06-cc26xx/startup_gcc.o
                0x0000000000000000                g_pfnVectors
 *(SORT(.text*))
 .text.FaultISR
                0x00000000000000c8       0x18 obj_srf06-cc26xx/fault-handlers.o
                0x00000000000000c8                FaultISR
 .text.NmiSRHandler
                0x00000000000000e0        0x4 obj_srf06-cc26xx/startup_gcc.o
                0x00000000000000e0                NmiSR
 .text.IntDefaultHandler
                0x00000000000000e4        0x4 obj_srf06-cc26xx/startup_gcc.o
                0x00000000000000e4                SSI0IntHandler
                0x00000000000000e4                SWEvent0IntHandler
                0x00000000000000e4                uDMAIntHandler
                0x00000000000000e4                WatchdogIntHandler
                0x00000000000000e4                RFCHardwareIntHandler
                0x00000000000000e4                Timer1BIntHandler
                0x00000000000000e4                I2SIntHandler
                0x00000000000000e4                Timer2BIntHandler
                0x00000000000000e4                Timer2AIntHandler
                0x00000000000000e4                Timer1AIntHandler
                0x00000000000000e4                AONIntHandler
                0x00000000000000e4                AUXSWEvent0IntHandler
                0x00000000000000e4                AUXADCIntHandler
                0x00000000000000e4                PendSVIntHandler
                0x00000000000000e4                AUXSWEvent1IntHandler
                0x00000000000000e4                SVCallIntHandler
                0x00000000000000e4                MPUFaultIntHandler
                0x00000000000000e4                SysTickIntHandler
                0x00000000000000e4                BusFaultIntHandler
                0x00000000000000e4                AONProgIntHandler
                0x00000000000000e4                AUXCompAIntHandler
                0x00000000000000e4                SSI1IntHandler
                0x00000000000000e4                FlashIntHandler
                0x00000000000000e4                uDMAErrIntHandler
                0x00000000000000e4                UsageFaultIntHandler
                0x00000000000000e4                RFCCmdAckIntHandler
                0x00000000000000e4                CryptoIntHandler
                0x00000000000000e4                Timer0AIntHandler
                0x00000000000000e4                I2CIntHandler
                0x00000000000000e4                DebugMonIntHandler
                0x00000000000000e4                Timer0BIntHandler
                0x00000000000000e4                AUXCombEventIntHandler
                0x00000000000000e4                Timer3AIntHandler
                0x00000000000000e4                DynProgIntHandler
                0x00000000000000e4                Timer3BIntHandler
 .text.ResetISR
                0x00000000000000e8       0x58 obj_srf06-cc26xx/startup_gcc.o
                0x00000000000000e8                ResetISR
 .text.receiver
                0x0000000000000140       0x38 unicast-receiver.co
 .text.process_thread_unicast_receiver_process
                0x0000000000000178       0xec unicast-receiver.co
 .text.purge_registrations
                0x0000000000000264       0x98 contiki-srf06-cc26xx.a(servreg-hack.o)
 .text.servreg_hack_init.part.0
                0x00000000000002fc       0x38 contiki-srf06-cc26xx.a(servreg-hack.o)
 .text.process_thread_servreg_hack_process
                0x0000000000000334      0x290 contiki-srf06-cc26xx.a(servreg-hack.o)
 .text.servreg_hack_init
                0x00000000000005c4       0x10 contiki-srf06-cc26xx.a(servreg-hack.o)
                0x00000000000005c4                servreg_hack_init
 .text.servreg_hack_register
                0x00000000000005d4       0xb8 contiki-srf06-cc26xx.a(servreg-hack.o)
                0x00000000000005d4                servreg_hack_register
 .text.fade     0x000000000000068c       0x64 contiki-srf06-cc26xx.a(contiki-main.o)
 .text.startup.main
                0x00000000000006f0      0x24c contiki-srf06-cc26xx.a(contiki-main.o)
                0x00000000000006f0                main
 .text.process_thread_sensors_process
                0x000000000000093c       0xf8 contiki-srf06-cc26xx.a(sensors.o)
 .text.sensors_changed
                0x0000000000000a34       0x4c contiki-srf06-cc26xx.a(sensors.o)
                0x0000000000000a34                sensors_changed
 .text.leds_init
                0x0000000000000a80       0x14 contiki-srf06-cc26xx.a(leds.o)
                0x0000000000000a80                leds_init
 .text.leds_on  0x0000000000000a94       0x14 contiki-srf06-cc26xx.a(leds.o)
                0x0000000000000a94                leds_on
 .text.leds_off
                0x0000000000000aa8       0x14 contiki-srf06-cc26xx.a(leds.o)
                0x0000000000000aa8                leds_off
 .text.wakeup_handler
                0x0000000000000abc       0x20 contiki-srf06-cc26xx.a(board.o)
 .text.board_init
                0x0000000000000adc       0x8c contiki-srf06-cc26xx.a(board.o)
                0x0000000000000adc                board_init
 .text.leds_arch_init
                0x0000000000000b68       0x34 contiki-srf06-cc26xx.a(leds-arch.o)
                0x0000000000000b68                leds_arch_init
 .text.leds_arch_set
                0x0000000000000b9c       0x2c contiki-srf06-cc26xx.a(leds-arch.o)
                0x0000000000000b9c                leds_arch_set
 .text.status.part.0
                0x0000000000000bc8       0x14 contiki-srf06-cc26xx.a(button-sensor.o)
 .text.value_left
                0x0000000000000bdc       0x24 contiki-srf06-cc26xx.a(button-sensor.o)
 .text.value_right
                0x0000000000000c00       0x18 contiki-srf06-cc26xx.a(button-sensor.o)
 .text.status_left
                0x0000000000000c18       0x10 contiki-srf06-cc26xx.a(button-sensor.o)
 .text.status_right
                0x0000000000000c28       0x10 contiki-srf06-cc26xx.a(button-sensor.o)
 .text.config_buttons
                0x0000000000000c38       0x84 contiki-srf06-cc26xx.a(button-sensor.o)
 .text.config_left
                0x0000000000000cbc        0xc contiki-srf06-cc26xx.a(button-sensor.o)
 .text.config_right
                0x0000000000000cc8        0xc contiki-srf06-cc26xx.a(button-sensor.o)
 .text.button_press_handler
                0x0000000000000cd4       0x64 contiki-srf06-cc26xx.a(button-sensor.o)
 .text.verify_part
                0x0000000000000d38       0x80 contiki-srf06-cc26xx.a(ext-flash.o)
 .text.wait_ready
                0x0000000000000db8       0x58 contiki-srf06-cc26xx.a(ext-flash.o)
 .text.power_down
                0x0000000000000e10       0x50 contiki-srf06-cc26xx.a(ext-flash.o)
 .text.ext_flash_open
                0x0000000000000e60       0x60 contiki-srf06-cc26xx.a(ext-flash.o)
                0x0000000000000e60                ext_flash_open
 .text.ext_flash_init
                0x0000000000000ec0       0x14 contiki-srf06-cc26xx.a(ext-flash.o)
                0x0000000000000ec0                ext_flash_init
 .text.accessible
                0x0000000000000ed4       0x24 contiki-srf06-cc26xx.a(board-spi.o)
 .text.board_spi_write
                0x0000000000000ef8       0x40 contiki-srf06-cc26xx.a(board-spi.o)
                0x0000000000000ef8                board_spi_write
 .text.board_spi_read
                0x0000000000000f38       0x4c contiki-srf06-cc26xx.a(board-spi.o)
                0x0000000000000f38                board_spi_read
 .text.board_spi_flush
                0x0000000000000f84       0x24 contiki-srf06-cc26xx.a(board-spi.o)
                0x0000000000000f84                board_spi_flush
 .text.board_spi_open
                0x0000000000000fa8       0xb8 contiki-srf06-cc26xx.a(board-spi.o)
                0x0000000000000fa8                board_spi_open
 .text.board_spi_close
                0x0000000000001060       0x70 contiki-srf06-cc26xx.a(board-spi.o)
                0x0000000000001060                board_spi_close
 .text.power_domain_on
                0x00000000000010d0       0x20 contiki-srf06-cc26xx.a(clock.o)
 .text.clock_init
                0x00000000000010f0       0x98 contiki-srf06-cc26xx.a(clock.o)
                0x00000000000010f0                clock_init
 .text.clock_time
                0x0000000000001188       0x34 contiki-srf06-cc26xx.a(clock.o)
                0x0000000000001188                clock_time
 .text.clock_update
                0x00000000000011bc       0x3c contiki-srf06-cc26xx.a(clock.o)
                0x00000000000011bc                clock_update
 .text.clock_seconds
                0x00000000000011f8       0x18 contiki-srf06-cc26xx.a(clock.o)
                0x00000000000011f8                clock_seconds
 .text.soc_rtc_init
                0x0000000000001210       0xa0 contiki-srf06-cc26xx.a(soc-rtc.o)
                0x0000000000001210                soc_rtc_init
 .text.soc_rtc_schedule_one_shot
                0x00000000000012b0       0x6c contiki-srf06-cc26xx.a(soc-rtc.o)
                0x00000000000012b0                soc_rtc_schedule_one_shot
 .text.soc_rtc_last_isr_time
                0x000000000000131c        0xc contiki-srf06-cc26xx.a(soc-rtc.o)
                0x000000000000131c                soc_rtc_last_isr_time
 .text.AONRTCIntHandler
                0x0000000000001328       0x88 contiki-srf06-cc26xx.a(soc-rtc.o)
                0x0000000000001328                AONRTCIntHandler
 .text.watchdog_init
                0x00000000000013b0       0x1c contiki-srf06-cc26xx.a(contiki-watchdo)
                0x00000000000013b0                watchdog_init
 .text.watchdog_start
                0x00000000000013cc       0x68 contiki-srf06-cc26xx.a(contiki-watchdo)
                0x00000000000013cc                watchdog_start
 .text.watchdog_periodic
                0x0000000000001434       0x1c contiki-srf06-cc26xx.a(contiki-watchdo)
                0x0000000000001434                watchdog_periodic
 .text.putchar  0x0000000000001450       0x10 contiki-srf06-cc26xx.a(putchar.o)
                0x0000000000001450                putchar
 .text.puts     0x0000000000001460       0x30 contiki-srf06-cc26xx.a(putchar.o)
                0x0000000000001460                puts
 .text.dbg_send_bytes
                0x0000000000001490       0x40 contiki-srf06-cc26xx.a(putchar.o)
                0x0000000000001490                dbg_send_bytes
 .text.ieee_addr_cpy_to
                0x00000000000014d0       0x40 contiki-srf06-cc26xx.a(ieee-addr.o)
                0x00000000000014d0                ieee_addr_cpy_to
 .text.power_and_clock
                0x0000000000001510       0x40 contiki-srf06-cc26xx.a(cc26xx-uart.o)
 .text.enable   0x0000000000001550       0xf0 contiki-srf06-cc26xx.a(cc26xx-uart.o)
 .text.accessible
                0x0000000000001640       0x24 contiki-srf06-cc26xx.a(cc26xx-uart.o)
 .text.lpm_drop_handler
                0x0000000000001664       0xc8 contiki-srf06-cc26xx.a(cc26xx-uart.o)
 .text.cc26xx_uart_init
                0x000000000000172c       0x28 contiki-srf06-cc26xx.a(cc26xx-uart.o)
                0x000000000000172c                cc26xx_uart_init
 .text.cc26xx_uart_write_byte
                0x0000000000001754       0x28 contiki-srf06-cc26xx.a(cc26xx-uart.o)
                0x0000000000001754                cc26xx_uart_write_byte
 .text.cc26xx_uart_busy
                0x000000000000177c       0x18 contiki-srf06-cc26xx.a(cc26xx-uart.o)
                0x000000000000177c                cc26xx_uart_busy
 .text.UART0IntHandler
                0x0000000000001794       0x58 contiki-srf06-cc26xx.a(cc26xx-uart.o)
                0x0000000000001794                UART0IntHandler
 .text.lpm_shutdown
                0x00000000000017ec      0x198 contiki-srf06-cc26xx.a(lpm.o)
                0x00000000000017ec                lpm_shutdown
 .text.lpm_sleep
                0x0000000000001984       0x14 contiki-srf06-cc26xx.a(lpm.o)
                0x0000000000001984                lpm_sleep
 .text.lpm_drop
                0x0000000000001998      0x24c contiki-srf06-cc26xx.a(lpm.o)
                0x0000000000001998                lpm_drop
 .text.lpm_register_module
                0x0000000000001be4        0xc contiki-srf06-cc26xx.a(lpm.o)
                0x0000000000001be4                lpm_register_module
 .text.lpm_unregister_module
                0x0000000000001bf0        0xc contiki-srf06-cc26xx.a(lpm.o)
                0x0000000000001bf0                lpm_unregister_module
 .text.lpm_init
                0x0000000000001bfc       0x20 contiki-srf06-cc26xx.a(lpm.o)
                0x0000000000001bfc                lpm_init
 .text.lpm_pin_set_default_state
                0x0000000000001c1c       0x2c contiki-srf06-cc26xx.a(lpm.o)
                0x0000000000001c1c                lpm_pin_set_default_state
 .text.gpio_interrupt_register_handler
                0x0000000000001c48       0x2c contiki-srf06-cc26xx.a(gpio-interrupt.)
                0x0000000000001c48                gpio_interrupt_register_handler
 .text.gpio_interrupt_init
                0x0000000000001c74       0x24 contiki-srf06-cc26xx.a(gpio-interrupt.)
                0x0000000000001c74                gpio_interrupt_init
 .text.GPIOIntHandler
                0x0000000000001c98       0x30 contiki-srf06-cc26xx.a(gpio-interrupt.)
                0x0000000000001c98                GPIOIntHandler
 .text.oscillators_select_lf_xosc
                0x0000000000001cc8       0x50 contiki-srf06-cc26xx.a(oscillators.o)
                0x0000000000001cc8                oscillators_select_lf_xosc
 .text.oscillators_select_lf_rcosc
                0x0000000000001d18       0x3c contiki-srf06-cc26xx.a(oscillators.o)
                0x0000000000001d18                oscillators_select_lf_rcosc
 .text.oscillators_request_hf_xosc
                0x0000000000001d54       0x30 contiki-srf06-cc26xx.a(oscillators.o)
                0x0000000000001d54                oscillators_request_hf_xosc
 .text.oscillators_switch_to_hf_xosc
                0x0000000000001d84       0x34 contiki-srf06-cc26xx.a(oscillators.o)
                0x0000000000001d84                oscillators_switch_to_hf_xosc
 .text.oscillators_switch_to_hf_rc
                0x0000000000001db8       0x38 contiki-srf06-cc26xx.a(oscillators.o)
                0x0000000000001db8                oscillators_switch_to_hf_rc
 .text.request  0x0000000000001df0       0x20 contiki-srf06-cc26xx.a(ieee-mode.o)
 .text.rx_on    0x0000000000001e10       0x5c contiki-srf06-cc26xx.a(ieee-mode.o)
 .text.rf_radio_setup
                0x0000000000001e6c       0x60 contiki-srf06-cc26xx.a(ieee-mode.o)
 .text.soft_on  0x0000000000001ecc       0x18 contiki-srf06-cc26xx.a(ieee-mode.o)
 .text.pending_packet
                0x0000000000001ee4       0x48 contiki-srf06-cc26xx.a(ieee-mode.o)
 .text.prepare  0x0000000000001f2c       0x1c contiki-srf06-cc26xx.a(ieee-mode.o)
 .text.soft_off
                0x0000000000001f48       0x44 contiki-srf06-cc26xx.a(ieee-mode.o)
 .text.get_object
                0x0000000000001f8c       0x48 contiki-srf06-cc26xx.a(ieee-mode.o)
 .text.transmitting.part.1
                0x0000000000001fd4       0x40 contiki-srf06-cc26xx.a(ieee-mode.o)
 .text.rx_off   0x0000000000002014       0x74 contiki-srf06-cc26xx.a(ieee-mode.o)
 .text.set_object
                0x0000000000002088       0x60 contiki-srf06-cc26xx.a(ieee-mode.o)
 .text.get_cca_info
                0x00000000000020e8       0x50 contiki-srf06-cc26xx.a(ieee-mode.o)
 .text.check_rat_overflow
                0x0000000000002138       0x7c contiki-srf06-cc26xx.a(ieee-mode.o)
 .text.receiving_packet
                0x00000000000021b4       0x3c contiki-srf06-cc26xx.a(ieee-mode.o)
 .text.off.part.7
                0x00000000000021f0       0x6c contiki-srf06-cc26xx.a(ieee-mode.o)
 .text.off      0x000000000000225c       0x14 contiki-srf06-cc26xx.a(ieee-mode.o)
 .text.on       0x0000000000002270       0xa8 contiki-srf06-cc26xx.a(ieee-mode.o)
 .text.set_value
                0x0000000000002318      0x17c contiki-srf06-cc26xx.a(ieee-mode.o)
 .text.get_value
                0x0000000000002494      0x190 contiki-srf06-cc26xx.a(ieee-mode.o)
 .text.transmit
                0x0000000000002624      0x104 contiki-srf06-cc26xx.a(ieee-mode.o)
 .text.send     0x0000000000002728       0x24 contiki-srf06-cc26xx.a(ieee-mode.o)
 .text.channel_clear
                0x000000000000274c       0x84 contiki-srf06-cc26xx.a(ieee-mode.o)
 .text.read_frame
                0x00000000000027d0      0x18c contiki-srf06-cc26xx.a(ieee-mode.o)
 .text.handle_rat_overflow
                0x000000000000295c       0x68 contiki-srf06-cc26xx.a(ieee-mode.o)
 .text.init     0x00000000000029c4      0x114 contiki-srf06-cc26xx.a(ieee-mode.o)
 .text.random_rand
                0x0000000000002ad8        0xc contiki-srf06-cc26xx.a(random.o)
                0x0000000000002ad8                random_rand
 .text.random_init
                0x0000000000002ae4        0x4 contiki-srf06-cc26xx.a(random.o)
                0x0000000000002ae4                random_init
 .text.power_up
                0x0000000000002ae8       0x40 contiki-srf06-cc26xx.a(soc-trng.o)
 .text.request  0x0000000000002b28       0x14 contiki-srf06-cc26xx.a(soc-trng.o)
 .text.process_thread_soc_trng_process
                0x0000000000002b3c       0x94 contiki-srf06-cc26xx.a(soc-trng.o)
 .text.accessible
                0x0000000000002bd0       0x24 contiki-srf06-cc26xx.a(soc-trng.o)
 .text.soc_trng_rand_synchronous
                0x0000000000002bf4       0xc4 contiki-srf06-cc26xx.a(soc-trng.o)
                0x0000000000002bf4                soc_trng_rand_synchronous
 .text.TRNGIntHandler
                0x0000000000002cb8       0x50 contiki-srf06-cc26xx.a(soc-trng.o)
                0x0000000000002cb8                TRNGIntHandler
 .text.soc_trng_init
                0x0000000000002d08       0x28 contiki-srf06-cc26xx.a(soc-trng.o)
                0x0000000000002d08                soc_trng_init
 .text.write_str
                0x0000000000002d30       0x14 contiki-srf06-cc26xx.a(dbg-printf.o)
 .text.printf   0x0000000000002d44       0x24 contiki-srf06-cc26xx.a(dbg-printf.o)
                0x0000000000002d44                printf
 .text.fill_space
                0x0000000000002d68       0x3c contiki-srf06-cc26xx.a(strformat.o)
 .text.format_str_v
                0x0000000000002da4      0x8d8 contiki-srf06-cc26xx.a(strformat.o)
                0x0000000000002da4                format_str_v
 .text.autostart_start
                0x000000000000367c       0x18 contiki-srf06-cc26xx.a(autostart.o)
                0x000000000000367c                autostart_start
 .text.energest_init
                0x0000000000003694        0x4 contiki-srf06-cc26xx.a(energest.o)
                0x0000000000003694                energest_init
 .text.update_time
                0x0000000000003698       0x44 contiki-srf06-cc26xx.a(etimer.o)
 .text.process_thread_etimer_process
                0x00000000000036dc       0xcc contiki-srf06-cc26xx.a(etimer.o)
 .text.add_timer
                0x00000000000037a8       0x54 contiki-srf06-cc26xx.a(etimer.o)
 .text.etimer_request_poll
                0x00000000000037fc        0xc contiki-srf06-cc26xx.a(etimer.o)
                0x00000000000037fc                etimer_request_poll
 .text.etimer_set
                0x0000000000003808       0x14 contiki-srf06-cc26xx.a(etimer.o)
                0x0000000000003808                etimer_set
 .text.etimer_reset
                0x000000000000381c       0x14 contiki-srf06-cc26xx.a(etimer.o)
                0x000000000000381c                etimer_reset
 .text.etimer_restart
                0x0000000000003830       0x14 contiki-srf06-cc26xx.a(etimer.o)
                0x0000000000003830                etimer_restart
 .text.etimer_expired
                0x0000000000003844        0xc contiki-srf06-cc26xx.a(etimer.o)
                0x0000000000003844                etimer_expired
 .text.etimer_expiration_time
                0x0000000000003850        0x8 contiki-srf06-cc26xx.a(etimer.o)
                0x0000000000003850                etimer_expiration_time
 .text.etimer_pending
                0x0000000000003858       0x10 contiki-srf06-cc26xx.a(etimer.o)
                0x0000000000003858                etimer_pending
 .text.etimer_next_expiration_time
                0x0000000000003868       0x14 contiki-srf06-cc26xx.a(etimer.o)
                0x0000000000003868                etimer_next_expiration_time
 .text.etimer_stop
                0x000000000000387c       0x44 contiki-srf06-cc26xx.a(etimer.o)
                0x000000000000387c                etimer_stop
 .text.process_thread_ctimer_process
                0x00000000000038c0       0x94 contiki-srf06-cc26xx.a(ctimer.o)
 .text.ctimer_init
                0x0000000000003954       0x28 contiki-srf06-cc26xx.a(ctimer.o)
                0x0000000000003954                ctimer_init
 .text.ctimer_set_with_process
                0x000000000000397c       0x4c contiki-srf06-cc26xx.a(ctimer.o)
                0x000000000000397c                ctimer_set_with_process
 .text.ctimer_set
                0x00000000000039c8       0x18 contiki-srf06-cc26xx.a(ctimer.o)
                0x00000000000039c8                ctimer_set
 .text.ctimer_reset
                0x00000000000039e0       0x38 contiki-srf06-cc26xx.a(ctimer.o)
                0x00000000000039e0                ctimer_reset
 .text.ctimer_restart
                0x0000000000003a18       0x38 contiki-srf06-cc26xx.a(ctimer.o)
                0x0000000000003a18                ctimer_restart
 .text.ctimer_stop
                0x0000000000003a50       0x34 contiki-srf06-cc26xx.a(ctimer.o)
                0x0000000000003a50                ctimer_stop
 .text.exit_process
                0x0000000000003a84       0xa8 contiki-srf06-cc26xx.a(process.o)
 .text.call_process.part.0
                0x0000000000003b2c       0x38 contiki-srf06-cc26xx.a(process.o)
 .text.do_poll  0x0000000000003b64       0x3c contiki-srf06-cc26xx.a(process.o)
 .text.process_alloc_event
                0x0000000000003ba0       0x10 contiki-srf06-cc26xx.a(process.o)
                0x0000000000003ba0                process_alloc_event
 .text.process_start
                0x0000000000003bb0       0x48 contiki-srf06-cc26xx.a(process.o)
                0x0000000000003bb0                process_start
 .text.process_init
                0x0000000000003bf8       0x34 contiki-srf06-cc26xx.a(process.o)
                0x0000000000003bf8                process_init
 .text.process_run
                0x0000000000003c2c       0xa8 contiki-srf06-cc26xx.a(process.o)
                0x0000000000003c2c                process_run
 .text.process_nevents
                0x0000000000003cd4       0x14 contiki-srf06-cc26xx.a(process.o)
                0x0000000000003cd4                process_nevents
 .text.process_post
                0x0000000000003ce8       0x40 contiki-srf06-cc26xx.a(process.o)
                0x0000000000003ce8                process_post
 .text.process_post_synch
                0x0000000000003d28       0x18 contiki-srf06-cc26xx.a(process.o)
                0x0000000000003d28                process_post_synch
 .text.process_poll
                0x0000000000003d40       0x18 contiki-srf06-cc26xx.a(process.o)
                0x0000000000003d40                process_poll
 .text.rtimer_init
                0x0000000000003d58        0x4 contiki-srf06-cc26xx.a(rtimer.o)
                0x0000000000003d58                rtimer_init
 .text.rtimer_set
                0x0000000000003d5c       0x2c contiki-srf06-cc26xx.a(rtimer.o)
                0x0000000000003d5c                rtimer_set
 .text.rtimer_run_next
                0x0000000000003d88       0x28 contiki-srf06-cc26xx.a(rtimer.o)
                0x0000000000003d88                rtimer_run_next
 .text.timer_set
                0x0000000000003db0       0x10 contiki-srf06-cc26xx.a(timer.o)
                0x0000000000003db0                timer_set
 .text.timer_reset
                0x0000000000003dc0        0xc contiki-srf06-cc26xx.a(timer.o)
                0x0000000000003dc0                timer_reset
 .text.timer_restart
                0x0000000000003dcc        0xc contiki-srf06-cc26xx.a(timer.o)
                0x0000000000003dcc                timer_restart
 .text.timer_expired
                0x0000000000003dd8       0x1c contiki-srf06-cc26xx.a(timer.o)
                0x0000000000003dd8                timer_expired
 .text.process_thread_serial_line_process
                0x0000000000003df4       0xa8 contiki-srf06-cc26xx.a(serial-line.o)
 .text.serial_line_init
                0x0000000000003e9c       0x24 contiki-srf06-cc26xx.a(serial-line.o)
                0x0000000000003e9c                serial_line_init
 .text.ringbuf_init
                0x0000000000003ec0       0x10 contiki-srf06-cc26xx.a(ringbuf.o)
                0x0000000000003ec0                ringbuf_init
 .text.ringbuf_get
                0x0000000000003ed0       0x24 contiki-srf06-cc26xx.a(ringbuf.o)
                0x0000000000003ed0                ringbuf_get
 .text.list_init
                0x0000000000003ef4        0x8 contiki-srf06-cc26xx.a(list.o)
                0x0000000000003ef4                list_init
 .text.list_head
                0x0000000000003efc        0x4 contiki-srf06-cc26xx.a(list.o)
                0x0000000000003efc                list_head
 .text.list_add
                0x0000000000003f00       0x58 contiki-srf06-cc26xx.a(list.o)
                0x0000000000003f00                list_add
 .text.list_push
                0x0000000000003f58       0x44 contiki-srf06-cc26xx.a(list.o)
                0x0000000000003f58                list_push
 .text.list_remove
                0x0000000000003f9c       0x38 contiki-srf06-cc26xx.a(list.o)
                0x0000000000003f9c                list_remove
 .text.list_length
                0x0000000000003fd4       0x14 contiki-srf06-cc26xx.a(list.o)
                0x0000000000003fd4                list_length
 .text.list_item_next
                0x0000000000003fe8        0x8 contiki-srf06-cc26xx.a(list.o)
                0x0000000000003fe8                list_item_next
 .text.memb_init
                0x0000000000003ff0       0x24 contiki-srf06-cc26xx.a(memb.o)
                0x0000000000003ff0                memb_init
 .text.memb_alloc
                0x0000000000004014       0x3c contiki-srf06-cc26xx.a(memb.o)
                0x0000000000004014                memb_alloc
 .text.memb_free
                0x0000000000004050       0x40 contiki-srf06-cc26xx.a(memb.o)
                0x0000000000004050                memb_free
 .text.memb_inmemb
                0x0000000000004090       0x1c contiki-srf06-cc26xx.a(memb.o)
                0x0000000000004090                memb_inmemb
 .text.memb_numfree
                0x00000000000040ac       0x20 contiki-srf06-cc26xx.a(memb.o)
                0x00000000000040ac                memb_numfree
 .text.uip_ds6_list_loop
                0x00000000000040cc       0x58 contiki-srf06-cc26xx.a(uip-ds6.o)
                0x00000000000040cc                uip_ds6_list_loop
 .text.uip_ds6_prefix_add
                0x0000000000004124       0x6c contiki-srf06-cc26xx.a(uip-ds6.o)
                0x0000000000004124                uip_ds6_prefix_add
 .text.uip_ds6_is_addr_onlink
                0x0000000000004190       0x40 contiki-srf06-cc26xx.a(uip-ds6.o)
                0x0000000000004190                uip_ds6_is_addr_onlink
 .text.uip_ds6_addr_lookup
                0x00000000000041d0       0x30 contiki-srf06-cc26xx.a(uip-ds6.o)
                0x00000000000041d0                uip_ds6_addr_lookup
 .text.uip_ds6_get_link_local
                0x0000000000004200       0x50 contiki-srf06-cc26xx.a(uip-ds6.o)
                0x0000000000004200                uip_ds6_get_link_local
 .text.uip_ds6_maddr_add
                0x0000000000004250       0x50 contiki-srf06-cc26xx.a(uip-ds6.o)
                0x0000000000004250                uip_ds6_maddr_add
 .text.uip_ds6_addr_add
                0x00000000000042a0       0xa8 contiki-srf06-cc26xx.a(uip-ds6.o)
                0x00000000000042a0                uip_ds6_addr_add
 .text.uip_ds6_maddr_lookup
                0x0000000000004348       0x30 contiki-srf06-cc26xx.a(uip-ds6.o)
                0x0000000000004348                uip_ds6_maddr_lookup
 .text.uip_ds6_addr_rm
                0x0000000000004378       0x48 contiki-srf06-cc26xx.a(uip-ds6.o)
                0x0000000000004378                uip_ds6_addr_rm
 .text.uip_ds6_periodic
                0x00000000000043c0       0x5c contiki-srf06-cc26xx.a(uip-ds6.o)
                0x00000000000043c0                uip_ds6_periodic
 .text.uip_ds6_select_src
                0x000000000000441c      0x118 contiki-srf06-cc26xx.a(uip-ds6.o)
                0x000000000000441c                uip_ds6_select_src
 .text.uip_ds6_set_addr_iid
                0x0000000000004534       0x14 contiki-srf06-cc26xx.a(uip-ds6.o)
                0x0000000000004534                uip_ds6_set_addr_iid
 .text.uip_ds6_compute_reachable_time
                0x0000000000004548       0x2c contiki-srf06-cc26xx.a(uip-ds6.o)
                0x0000000000004548                uip_ds6_compute_reachable_time
 .text.uip_ds6_init
                0x0000000000004574       0xf4 contiki-srf06-cc26xx.a(uip-ds6.o)
                0x0000000000004574                uip_ds6_init
 .text.call_route_callback
                0x0000000000004668       0x54 contiki-srf06-cc26xx.a(uip-ds6-route.o)
 .text.uip_ds6_route_init
                0x00000000000046bc       0x4c contiki-srf06-cc26xx.a(uip-ds6-route.o)
                0x00000000000046bc                uip_ds6_route_init
 .text.uip_ds6_route_nexthop
                0x0000000000004708       0x1c contiki-srf06-cc26xx.a(uip-ds6-route.o)
                0x0000000000004708                uip_ds6_route_nexthop
 .text.uip_ds6_route_head
                0x0000000000004724        0xc contiki-srf06-cc26xx.a(uip-ds6-route.o)
                0x0000000000004724                uip_ds6_route_head
 .text.uip_ds6_route_next
                0x0000000000004730        0x8 contiki-srf06-cc26xx.a(uip-ds6-route.o)
                0x0000000000004730                uip_ds6_route_next
 .text.uip_ds6_route_is_nexthop
                0x0000000000004738       0x20 contiki-srf06-cc26xx.a(uip-ds6-route.o)
                0x0000000000004738                uip_ds6_route_is_nexthop
 .text.uip_ds6_route_lookup
                0x0000000000004758       0x78 contiki-srf06-cc26xx.a(uip-ds6-route.o)
                0x0000000000004758                uip_ds6_route_lookup
 .text.uip_ds6_route_rm
                0x00000000000047d0       0xac contiki-srf06-cc26xx.a(uip-ds6-route.o)
                0x00000000000047d0                uip_ds6_route_rm
 .text.rm_routelist
                0x000000000000487c       0x38 contiki-srf06-cc26xx.a(uip-ds6-route.o)
 .text.rm_routelist_callback
                0x00000000000048b4        0x4 contiki-srf06-cc26xx.a(uip-ds6-route.o)
 .text.uip_ds6_route_add
                0x00000000000048b8      0x114 contiki-srf06-cc26xx.a(uip-ds6-route.o)
                0x00000000000048b8                uip_ds6_route_add
 .text.uip_ds6_defrt_rm
                0x00000000000049cc       0x48 contiki-srf06-cc26xx.a(uip-ds6-route.o)
                0x00000000000049cc                uip_ds6_defrt_rm
 .text.uip_ds6_defrt_lookup
                0x0000000000004a14       0x38 contiki-srf06-cc26xx.a(uip-ds6-route.o)
                0x0000000000004a14                uip_ds6_defrt_lookup
 .text.uip_ds6_defrt_add
                0x0000000000004a4c       0x5c contiki-srf06-cc26xx.a(uip-ds6-route.o)
                0x0000000000004a4c                uip_ds6_defrt_add
 .text.uip_ds6_defrt_choose
                0x0000000000004aa8       0x34 contiki-srf06-cc26xx.a(uip-ds6-route.o)
                0x0000000000004aa8                uip_ds6_defrt_choose
 .text.uip_ds6_defrt_periodic
                0x0000000000004adc       0x44 contiki-srf06-cc26xx.a(uip-ds6-route.o)
                0x0000000000004adc                uip_ds6_defrt_periodic
 .text.chksum   0x0000000000004b20       0x50 contiki-srf06-cc26xx.a(uip6.o)
 .text.upper_layer_chksum
                0x0000000000004b70       0x58 contiki-srf06-cc26xx.a(uip6.o)
 .text.ext_hdr_options_process
                0x0000000000004bc8       0xe0 contiki-srf06-cc26xx.a(uip6.o)
 .text.uip_add32
                0x0000000000004ca8       0x58 contiki-srf06-cc26xx.a(uip6.o)
                0x0000000000004ca8                uip_add32
 .text.unlikely.uip_add_rcv_nxt
                0x0000000000004d00       0x2c contiki-srf06-cc26xx.a(uip6.o)
 .text.uip_icmp6chksum
                0x0000000000004d2c        0x8 contiki-srf06-cc26xx.a(uip6.o)
                0x0000000000004d2c                uip_icmp6chksum
 .text.uip_init
                0x0000000000004d34       0x5c contiki-srf06-cc26xx.a(uip6.o)
                0x0000000000004d34                uip_init
 .text.remove_ext_hdr
                0x0000000000004d90       0x54 contiki-srf06-cc26xx.a(uip6.o)
                0x0000000000004d90                remove_ext_hdr
 .text.uip_udp_new
                0x0000000000004de4       0x94 contiki-srf06-cc26xx.a(uip6.o)
                0x0000000000004de4                uip_udp_new
 .text.uip_unlisten
                0x0000000000004e78       0x28 contiki-srf06-cc26xx.a(uip6.o)
                0x0000000000004e78                uip_unlisten
 .text.uip_process
                0x0000000000004ea0     0x101c contiki-srf06-cc26xx.a(uip6.o)
                0x0000000000004ea0                uip_process
 .text.uip_htonl
                0x0000000000005ebc       0x1c contiki-srf06-cc26xx.a(uip6.o)
                0x0000000000005ebc                uip_htonl
 .text.uip_ds6_nbr_rm
                0x0000000000005ed8       0x20 contiki-srf06-cc26xx.a(uip-ds6-nbr.o)
                0x0000000000005ed8                uip_ds6_nbr_rm
 .text.uip_ds6_neighbors_init
                0x0000000000005ef8       0x1c contiki-srf06-cc26xx.a(uip-ds6-nbr.o)
                0x0000000000005ef8                uip_ds6_neighbors_init
 .text.uip_ds6_nbr_add
                0x0000000000005f14       0x38 contiki-srf06-cc26xx.a(uip-ds6-nbr.o)
                0x0000000000005f14                uip_ds6_nbr_add
 .text.uip_ds6_nbr_get_ll
                0x0000000000005f4c       0x10 contiki-srf06-cc26xx.a(uip-ds6-nbr.o)
                0x0000000000005f4c                uip_ds6_nbr_get_ll
 .text.uip_ds6_nbr_lookup
                0x0000000000005f5c       0x3c contiki-srf06-cc26xx.a(uip-ds6-nbr.o)
                0x0000000000005f5c                uip_ds6_nbr_lookup
 .text.uip_ds6_nbr_ipaddr_from_lladdr
                0x0000000000005f98       0x10 contiki-srf06-cc26xx.a(uip-ds6-nbr.o)
                0x0000000000005f98                uip_ds6_nbr_ipaddr_from_lladdr
 .text.uip_ds6_nbr_lladdr_from_ipaddr
                0x0000000000005fa8       0x1c contiki-srf06-cc26xx.a(uip-ds6-nbr.o)
                0x0000000000005fa8                uip_ds6_nbr_lladdr_from_ipaddr
 .text.uip_ds6_link_neighbor_callback
                0x0000000000005fc4       0x34 contiki-srf06-cc26xx.a(uip-ds6-nbr.o)
                0x0000000000005fc4                uip_ds6_link_neighbor_callback
 .text.ns_input
                0x0000000000005ff8      0x28c contiki-srf06-cc26xx.a(uip-nd6.o)
 .text.uip_nd6_init
                0x0000000000006284        0xc contiki-srf06-cc26xx.a(uip-nd6.o)
                0x0000000000006284                uip_nd6_init
 .text.sicslowpan_init
                0x0000000000006290       0x24 contiki-srf06-cc26xx.a(sicslowpan.o)
                0x0000000000006290                sicslowpan_init
 .text.compress_addr_64
                0x00000000000062b4       0x9c contiki-srf06-cc26xx.a(sicslowpan.o)
 .text.set_packet_attrs
                0x0000000000006350       0x50 contiki-srf06-cc26xx.a(sicslowpan.o)
 .text.addr_context_lookup_by_prefix
                0x00000000000063a0       0x28 contiki-srf06-cc26xx.a(sicslowpan.o)
 .text.send_packet
                0x00000000000063c8       0x24 contiki-srf06-cc26xx.a(sicslowpan.o)
 .text.packet_sent
                0x00000000000063ec       0x28 contiki-srf06-cc26xx.a(sicslowpan.o)
 .text.store_fragment
                0x0000000000006414       0x74 contiki-srf06-cc26xx.a(sicslowpan.o)
 .text.add_fragment
                0x0000000000006488      0x1b8 contiki-srf06-cc26xx.a(sicslowpan.o)
 .text.uncompress_addr
                0x0000000000006640       0xc4 contiki-srf06-cc26xx.a(sicslowpan.o)
 .text.input    0x0000000000006704      0x640 contiki-srf06-cc26xx.a(sicslowpan.o)
 .text.output   0x0000000000006d44      0x760 contiki-srf06-cc26xx.a(sicslowpan.o)
 .text.uip_debug_ipaddr_print
                0x00000000000074a4       0xbc contiki-srf06-cc26xx.a(uip-debug.o)
                0x00000000000074a4                uip_debug_ipaddr_print
 .text.uip_udp_packet_send
                0x0000000000007560       0x40 contiki-srf06-cc26xx.a(uip-udp-packet.)
                0x0000000000007560                uip_udp_packet_send
 .text.start_periodic_tcp_timer
                0x00000000000075a0       0x1c contiki-srf06-cc26xx.a(tcpip.o)
 .text.tcpip_set_outputfunc
                0x00000000000075bc        0xc contiki-srf06-cc26xx.a(tcpip.o)
                0x00000000000075bc                tcpip_set_outputfunc
 .text.udp_new  0x00000000000075c8       0x18 contiki-srf06-cc26xx.a(tcpip.o)
                0x00000000000075c8                udp_new
 .text.udp_broadcast_new
                0x00000000000075e0       0x50 contiki-srf06-cc26xx.a(tcpip.o)
                0x00000000000075e0                udp_broadcast_new
 .text.tcpip_icmp6_call
                0x0000000000007630       0x28 contiki-srf06-cc26xx.a(tcpip.o)
                0x0000000000007630                tcpip_icmp6_call
 .text.tcpip_input
                0x0000000000007658       0x24 contiki-srf06-cc26xx.a(tcpip.o)
                0x0000000000007658                tcpip_input
 .text.tcpip_ipv6_output
                0x000000000000767c       0xbc contiki-srf06-cc26xx.a(tcpip.o)
                0x000000000000767c                tcpip_ipv6_output
 .text.process_thread_tcpip_process
                0x0000000000007738      0x1cc contiki-srf06-cc26xx.a(tcpip.o)
 .text.tcpip_uipcall
                0x0000000000007904       0x70 contiki-srf06-cc26xx.a(tcpip.o)
                0x0000000000007904                tcpip_uipcall
 .text.process_thread_simple_udp_process
                0x0000000000007974       0xb0 contiki-srf06-cc26xx.a(simple-udp.o)
 .text.simple_udp_register
                0x0000000000007a24       0x78 contiki-srf06-cc26xx.a(simple-udp.o)
                0x0000000000007a24                simple_udp_register
 .text.rpl_set_preferred_parent
                0x0000000000007a9c       0x2c contiki-srf06-cc26xx.a(rpl-dag.o)
 .text.set_ip_from_prefix
                0x0000000000007ac8       0x24 contiki-srf06-cc26xx.a(rpl-dag.o)
 .text.check_prefix
                0x0000000000007aec       0x78 contiki-srf06-cc26xx.a(rpl-dag.o)
 .text.find_parent_any_dag_any_instance
                0x0000000000007b64       0x1c contiki-srf06-cc26xx.a(rpl-dag.o)
 .text.lollipop_greater_than
                0x0000000000007b80       0x3c contiki-srf06-cc26xx.a(rpl-dag.o)
 .text.rpl_dag_init
                0x0000000000007bbc       0x14 contiki-srf06-cc26xx.a(rpl-dag.o)
                0x0000000000007bbc                rpl_dag_init
 .text.rpl_get_parent
                0x0000000000007bd0       0x10 contiki-srf06-cc26xx.a(rpl-dag.o)
                0x0000000000007bd0                rpl_get_parent
 .text.rpl_rank_via_parent
                0x0000000000007be0       0x1c contiki-srf06-cc26xx.a(rpl-dag.o)
                0x0000000000007be0                rpl_rank_via_parent
 .text.rpl_get_parent_ipaddr
                0x0000000000007bfc       0x18 contiki-srf06-cc26xx.a(rpl-dag.o)
                0x0000000000007bfc                rpl_get_parent_ipaddr
 .text.rpl_get_parent_link_stats
                0x0000000000007c14       0x18 contiki-srf06-cc26xx.a(rpl-dag.o)
                0x0000000000007c14                rpl_get_parent_link_stats
 .text.best_parent
                0x0000000000007c2c       0x94 contiki-srf06-cc26xx.a(rpl-dag.o)
 .text.rpl_parent_is_fresh
                0x0000000000007cc0       0x10 contiki-srf06-cc26xx.a(rpl-dag.o)
                0x0000000000007cc0                rpl_parent_is_fresh
 .text.rpl_parent_is_reachable
                0x0000000000007cd0       0x3c contiki-srf06-cc26xx.a(rpl-dag.o)
                0x0000000000007cd0                rpl_parent_is_reachable
 .text.rpl_repair_root
                0x0000000000007d0c       0x58 contiki-srf06-cc26xx.a(rpl-dag.o)
                0x0000000000007d0c                rpl_repair_root
 .text.rpl_set_prefix
                0x0000000000007d64       0x94 contiki-srf06-cc26xx.a(rpl-dag.o)
                0x0000000000007d64                rpl_set_prefix
 .text.rpl_set_default_route
                0x0000000000007df8       0x30 contiki-srf06-cc26xx.a(rpl-dag.o)
                0x0000000000007df8                rpl_set_default_route
 .text.rpl_alloc_instance
                0x0000000000007e28       0x34 contiki-srf06-cc26xx.a(rpl-dag.o)
                0x0000000000007e28                rpl_alloc_instance
 .text.rpl_alloc_dag
                0x0000000000007e5c       0x5c contiki-srf06-cc26xx.a(rpl-dag.o)
                0x0000000000007e5c                rpl_alloc_dag
 .text.rpl_add_parent
                0x0000000000007eb8       0x30 contiki-srf06-cc26xx.a(rpl-dag.o)
                0x0000000000007eb8                rpl_add_parent
 .text.rpl_find_parent
                0x0000000000007ee8       0x18 contiki-srf06-cc26xx.a(rpl-dag.o)
                0x0000000000007ee8                rpl_find_parent
 .text.rpl_find_parent_any_dag
                0x0000000000007f00       0x20 contiki-srf06-cc26xx.a(rpl-dag.o)
                0x0000000000007f00                rpl_find_parent_any_dag
 .text.rpl_select_parent
                0x0000000000007f20       0x58 contiki-srf06-cc26xx.a(rpl-dag.o)
                0x0000000000007f20                rpl_select_parent
 .text.rpl_select_dag
                0x0000000000007f78      0x178 contiki-srf06-cc26xx.a(rpl-dag.o)
                0x0000000000007f78                rpl_select_dag
 .text.rpl_nullify_parent
                0x00000000000080f0       0x58 contiki-srf06-cc26xx.a(rpl-dag.o)
                0x00000000000080f0                rpl_nullify_parent
 .text.nbr_callback
                0x0000000000008148       0x1c contiki-srf06-cc26xx.a(rpl-dag.o)
 .text.remove_parents.constprop.6
                0x0000000000008164       0x48 contiki-srf06-cc26xx.a(rpl-dag.o)
 .text.rpl_free_dag
                0x00000000000081ac       0x3c contiki-srf06-cc26xx.a(rpl-dag.o)
                0x00000000000081ac                rpl_free_dag
 .text.rpl_set_root
                0x00000000000081e8      0x13c contiki-srf06-cc26xx.a(rpl-dag.o)
                0x00000000000081e8                rpl_set_root
 .text.rpl_move_parent
                0x0000000000008324       0x58 contiki-srf06-cc26xx.a(rpl-dag.o)
                0x0000000000008324                rpl_move_parent
 .text.rpl_get_dag
                0x000000000000837c       0x54 contiki-srf06-cc26xx.a(rpl-dag.o)
                0x000000000000837c                rpl_get_dag
 .text.rpl_get_any_dag
                0x00000000000083d0       0x18 contiki-srf06-cc26xx.a(rpl-dag.o)
                0x00000000000083d0                rpl_get_any_dag
 .text.rpl_get_instance
                0x00000000000083e8       0x20 contiki-srf06-cc26xx.a(rpl-dag.o)
                0x00000000000083e8                rpl_get_instance
 .text.rpl_join_instance
                0x0000000000008408      0x14c contiki-srf06-cc26xx.a(rpl-dag.o)
                0x0000000000008408                rpl_join_instance
 .text.rpl_local_repair
                0x0000000000008554       0x90 contiki-srf06-cc26xx.a(rpl-dag.o)
                0x0000000000008554                rpl_local_repair
 .text.rpl_process_parent_event
                0x00000000000085e4       0x9c contiki-srf06-cc26xx.a(rpl-dag.o)
                0x00000000000085e4                rpl_process_parent_event
 .text.rpl_add_dag
                0x0000000000008680      0x148 contiki-srf06-cc26xx.a(rpl-dag.o)
                0x0000000000008680                rpl_add_dag
 .text.rpl_recalculate_ranks
                0x00000000000087c8       0x50 contiki-srf06-cc26xx.a(rpl-dag.o)
                0x00000000000087c8                rpl_recalculate_ranks
 .text.rpl_process_dio
                0x0000000000008818      0x32c contiki-srf06-cc26xx.a(rpl-dag.o)
                0x0000000000008818                rpl_process_dio
 .text.new_dio_interval
                0x0000000000008b44       0x60 contiki-srf06-cc26xx.a(rpl-timers.o)
 .text.handle_periodic_timer
                0x0000000000008ba4       0x58 contiki-srf06-cc26xx.a(rpl-timers.o)
 .text.set_dao_lifetime_timer
                0x0000000000008bfc       0x48 contiki-srf06-cc26xx.a(rpl-timers.o)
 .text.handle_unicast_dio_timer
                0x0000000000008c44       0x1c contiki-srf06-cc26xx.a(rpl-timers.o)
 .text.handle_dio_timer
                0x0000000000008c60       0x8c contiki-srf06-cc26xx.a(rpl-timers.o)
 .text.schedule_dao
                0x0000000000008cec       0x54 contiki-srf06-cc26xx.a(rpl-timers.o)
 .text.handle_dao_timer
                0x0000000000008d40       0x5c contiki-srf06-cc26xx.a(rpl-timers.o)
 .text.rpl_reset_periodic_timer
                0x0000000000008d9c       0x3c contiki-srf06-cc26xx.a(rpl-timers.o)
                0x0000000000008d9c                rpl_reset_periodic_timer
 .text.rpl_reset_dio_timer
                0x0000000000008dd8       0x1c contiki-srf06-cc26xx.a(rpl-timers.o)
                0x0000000000008dd8                rpl_reset_dio_timer
 .text.rpl_schedule_dao
                0x0000000000008df4        0x8 contiki-srf06-cc26xx.a(rpl-timers.o)
                0x0000000000008df4                rpl_schedule_dao
 .text.rpl_schedule_unicast_dio_immediately
                0x0000000000008dfc       0x14 contiki-srf06-cc26xx.a(rpl-timers.o)
                0x0000000000008dfc                rpl_schedule_unicast_dio_immediately
 .text.get_probing_delay
                0x0000000000008e10       0x4c contiki-srf06-cc26xx.a(rpl-timers.o)
                0x0000000000008e10                get_probing_delay
 .text.get_probing_target
                0x0000000000008e5c       0xdc contiki-srf06-cc26xx.a(rpl-timers.o)
                0x0000000000008e5c                get_probing_target
 .text.rpl_schedule_probing
                0x0000000000008f38       0x20 contiki-srf06-cc26xx.a(rpl-timers.o)
                0x0000000000008f38                rpl_schedule_probing
 .text.handle_probing_timer
                0x0000000000008f58       0x34 contiki-srf06-cc26xx.a(rpl-timers.o)
 .text.update_hbh_header
                0x0000000000008f8c       0xd0 contiki-srf06-cc26xx.a(rpl-ext-header.)
 .text.insert_hbh_header.isra.0
                0x000000000000905c       0xb0 contiki-srf06-cc26xx.a(rpl-ext-header.)
 .text.rpl_verify_hbh_header
                0x000000000000910c       0xec contiki-srf06-cc26xx.a(rpl-ext-header.)
                0x000000000000910c                rpl_verify_hbh_header
 .text.rpl_remove_header
                0x00000000000091f8       0x78 contiki-srf06-cc26xx.a(rpl-ext-header.)
                0x00000000000091f8                rpl_remove_header
 .text.rpl_update_header
                0x0000000000009270       0x74 contiki-srf06-cc26xx.a(rpl-ext-header.)
                0x0000000000009270                rpl_update_header
 .text.rpl_get_mode
                0x00000000000092e4        0xc contiki-srf06-cc26xx.a(rpl.o)
                0x00000000000092e4                rpl_get_mode
 .text.rpl_purge_routes
                0x00000000000092f0       0x80 contiki-srf06-cc26xx.a(rpl.o)
                0x00000000000092f0                rpl_purge_routes
 .text.rpl_remove_routes
                0x0000000000009370       0x24 contiki-srf06-cc26xx.a(rpl.o)
                0x0000000000009370                rpl_remove_routes
 .text.rpl_remove_routes_by_nexthop
                0x0000000000009394       0x34 contiki-srf06-cc26xx.a(rpl.o)
                0x0000000000009394                rpl_remove_routes_by_nexthop
 .text.rpl_add_route
                0x00000000000093c8       0x38 contiki-srf06-cc26xx.a(rpl.o)
                0x00000000000093c8                rpl_add_route
 .text.rpl_link_neighbor_callback
                0x0000000000009400       0x60 contiki-srf06-cc26xx.a(rpl.o)
                0x0000000000009400                rpl_link_neighbor_callback
 .text.rpl_ipv6_neighbor_callback
                0x0000000000009460       0x30 contiki-srf06-cc26xx.a(rpl.o)
                0x0000000000009460                rpl_ipv6_neighbor_callback
 .text.rpl_purge_dags
                0x0000000000009490       0x60 contiki-srf06-cc26xx.a(rpl.o)
                0x0000000000009490                rpl_purge_dags
 .text.rpl_init
                0x00000000000094f0       0x4c contiki-srf06-cc26xx.a(rpl.o)
                0x00000000000094f0                rpl_init
 .text.reset    0x000000000000953c        0x4 contiki-srf06-cc26xx.a(rpl-mrhof.o)
 .text.update_metric_container
                0x0000000000009540        0x8 contiki-srf06-cc26xx.a(rpl-mrhof.o)
 .text.parent_link_metric
                0x0000000000009548       0x14 contiki-srf06-cc26xx.a(rpl-mrhof.o)
 .text.parent_has_usable_link
                0x000000000000955c       0x18 contiki-srf06-cc26xx.a(rpl-mrhof.o)
 .text.best_dag
                0x0000000000009574       0x30 contiki-srf06-cc26xx.a(rpl-mrhof.o)
 .text.parent_path_cost
                0x00000000000095a4       0x4c contiki-srf06-cc26xx.a(rpl-mrhof.o)
 .text.parent_is_acceptable
                0x00000000000095f0       0x34 contiki-srf06-cc26xx.a(rpl-mrhof.o)
 .text.rank_via_parent
                0x0000000000009624       0x3c contiki-srf06-cc26xx.a(rpl-mrhof.o)
 .text.best_parent
                0x0000000000009660       0x68 contiki-srf06-cc26xx.a(rpl-mrhof.o)
 .text.NOROM_TRNGConfigure
                0x00000000000096c8       0x38 contiki-srf06-cc26xx.a(trng.o)
                0x00000000000096c8                NOROM_TRNGConfigure
 .text.TrimAfterColdResetWakeupFromShutDown
                0x0000000000009700       0xe4 contiki-srf06-cc26xx.a(setup.o)
 .text.NOROM_SetupTrimDevice
                0x00000000000097e4       0xa4 contiki-srf06-cc26xx.a(setup.o)
                0x00000000000097e4                NOROM_SetupTrimDevice
 .text.NOROM_AONRTCCurrentCompareValueGet
                0x0000000000009888       0x24 contiki-srf06-cc26xx.a(aon_rtc.o)
                0x0000000000009888                NOROM_AONRTCCurrentCompareValueGet
 .text.SafeHapiVoid
                0x00000000000098ac       0x28 contiki-srf06-cc26xx.a(adi.o)
                0x00000000000098ac                SafeHapiVoid
 .text.NOROM_SysCtrlSetRechargeBeforePowerDown
                0x00000000000098d4      0x230 contiki-srf06-cc26xx.a(sys_ctrl.o)
                0x00000000000098d4                NOROM_SysCtrlSetRechargeBeforePowerDown
 .text.NOROM_SysCtrlAdjustRechargeAfterPowerDown
                0x0000000000009b04       0x68 contiki-srf06-cc26xx.a(sys_ctrl.o)
                0x0000000000009b04                NOROM_SysCtrlAdjustRechargeAfterPowerDown
 .text.NOROM_SysCtrl_DCDC_VoltageConditionalControl
                0x0000000000009b6c       0x7c contiki-srf06-cc26xx.a(sys_ctrl.o)
                0x0000000000009b6c                NOROM_SysCtrl_DCDC_VoltageConditionalControl
 .text.NOROM_ChipInfo_GetSupportedProtocol_BV
                0x0000000000009be8       0x10 contiki-srf06-cc26xx.a(chipinfo.o)
                0x0000000000009be8                NOROM_ChipInfo_GetSupportedProtocol_BV
 .text.NOROM_ChipInfo_GetChipFamily
                0x0000000000009bf8       0x4c contiki-srf06-cc26xx.a(chipinfo.o)
                0x0000000000009bf8                NOROM_ChipInfo_GetChipFamily
 .text.NOROM_ChipInfo_GetChipType
                0x0000000000009c44       0x50 contiki-srf06-cc26xx.a(chipinfo.o)
                0x0000000000009c44                NOROM_ChipInfo_GetChipType
 .text.NOROM_ChipInfo_GetHwRevision
                0x0000000000009c94       0x6c contiki-srf06-cc26xx.a(chipinfo.o)
                0x0000000000009c94                NOROM_ChipInfo_GetHwRevision
 .text.NOROM_ThisCodeIsBuiltForCC26xxHwRev22AndLater_HaltIfViolated
                0x0000000000009d00       0x14 contiki-srf06-cc26xx.a(chipinfo.o)
                0x0000000000009d00                NOROM_ThisCodeIsBuiltForCC26xxHwRev22AndLater_HaltIfViolated
 .text.NOROM_PowerCtrlSourceSet
                0x0000000000009d14       0x30 contiki-srf06-cc26xx.a(pwr_ctrl.o)
                0x0000000000009d14                NOROM_PowerCtrlSourceSet
 .text.NOROM_DDI32RegWrite
                0x0000000000009d44       0x2c contiki-srf06-cc26xx.a(ddi.o)
                0x0000000000009d44                NOROM_DDI32RegWrite
 .text.NOROM_DDI16BitfieldWrite
                0x0000000000009d70       0x48 contiki-srf06-cc26xx.a(ddi.o)
                0x0000000000009d70                NOROM_DDI16BitfieldWrite
 .text.NOROM_DDI16BitfieldRead
                0x0000000000009db8       0x48 contiki-srf06-cc26xx.a(ddi.o)
                0x0000000000009db8                NOROM_DDI16BitfieldRead
 .text.NOROM_OSCClockSourceSet
                0x0000000000009e00       0x50 contiki-srf06-cc26xx.a(osc.o)
                0x0000000000009e00                NOROM_OSCClockSourceSet
 .text.NOROM_OSCClockSourceGet
                0x0000000000009e50       0x20 contiki-srf06-cc26xx.a(osc.o)
                0x0000000000009e50                NOROM_OSCClockSourceGet
 .text.NOROM_CPUcpsid
                0x0000000000009e70        0x8 contiki-srf06-cc26xx.a(cpu.o)
                0x0000000000009e70                NOROM_CPUcpsid
 .text.NOROM_CPUcpsie
                0x0000000000009e78        0x8 contiki-srf06-cc26xx.a(cpu.o)
                0x0000000000009e78                NOROM_CPUcpsie
 .text.queuebuf_init
                0x0000000000009e80       0x1c contiki-srf06-cc26xx.a(queuebuf.o)
                0x0000000000009e80                queuebuf_init
 .text.queuebuf_numfree
                0x0000000000009e9c        0xc contiki-srf06-cc26xx.a(queuebuf.o)
                0x0000000000009e9c                queuebuf_numfree
 .text.queuebuf_new_from_packetbuf
                0x0000000000009ea8       0x44 contiki-srf06-cc26xx.a(queuebuf.o)
                0x0000000000009ea8                queuebuf_new_from_packetbuf
 .text.queuebuf_update_attr_from_packetbuf
                0x0000000000009eec        0xc contiki-srf06-cc26xx.a(queuebuf.o)
                0x0000000000009eec                queuebuf_update_attr_from_packetbuf
 .text.queuebuf_update_from_packetbuf
                0x0000000000009ef8       0x1c contiki-srf06-cc26xx.a(queuebuf.o)
                0x0000000000009ef8                queuebuf_update_from_packetbuf
 .text.queuebuf_free
                0x0000000000009f14       0x2c contiki-srf06-cc26xx.a(queuebuf.o)
                0x0000000000009f14                queuebuf_free
 .text.queuebuf_to_packetbuf
                0x0000000000009f40       0x30 contiki-srf06-cc26xx.a(queuebuf.o)
                0x0000000000009f40                queuebuf_to_packetbuf
 .text.queuebuf_attr
                0x0000000000009f70        0xc contiki-srf06-cc26xx.a(queuebuf.o)
                0x0000000000009f70                queuebuf_attr
 .text.index_from_lladdr
                0x0000000000009f7c       0x50 contiki-srf06-cc26xx.a(nbr-table.o)
 .text.remove_key
                0x0000000000009fcc       0x90 contiki-srf06-cc26xx.a(nbr-table.o)
 .text.nbr_table_register
                0x000000000000a05c       0x2c contiki-srf06-cc26xx.a(nbr-table.o)
                0x000000000000a05c                nbr_table_register
 .text.nbr_table_next
                0x000000000000a088       0x78 contiki-srf06-cc26xx.a(nbr-table.o)
                0x000000000000a088                nbr_table_next
 .text.nbr_table_head
                0x000000000000a100       0x58 contiki-srf06-cc26xx.a(nbr-table.o)
                0x000000000000a100                nbr_table_head
 .text.nbr_table_add_lladdr
                0x000000000000a158      0x15c contiki-srf06-cc26xx.a(nbr-table.o)
                0x000000000000a158                nbr_table_add_lladdr
 .text.nbr_table_get_from_lladdr
                0x000000000000a2b4       0x38 contiki-srf06-cc26xx.a(nbr-table.o)
                0x000000000000a2b4                nbr_table_get_from_lladdr
 .text.nbr_table_remove
                0x000000000000a2ec       0x5c contiki-srf06-cc26xx.a(nbr-table.o)
                0x000000000000a2ec                nbr_table_remove
 .text.nbr_table_lock
                0x000000000000a348       0x34 contiki-srf06-cc26xx.a(nbr-table.o)
                0x000000000000a348                nbr_table_lock
 .text.nbr_table_unlock
                0x000000000000a37c       0x34 contiki-srf06-cc26xx.a(nbr-table.o)
                0x000000000000a37c                nbr_table_unlock
 .text.nbr_table_get_lladdr
                0x000000000000a3b0       0x2c contiki-srf06-cc26xx.a(nbr-table.o)
                0x000000000000a3b0                nbr_table_get_lladdr
 .text.nbr_table_update_lladdr
                0x000000000000a3dc       0x58 contiki-srf06-cc26xx.a(nbr-table.o)
                0x000000000000a3dc                nbr_table_update_lladdr
 .text.packetbuf_copyto
                0x000000000000a434       0x50 contiki-srf06-cc26xx.a(packetbuf.o)
                0x000000000000a434                packetbuf_copyto
 .text.packetbuf_hdralloc
                0x000000000000a484       0x54 contiki-srf06-cc26xx.a(packetbuf.o)
                0x000000000000a484                packetbuf_hdralloc
 .text.packetbuf_hdrreduce
                0x000000000000a4d8       0x2c contiki-srf06-cc26xx.a(packetbuf.o)
                0x000000000000a4d8                packetbuf_hdrreduce
 .text.packetbuf_set_datalen
                0x000000000000a504        0xc contiki-srf06-cc26xx.a(packetbuf.o)
                0x000000000000a504                packetbuf_set_datalen
 .text.packetbuf_dataptr
                0x000000000000a510       0x20 contiki-srf06-cc26xx.a(packetbuf.o)
                0x000000000000a510                packetbuf_dataptr
 .text.packetbuf_hdrptr
                0x000000000000a530        0x8 contiki-srf06-cc26xx.a(packetbuf.o)
                0x000000000000a530                packetbuf_hdrptr
 .text.packetbuf_datalen
                0x000000000000a538        0xc contiki-srf06-cc26xx.a(packetbuf.o)
                0x000000000000a538                packetbuf_datalen
 .text.packetbuf_totlen
                0x000000000000a544       0x24 contiki-srf06-cc26xx.a(packetbuf.o)
                0x000000000000a544                packetbuf_totlen
 .text.packetbuf_attr_clear
                0x000000000000a568       0x34 contiki-srf06-cc26xx.a(packetbuf.o)
                0x000000000000a568                packetbuf_attr_clear
 .text.packetbuf_clear
                0x000000000000a59c       0x20 contiki-srf06-cc26xx.a(packetbuf.o)
                0x000000000000a59c                packetbuf_clear
 .text.packetbuf_copyfrom
                0x000000000000a5bc       0x40 contiki-srf06-cc26xx.a(packetbuf.o)
                0x000000000000a5bc                packetbuf_copyfrom
 .text.packetbuf_attr_copyto
                0x000000000000a5fc       0x44 contiki-srf06-cc26xx.a(packetbuf.o)
                0x000000000000a5fc                packetbuf_attr_copyto
 .text.packetbuf_attr_copyfrom
                0x000000000000a640       0x44 contiki-srf06-cc26xx.a(packetbuf.o)
                0x000000000000a640                packetbuf_attr_copyfrom
 .text.packetbuf_set_attr
                0x000000000000a684       0x10 contiki-srf06-cc26xx.a(packetbuf.o)
                0x000000000000a684                packetbuf_set_attr
 .text.packetbuf_attr
                0x000000000000a694        0xc contiki-srf06-cc26xx.a(packetbuf.o)
                0x000000000000a694                packetbuf_attr
 .text.packetbuf_set_addr
                0x000000000000a6a0       0x18 contiki-srf06-cc26xx.a(packetbuf.o)
                0x000000000000a6a0                packetbuf_set_addr
 .text.packetbuf_addr
                0x000000000000a6b8       0x10 contiki-srf06-cc26xx.a(packetbuf.o)
                0x000000000000a6b8                packetbuf_addr
 .text.packetbuf_holds_broadcast
                0x000000000000a6c8       0x10 contiki-srf06-cc26xx.a(packetbuf.o)
                0x000000000000a6c8                packetbuf_holds_broadcast
 .text.netstack_init
                0x000000000000a6d8       0x38 contiki-srf06-cc26xx.a(netstack.o)
                0x000000000000a6d8                netstack_init
 .text.linkaddr_copy
                0x000000000000a710        0xc contiki-srf06-cc26xx.a(linkaddr.o)
                0x000000000000a710                linkaddr_copy
 .text.linkaddr_cmp
                0x000000000000a71c       0x10 contiki-srf06-cc26xx.a(linkaddr.o)
                0x000000000000a71c                linkaddr_cmp
 .text.periodic
                0x000000000000a72c       0x30 contiki-srf06-cc26xx.a(link-stats.o)
 .text.link_stats_from_lladdr
                0x000000000000a75c        0xc contiki-srf06-cc26xx.a(link-stats.o)
                0x000000000000a75c                link_stats_from_lladdr
 .text.link_stats_is_fresh
                0x000000000000a768       0x28 contiki-srf06-cc26xx.a(link-stats.o)
                0x000000000000a768                link_stats_is_fresh
 .text.link_stats_packet_sent
                0x000000000000a790       0xcc contiki-srf06-cc26xx.a(link-stats.o)
                0x000000000000a790                link_stats_packet_sent
 .text.link_stats_input_callback
                0x000000000000a85c       0x5c contiki-srf06-cc26xx.a(link-stats.o)
                0x000000000000a85c                link_stats_input_callback
 .text.link_stats_init
                0x000000000000a8b8       0x28 contiki-srf06-cc26xx.a(link-stats.o)
                0x000000000000a8b8                link_stats_init
 .text.parse    0x000000000000a8e0       0xa4 contiki-srf06-cc26xx.a(framer-802154.o)
 .text.create_frame.isra.0
                0x000000000000a984      0x144 contiki-srf06-cc26xx.a(framer-802154.o)
 .text.create   0x000000000000aac8        0x8 contiki-srf06-cc26xx.a(framer-802154.o)
 .text.hdr_length
                0x000000000000aad0        0x8 contiki-srf06-cc26xx.a(framer-802154.o)
 .text.input_packet
                0x000000000000aad8        0xc contiki-srf06-cc26xx.a(csma.o)
 .text.on       0x000000000000aae4        0xc contiki-srf06-cc26xx.a(csma.o)
 .text.off      0x000000000000aaf0        0xc contiki-srf06-cc26xx.a(csma.o)
 .text.channel_check_interval
                0x000000000000aafc       0x10 contiki-srf06-cc26xx.a(csma.o)
 .text.transmit_packet_list
                0x000000000000ab0c       0x34 contiki-srf06-cc26xx.a(csma.o)
 .text.schedule_transmission
                0x000000000000ab40       0x58 contiki-srf06-cc26xx.a(csma.o)
 .text.send_packet
                0x000000000000ab98      0x154 contiki-srf06-cc26xx.a(csma.o)
 .text.init     0x000000000000acec       0x24 contiki-srf06-cc26xx.a(csma.o)
 .text.tx_done  0x000000000000ad10       0x90 contiki-srf06-cc26xx.a(csma.o)
 .text.packet_sent
                0x000000000000ada0       0xf0 contiki-srf06-cc26xx.a(csma.o)
 .text.duty_cycle
                0x000000000000ae90        0x4 contiki-srf06-cc26xx.a(contikimac.o)
 .text.init     0x000000000000ae94       0x40 contiki-srf06-cc26xx.a(contikimac.o)
 .text.on.part.0
                0x000000000000aed4       0x14 contiki-srf06-cc26xx.a(contikimac.o)
 .text.off      0x000000000000aee8       0x38 contiki-srf06-cc26xx.a(contikimac.o)
 .text.recv_burst_off
                0x000000000000af20       0x14 contiki-srf06-cc26xx.a(contikimac.o)
 .text.powercycle_turn_radio_off.part.2
                0x000000000000af34       0x10 contiki-srf06-cc26xx.a(contikimac.o)
 .text.turn_off
                0x000000000000af44       0x48 contiki-srf06-cc26xx.a(contikimac.o)
 .text.turn_on  0x000000000000af8c       0x44 contiki-srf06-cc26xx.a(contikimac.o)
 .text.schedule_powercycle_fixed.part.5
                0x000000000000afd0       0x30 contiki-srf06-cc26xx.a(contikimac.o)
 .text.input_packet
                0x000000000000b000       0xc4 contiki-srf06-cc26xx.a(contikimac.o)
 .text.send_packet.isra.8
                0x000000000000b0c4      0x244 contiki-srf06-cc26xx.a(contikimac.o)
 .text.qsend_list
                0x000000000000b308       0xf4 contiki-srf06-cc26xx.a(contikimac.o)
 .text.qsend_packet
                0x000000000000b3fc       0x24 contiki-srf06-cc26xx.a(contikimac.o)
 .text.powercycle_wrapper
                0x000000000000b420      0x264 contiki-srf06-cc26xx.a(contikimac.o)
 .text.init     0x000000000000b684        0x4 contiki-srf06-cc26xx.a(nullsec.o)
 .text.input    0x000000000000b688        0xc contiki-srf06-cc26xx.a(nullsec.o)
 .text.send     0x000000000000b694       0x20 contiki-srf06-cc26xx.a(nullsec.o)
 .text.rtimer_arch_init
                0x000000000000b6b4        0x4 contiki-srf06-cc26xx.a(rtimer-arch.o)
                0x000000000000b6b4                rtimer_arch_init
 .text.rtimer_arch_schedule
                0x000000000000b6b8        0x8 contiki-srf06-cc26xx.a(rtimer-arch.o)
                0x000000000000b6b8                rtimer_arch_schedule
 .text.rtimer_arch_now
                0x000000000000b6c0        0x4 contiki-srf06-cc26xx.a(rtimer-arch.o)
                0x000000000000b6c0                rtimer_arch_now
 .text.aux_ctrl_power_up
                0x000000000000b6c4       0x28 contiki-srf06-cc26xx.a(aux-ctrl.o)
                0x000000000000b6c4                aux_ctrl_power_up
 .text.aux_ctrl_register_consumer
                0x000000000000b6ec       0x40 contiki-srf06-cc26xx.a(aux-ctrl.o)
                0x000000000000b6ec                aux_ctrl_register_consumer
 .text.aux_ctrl_power_down
                0x000000000000b72c       0x68 contiki-srf06-cc26xx.a(aux-ctrl.o)
                0x000000000000b72c                aux_ctrl_power_down
 .text.aux_ctrl_unregister_consumer
                0x000000000000b794       0x28 contiki-srf06-cc26xx.a(aux-ctrl.o)
                0x000000000000b794                aux_ctrl_unregister_consumer
 .text.process_thread_rf_core_process
                0x000000000000b7bc       0x58 contiki-srf06-cc26xx.a(rf-core.o)
 .text.rf_core_is_accessible
                0x000000000000b814       0x10 contiki-srf06-cc26xx.a(rf-core.o)
                0x000000000000b814                rf_core_is_accessible
 .text.rf_core_send_cmd
                0x000000000000b824       0x94 contiki-srf06-cc26xx.a(rf-core.o)
                0x000000000000b824                rf_core_send_cmd
 .text.rf_core_wait_cmd_done
                0x000000000000b8b8       0x30 contiki-srf06-cc26xx.a(rf-core.o)
                0x000000000000b8b8                rf_core_wait_cmd_done
 .text.rf_core_power_up
                0x000000000000b8e8       0xcc contiki-srf06-cc26xx.a(rf-core.o)
                0x000000000000b8e8                rf_core_power_up
 .text.rf_core_start_rat
                0x000000000000b9b4       0x68 contiki-srf06-cc26xx.a(rf-core.o)
                0x000000000000b9b4                rf_core_start_rat
 .text.rf_core_stop_rat
                0x000000000000ba1c       0x7c contiki-srf06-cc26xx.a(rf-core.o)
                0x000000000000ba1c                rf_core_stop_rat
 .text.rf_core_power_down
                0x000000000000ba98       0xec contiki-srf06-cc26xx.a(rf-core.o)
                0x000000000000ba98                rf_core_power_down
 .text.rf_core_set_modesel
                0x000000000000bb84       0x44 contiki-srf06-cc26xx.a(rf-core.o)
                0x000000000000bb84                rf_core_set_modesel
 .text.rf_core_boot
                0x000000000000bbc8       0x1c contiki-srf06-cc26xx.a(rf-core.o)
                0x000000000000bbc8                rf_core_boot
 .text.rf_core_restart_rat
                0x000000000000bbe4       0x18 contiki-srf06-cc26xx.a(rf-core.o)
                0x000000000000bbe4                rf_core_restart_rat
 .text.rf_core_setup_interrupts
                0x000000000000bbfc       0x74 contiki-srf06-cc26xx.a(rf-core.o)
                0x000000000000bbfc                rf_core_setup_interrupts
 .text.rf_core_cmd_done_en
                0x000000000000bc70       0x28 contiki-srf06-cc26xx.a(rf-core.o)
                0x000000000000bc70                rf_core_cmd_done_en
 .text.rf_core_cmd_done_dis
                0x000000000000bc98       0x18 contiki-srf06-cc26xx.a(rf-core.o)
                0x000000000000bc98                rf_core_cmd_done_dis
 .text.rf_core_get_last_radio_op
                0x000000000000bcb0        0xc contiki-srf06-cc26xx.a(rf-core.o)
                0x000000000000bcb0                rf_core_get_last_radio_op
 .text.rf_core_init_radio_op
                0x000000000000bcbc       0x1c contiki-srf06-cc26xx.a(rf-core.o)
                0x000000000000bcbc                rf_core_init_radio_op
 .text.rf_core_primary_mode_register
                0x000000000000bcd8        0xc contiki-srf06-cc26xx.a(rf-core.o)
                0x000000000000bcd8                rf_core_primary_mode_register
 .text.RFCCPE1IntHandler
                0x000000000000bce4       0x28 contiki-srf06-cc26xx.a(rf-core.o)
                0x000000000000bce4                RFCCPE1IntHandler
 .text.RFCCPE0IntHandler
                0x000000000000bd0c       0x5c contiki-srf06-cc26xx.a(rf-core.o)
                0x000000000000bd0c                RFCCPE0IntHandler
 .text.rf_ble_is_active
                0x000000000000bd68        0xc contiki-srf06-cc26xx.a(rf-ble.o)
                0x000000000000bd68                rf_ble_is_active
 .text.stimer_set
                0x000000000000bd74       0x10 contiki-srf06-cc26xx.a(stimer.o)
                0x000000000000bd74                stimer_set
 .text.stimer_expired
                0x000000000000bd84       0x20 contiki-srf06-cc26xx.a(stimer.o)
                0x000000000000bd84                stimer_expired
 .text.echo_reply_input
                0x000000000000bda4       0xb0 contiki-srf06-cc26xx.a(uip-icmp6.o)
 .text.echo_request_input
                0x000000000000be54       0xb0 contiki-srf06-cc26xx.a(uip-icmp6.o)
 .text.uip_icmp6_input
                0x000000000000bf04       0x3c contiki-srf06-cc26xx.a(uip-icmp6.o)
                0x000000000000bf04                uip_icmp6_input
 .text.uip_icmp6_register_input_handler
                0x000000000000bf40        0xc contiki-srf06-cc26xx.a(uip-icmp6.o)
                0x000000000000bf40                uip_icmp6_register_input_handler
 .text.uip_icmp6_error_output
                0x000000000000bf4c      0x158 contiki-srf06-cc26xx.a(uip-icmp6.o)
                0x000000000000bf4c                uip_icmp6_error_output
 .text.uip_icmp6_send
                0x000000000000c0a4       0x84 contiki-srf06-cc26xx.a(uip-icmp6.o)
                0x000000000000c0a4                uip_icmp6_send
 .text.uip_icmp6_init
                0x000000000000c128       0x24 contiki-srf06-cc26xx.a(uip-icmp6.o)
                0x000000000000c128                uip_icmp6_init
 .text.dao_ack_input
                0x000000000000c14c       0x14 contiki-srf06-cc26xx.a(rpl-icmp6.o)
 .text.dao_output_target_seq
                0x000000000000c160      0x11c contiki-srf06-cc26xx.a(rpl-icmp6.o)
 .text.dio_input
                0x000000000000c27c      0x2ac contiki-srf06-cc26xx.a(rpl-icmp6.o)
 .text.rpl_icmp6_update_nbr_table
                0x000000000000c528       0x38 contiki-srf06-cc26xx.a(rpl-icmp6.o)
                0x000000000000c528                rpl_icmp6_update_nbr_table
 .text.dao_input
                0x000000000000c560      0x2c0 contiki-srf06-cc26xx.a(rpl-icmp6.o)
 .text.dis_output
                0x000000000000c820       0x58 contiki-srf06-cc26xx.a(rpl-icmp6.o)
                0x000000000000c820                dis_output
 .text.dio_output
                0x000000000000c878      0x2b0 contiki-srf06-cc26xx.a(rpl-icmp6.o)
                0x000000000000c878                dio_output
 .text.dis_input
                0x000000000000cb28       0x54 contiki-srf06-cc26xx.a(rpl-icmp6.o)
 .text.dao_output
                0x000000000000cb7c       0x8c contiki-srf06-cc26xx.a(rpl-icmp6.o)
                0x000000000000cb7c                dao_output
 .text.dao_output_target
                0x000000000000cc08        0xc contiki-srf06-cc26xx.a(rpl-icmp6.o)
                0x000000000000cc08                dao_output_target
 .text.rpl_icmp6_register_handlers
                0x000000000000cc14       0x30 contiki-srf06-cc26xx.a(rpl-icmp6.o)
                0x000000000000cc14                rpl_icmp6_register_handlers
 .text.update_nbr
                0x000000000000cc44      0x10c contiki-srf06-cc26xx.a(rpl-nbr-policy.)
 .text.handle_periodic_timer
                0x000000000000cd50       0x14 contiki-srf06-cc26xx.a(rpl-nbr-policy.)
 .text.find_removable_dio
                0x000000000000cd64       0x3c contiki-srf06-cc26xx.a(rpl-nbr-policy.)
                0x000000000000cd64                find_removable_dio
 .text.rpl_nbr_policy_find_removable
                0x000000000000cda0       0x64 contiki-srf06-cc26xx.a(rpl-nbr-policy.)
                0x000000000000cda0                rpl_nbr_policy_find_removable
 .text.NOROM_SetupGetTrimForXoscHfCtl.part.3
                0x000000000000ce04       0x20 contiki-srf06-cc26xx.a(setup_rom.o)
 .text.NOROM_SetupGetTrimForRadcExtCfg.part.4
                0x000000000000ce24       0x1c contiki-srf06-cc26xx.a(setup_rom.o)
 .text.NOROM_SetupAfterColdResetWakeupFromShutDownCfg1
                0x000000000000ce40       0x74 contiki-srf06-cc26xx.a(setup_rom.o)
                0x000000000000ce40                NOROM_SetupAfterColdResetWakeupFromShutDownCfg1
 .text.NOROM_SetupAfterColdResetWakeupFromShutDownCfg3
                0x000000000000ceb4      0x1a0 contiki-srf06-cc26xx.a(setup_rom.o)
                0x000000000000ceb4                NOROM_SetupAfterColdResetWakeupFromShutDownCfg3
 .text.NOROM_SetupGetTrimForAnabypassValue1
                0x000000000000d054       0x64 contiki-srf06-cc26xx.a(setup_rom.o)
                0x000000000000d054                NOROM_SetupGetTrimForAnabypassValue1
 .text.NOROM_SetupGetTrimForAmpcompCtrl
                0x000000000000d0b8       0x58 contiki-srf06-cc26xx.a(setup_rom.o)
                0x000000000000d0b8                NOROM_SetupGetTrimForAmpcompCtrl
 .text.NOROM_SetupAfterColdResetWakeupFromShutDownCfg2
                0x000000000000d110      0x190 contiki-srf06-cc26xx.a(setup_rom.o)
                0x000000000000d110                NOROM_SetupAfterColdResetWakeupFromShutDownCfg2
 .text.NOROM_SetupSetCacheModeAccordingToCcfgSetting
                0x000000000000d2a0       0x6c contiki-srf06-cc26xx.a(setup_rom.o)
                0x000000000000d2a0                NOROM_SetupSetCacheModeAccordingToCcfgSetting
 .text.NOROM_AONBatMonTemperatureGetDegC
                0x000000000000d30c       0x30 contiki-srf06-cc26xx.a(aon_batmon.o)
                0x000000000000d30c                NOROM_AONBatMonTemperatureGetDegC
 .text.mac_sequence_is_duplicate
                0x000000000000d33c       0x4c contiki-srf06-cc26xx.a(mac-sequence.o)
                0x000000000000d33c                mac_sequence_is_duplicate
 .text.mac_sequence_register_seqno
                0x000000000000d388       0x60 contiki-srf06-cc26xx.a(mac-sequence.o)
                0x000000000000d388                mac_sequence_register_seqno
 .text.frame802154_get_pan_id
                0x000000000000d3e8        0xc contiki-srf06-cc26xx.a(frame802154.o)
                0x000000000000d3e8                frame802154_get_pan_id
 .text.frame802154_has_panid
                0x000000000000d3f4       0xa4 contiki-srf06-cc26xx.a(frame802154.o)
                0x000000000000d3f4                frame802154_has_panid
 .text.field_len
                0x000000000000d498       0x88 contiki-srf06-cc26xx.a(frame802154.o)
 .text.frame802154_is_broadcast_addr
                0x000000000000d520       0x20 contiki-srf06-cc26xx.a(frame802154.o)
                0x000000000000d520                frame802154_is_broadcast_addr
 .text.frame802154_hdrlen
                0x000000000000d540       0x34 contiki-srf06-cc26xx.a(frame802154.o)
                0x000000000000d540                frame802154_hdrlen
 .text.frame802154_create_fcf
                0x000000000000d574       0x64 contiki-srf06-cc26xx.a(frame802154.o)
                0x000000000000d574                frame802154_create_fcf
 .text.frame802154_create
                0x000000000000d5d8       0xb4 contiki-srf06-cc26xx.a(frame802154.o)
                0x000000000000d5d8                frame802154_create
 .text.frame802154_parse_fcf
                0x000000000000d68c       0x44 contiki-srf06-cc26xx.a(frame802154.o)
                0x000000000000d68c                frame802154_parse_fcf
 .text.frame802154_parse
                0x000000000000d6d0      0x138 contiki-srf06-cc26xx.a(frame802154.o)
                0x000000000000d6d0                frame802154_parse
 .text.mac_call_sent_callback
                0x000000000000d808       0x18 contiki-srf06-cc26xx.a(mac.o)
                0x000000000000d808                mac_call_sent_callback
 .text          0x000000000000d820       0x30 /usr/lib/gcc/arm-none-eabi/6.3.1/thumb/v7-m/libgcc.a(_aeabi_uldivmod.o)
                0x000000000000d820                __aeabi_uldivmod
 .text          0x000000000000d850      0x2dc /usr/lib/gcc/arm-none-eabi/6.3.1/thumb/v7-m/libgcc.a(_udivmoddi4.o)
                0x000000000000d850                __udivmoddi4
 .text          0x000000000000db2c        0x4 /usr/lib/gcc/arm-none-eabi/6.3.1/thumb/v7-m/libgcc.a(_dvmd_tls.o)
                0x000000000000db2c                __aeabi_ldiv0
                0x000000000000db2c                __aeabi_idiv0
 .text          0x000000000000db30       0xb0 /usr/lib/gcc/arm-none-eabi/6.3.1/../../../arm-none-eabi/lib/libc.a(lib_a-memcmp.o)
                0x000000000000db30                memcmp
 .text          0x000000000000dbe0       0xf0 /usr/lib/gcc/arm-none-eabi/6.3.1/../../../arm-none-eabi/lib/libc.a(lib_a-memcpy-stub.o)
                0x000000000000dbe0                memcpy
 .text          0x000000000000dcd0      0x12c /usr/lib/gcc/arm-none-eabi/6.3.1/../../../arm-none-eabi/lib/libc.a(lib_a-memmove.o)
                0x000000000000dcd0                memmove
 .text          0x000000000000ddfc       0xf4 /usr/lib/gcc/arm-none-eabi/6.3.1/../../../arm-none-eabi/lib/libc.a(lib_a-memset.o)
                0x000000000000ddfc                memset
 .text          0x000000000000def0       0x60 /usr/lib/gcc/arm-none-eabi/6.3.1/../../../arm-none-eabi/lib/libc.a(lib_a-strlen-stub.o)
                0x000000000000def0                strlen
 *(SORT(.rodata*))
 .rodata.autostart_processes
                0x000000000000df50        0x8 unicast-receiver.co
                0x000000000000df50                autostart_processes
 .rodata.process_thread_unicast_receiver_process.str1.4
                0x000000000000df58       0x11 unicast-receiver.co
 *fill*         0x000000000000df69        0x3 00000000
 .rodata.receiver.str1.4
                0x000000000000df6c       0x43 unicast-receiver.co
 *fill*         0x000000000000dfaf        0x1 00000000
 .rodata.str1.4
                0x000000000000dfb0       0x21 unicast-receiver.co
 *fill*         0x000000000000dfd1        0x3 00000000
 .rodata.process_thread_servreg_hack_process.str1.4
                0x000000000000dfd4       0x84 contiki-srf06-cc26xx.a(servreg-hack.o)
 .rodata.str1.4
                0x000000000000e058       0x15 contiki-srf06-cc26xx.a(servreg-hack.o)
 *fill*         0x000000000000e06d        0x3 00000000
 .rodata.main.str1.4
                0x000000000000e070       0xf2 contiki-srf06-cc26xx.a(contiki-main.o)
 *fill*         0x000000000000e162        0x2 00000000
 .rodata.str1.4
                0x000000000000e164        0x8 contiki-srf06-cc26xx.a(sensors.o)
 .rodata        0x000000000000e16c       0x48 contiki-srf06-cc26xx.a(board.o)
 .rodata.button_left_sensor
                0x000000000000e1b4       0x10 contiki-srf06-cc26xx.a(button-sensor.o)
                0x000000000000e1b4                button_left_sensor
 .rodata.button_right_sensor
                0x000000000000e1c4       0x10 contiki-srf06-cc26xx.a(button-sensor.o)
                0x000000000000e1c4                button_right_sensor
 .rodata.str1.4
                0x000000000000e1d4        0x7 contiki-srf06-cc26xx.a(button-sensor.o)
 *fill*         0x000000000000e1db        0x1 00000000
 .rodata        0x000000000000e1dc        0x4 contiki-srf06-cc26xx.a(ext-flash.o)
 .rodata.ieee_mode_driver
                0x000000000000e1e0       0x38 contiki-srf06-cc26xx.a(ieee-mode.o)
                0x000000000000e1e0                ieee_mode_driver
 .rodata.mode_ieee
                0x000000000000e218        0x8 contiki-srf06-cc26xx.a(ieee-mode.o)
 .rodata.output_power
                0x000000000000e220       0x68 contiki-srf06-cc26xx.a(ieee-mode.o)
 .rodata.str1.4
                0x000000000000e288       0x1b contiki-srf06-cc26xx.a(soc-trng.o)
 *fill*         0x000000000000e2a3        0x1 00000000
 .rodata.buffer.4055
                0x000000000000e2a4       0x10 contiki-srf06-cc26xx.a(strformat.o)
 .rodata.buffer.4064
                0x000000000000e2b4       0x10 contiki-srf06-cc26xx.a(strformat.o)
 .rodata.format_str_v.str1.4
                0x000000000000e2c4       0x46 contiki-srf06-cc26xx.a(strformat.o)
 *fill*         0x000000000000e30a        0x2 00000000
 .rodata.str1.4
                0x000000000000e30c        0xc contiki-srf06-cc26xx.a(etimer.o)
 .rodata.str1.4
                0x000000000000e318        0xf contiki-srf06-cc26xx.a(ctimer.o)
 *fill*         0x000000000000e327        0x1 00000000
 .rodata.str1.4
                0x000000000000e328        0xe contiki-srf06-cc26xx.a(serial-line.o)
 *fill*         0x000000000000e336        0x2 00000000
 .rodata        0x000000000000e338        0x2 contiki-srf06-cc26xx.a(sicslowpan.o)
 *fill*         0x000000000000e33a        0x2 00000000
 .rodata.llprefix
                0x000000000000e33c        0x2 contiki-srf06-cc26xx.a(sicslowpan.o)
                0x000000000000e33c                llprefix
 *fill*         0x000000000000e33e        0x2 00000000
 .rodata.sicslowpan_driver
                0x000000000000e340        0xc contiki-srf06-cc26xx.a(sicslowpan.o)
                0x000000000000e340                sicslowpan_driver
 .rodata.str1.4
                0x000000000000e34c        0xb contiki-srf06-cc26xx.a(sicslowpan.o)
 *fill*         0x000000000000e357        0x1 00000000
 .rodata.ttl_values
                0x000000000000e358        0x4 contiki-srf06-cc26xx.a(sicslowpan.o)
 .rodata.unc_ctxconf
                0x000000000000e35c        0x4 contiki-srf06-cc26xx.a(sicslowpan.o)
                0x000000000000e35c                unc_ctxconf
 .rodata.unc_llconf
                0x000000000000e360        0x4 contiki-srf06-cc26xx.a(sicslowpan.o)
                0x000000000000e360                unc_llconf
 .rodata.unc_mxconf
                0x000000000000e364        0x4 contiki-srf06-cc26xx.a(sicslowpan.o)
                0x000000000000e364                unc_mxconf
 .rodata.uip_debug_ipaddr_print.str1.4
                0x000000000000e368       0x2b contiki-srf06-cc26xx.a(uip-debug.o)
 *fill*         0x000000000000e393        0x1 00000000
 .rodata.str1.4
                0x000000000000e394        0xd contiki-srf06-cc26xx.a(tcpip.o)
 *fill*         0x000000000000e3a1        0x3 00000000
 .rodata.str1.4
                0x000000000000e3a4       0x13 contiki-srf06-cc26xx.a(simple-udp.o)
 *fill*         0x000000000000e3b7        0x1 00000000
 .rodata.linkaddr_null
                0x000000000000e3b8        0x8 contiki-srf06-cc26xx.a(linkaddr.o)
                0x000000000000e3b8                linkaddr_null
 .rodata.framer_802154
                0x000000000000e3c0        0xc contiki-srf06-cc26xx.a(framer-802154.o)
                0x000000000000e3c0                framer_802154
 .rodata.csma_driver
                0x000000000000e3cc       0x1c contiki-srf06-cc26xx.a(csma.o)
                0x000000000000e3cc                csma_driver
 .rodata.str1.4
                0x000000000000e3e8        0x5 contiki-srf06-cc26xx.a(csma.o)
 *fill*         0x000000000000e3ed        0x3 00000000
 .rodata.contikimac_driver
                0x000000000000e3f0       0x20 contiki-srf06-cc26xx.a(contikimac.o)
                0x000000000000e3f0                contikimac_driver
 .rodata.str1.4
                0x000000000000e410        0xb contiki-srf06-cc26xx.a(contikimac.o)
 *fill*         0x000000000000e41b        0x1 00000000
 .rodata.nullsec_driver
                0x000000000000e41c       0x10 contiki-srf06-cc26xx.a(nullsec.o)
                0x000000000000e41c                nullsec_driver
 .rodata.str1.4
                0x000000000000e42c        0x8 contiki-srf06-cc26xx.a(nullsec.o)
 .rodata.RFCCPE0IntHandler.str1.4
                0x000000000000e434       0x2a contiki-srf06-cc26xx.a(rf-core.o)
 *fill*         0x000000000000e45e        0x2 00000000
 .rodata.str1.4
                0x000000000000e460       0x1c contiki-srf06-cc26xx.a(rf-core.o)
                                         0x1a (size before relaxing)
                0x000000000000e47c                _etext = .

.glue_7         0x000000000000e47c        0x0
 .glue_7        0x000000000000e47c        0x0 linker stubs

.glue_7t        0x000000000000e47c        0x0
 .glue_7t       0x000000000000e47c        0x0 linker stubs

.vfp11_veneer   0x000000000000e47c        0x0
 .vfp11_veneer  0x000000000000e47c        0x0 linker stubs

.v4_bx          0x000000000000e47c        0x0
 .v4_bx         0x000000000000e47c        0x0 linker stubs

.iplt           0x000000000000e47c        0x0
 .iplt          0x000000000000e47c        0x0 obj_srf06-cc26xx/startup_gcc.o

.data           0x0000000020000000      0x274 load address 0x000000000000e47c
                0x0000000020000000                _data = .
 *(SORT(vtable))
 *(SORT(.data*))
 .data.unicast_receiver_process
                0x0000000020000000       0x10 unicast-receiver.co
                0x0000000020000000                unicast_receiver_process
 .data.registrations
                0x0000000020000010        0xc contiki-srf06-cc26xx.a(servreg-hack.o)
 .data.servreg_hack_process
                0x000000002000001c       0x10 contiki-srf06-cc26xx.a(servreg-hack.o)
                0x000000002000001c                servreg_hack_process
 .data.sensors_process
                0x000000002000002c       0x10 contiki-srf06-cc26xx.a(sensors.o)
                0x000000002000002c                sensors_process
 .data.launchpad_module
                0x000000002000003c       0x14 contiki-srf06-cc26xx.a(board.o)
 .data.sensors  0x0000000020000050        0xc contiki-srf06-cc26xx.a(launchpad-senso)
                0x0000000020000050                sensors
 .data.uart_module
                0x000000002000005c       0x14 contiki-srf06-cc26xx.a(cc26xx-uart.o)
 .data.cc26xx_rf_lpm_module
                0x0000000020000070       0x14 contiki-srf06-cc26xx.a(ieee-mode.o)
 .data.ieee_overrides
                0x0000000020000084       0x2c contiki-srf06-cc26xx.a(ieee-mode.o)
 .data.tx_power_current
                0x00000000200000b0        0x4 contiki-srf06-cc26xx.a(ieee-mode.o)
                0x00000000200000b0                tx_power_current
 .data.rng_module
                0x00000000200000b4       0x14 contiki-srf06-cc26xx.a(soc-trng.o)
 .data.soc_trng_process
                0x00000000200000c8       0x10 contiki-srf06-cc26xx.a(soc-trng.o)
                0x00000000200000c8                soc_trng_process
 .data.ctxt     0x00000000200000d8        0x8 contiki-srf06-cc26xx.a(dbg-printf.o)
 .data.etimer_process
                0x00000000200000e0       0x10 contiki-srf06-cc26xx.a(etimer.o)
                0x00000000200000e0                etimer_process
 .data.ctimer_process
                0x00000000200000f0       0x10 contiki-srf06-cc26xx.a(ctimer.o)
                0x00000000200000f0                ctimer_process
 .data.serial_line_process
                0x0000000020000100       0x10 contiki-srf06-cc26xx.a(serial-line.o)
                0x0000000020000100                serial_line_process
 .data.defaultroutermemb
                0x0000000020000110        0xc contiki-srf06-cc26xx.a(uip-ds6-route.o)
 .data.nbr_routes
                0x000000002000011c        0x4 contiki-srf06-cc26xx.a(uip-ds6-route.o)
                0x000000002000011c                nbr_routes
 .data.nbr_routes_struct
                0x0000000020000120       0x10 contiki-srf06-cc26xx.a(uip-ds6-route.o)
 .data.neighborroutememb
                0x0000000020000130        0xc contiki-srf06-cc26xx.a(uip-ds6-route.o)
 .data.routememb
                0x000000002000013c        0xc contiki-srf06-cc26xx.a(uip-ds6-route.o)
 .data.ds6_neighbors
                0x0000000020000148        0x4 contiki-srf06-cc26xx.a(uip-ds6-nbr.o)
                0x0000000020000148                ds6_neighbors
 .data.ds6_neighbors_struct
                0x000000002000014c       0x10 contiki-srf06-cc26xx.a(uip-ds6-nbr.o)
 .data.ns_input_handler
                0x000000002000015c        0xc contiki-srf06-cc26xx.a(uip-nd6.o)
 .data.tcpip_process
                0x0000000020000168       0x10 contiki-srf06-cc26xx.a(tcpip.o)
                0x0000000020000168                tcpip_process
 .data.simple_udp_process
                0x0000000020000178       0x10 contiki-srf06-cc26xx.a(simple-udp.o)
                0x0000000020000178                simple_udp_process
 .data.rpl_parents
                0x0000000020000188        0x4 contiki-srf06-cc26xx.a(rpl-dag.o)
                0x0000000020000188                rpl_parents
 .data.rpl_parents_struct
                0x000000002000018c       0x10 contiki-srf06-cc26xx.a(rpl-dag.o)
 .data.rpl_mrhof
                0x000000002000019c       0x24 contiki-srf06-cc26xx.a(rpl-mrhof.o)
                0x000000002000019c                rpl_mrhof
 .data.bufmem   0x00000000200001c0        0xc contiki-srf06-cc26xx.a(queuebuf.o)
 .data.buframmem
                0x00000000200001cc        0xc contiki-srf06-cc26xx.a(queuebuf.o)
 .data.neighbor_addr_mem
                0x00000000200001d8        0xc contiki-srf06-cc26xx.a(nbr-table.o)
 .data.link_stats_struct
                0x00000000200001e4       0x10 contiki-srf06-cc26xx.a(link-stats.o)
 .data.metadata_memb
                0x00000000200001f4        0xc contiki-srf06-cc26xx.a(csma.o)
 .data.neighbor_memb
                0x0000000020000200        0xc contiki-srf06-cc26xx.a(csma.o)
 .data.packet_memb
                0x000000002000020c        0xc contiki-srf06-cc26xx.a(csma.o)
 .data.rf_core_process
                0x0000000020000218       0x10 contiki-srf06-cc26xx.a(rf-core.o)
                0x0000000020000218                rf_core_process
 .data.echo_reply_handler
                0x0000000020000228        0xc contiki-srf06-cc26xx.a(uip-icmp6.o)
 .data.echo_request_handler
                0x0000000020000234        0xc contiki-srf06-cc26xx.a(uip-icmp6.o)
 .data.dao_ack_handler
                0x0000000020000240        0xc contiki-srf06-cc26xx.a(rpl-icmp6.o)
 .data.dao_handler
                0x000000002000024c        0xc contiki-srf06-cc26xx.a(rpl-icmp6.o)
 .data.dio_handler
                0x0000000020000258        0xc contiki-srf06-cc26xx.a(rpl-icmp6.o)
 .data.dis_handler
                0x0000000020000264        0xc contiki-srf06-cc26xx.a(rpl-icmp6.o)
 .data.mac_pan_id
                0x0000000020000270        0x2 contiki-srf06-cc26xx.a(frame802154.o)
 .data.rng_ready_event
                0x0000000020000272        0x1 contiki-srf06-cc26xx.a(soc-trng.o)
 .data.dao_sequence
                0x0000000020000273        0x1 contiki-srf06-cc26xx.a(rpl-icmp6.o)
                0x0000000020000274                _edata = .

.igot.plt       0x0000000020000274        0x0 load address 0x000000000000e6f0
 .igot.plt      0x0000000020000274        0x0 obj_srf06-cc26xx/startup_gcc.o

.ARM.exidx      0x000000000000e6f0        0x8
 *(SORT(.ARM.exidx*))
 .ARM.exidx     0x000000000000e6f0        0x8 /usr/lib/gcc/arm-none-eabi/6.3.1/thumb/v7-m/libgcc.a(_udivmoddi4.o)

.bss            0x0000000020000278     0x3288
                0x0000000020000278                _bss = .
 *(SORT(.bss*))
 .bss.count     0x0000000020000278        0x8 contiki-srf06-cc26xx.a(clock.o)
 .bss.rands_cache
                0x0000000020000280       0x20 contiki-srf06-cc26xx.a(soc-trng.o)
 .bss.ipaddr.6526
                0x00000000200002a0       0x10 unicast-receiver.co
 .bss.unicast_connection
                0x00000000200002b0       0x24 unicast-receiver.co
 .bss.others_services_list
                0x00000000200002d4        0x4 contiki-srf06-cc26xx.a(servreg-hack.o)
 .bss.outconn.7557
                0x00000000200002d8        0x4 contiki-srf06-cc26xx.a(servreg-hack.o)
 .bss.own_services_list
                0x00000000200002dc        0x4 contiki-srf06-cc26xx.a(servreg-hack.o)
 .bss.periodic.7556
                0x00000000200002e0       0x10 contiki-srf06-cc26xx.a(servreg-hack.o)
 .bss.registrations_memb_count