Archive member included to satisfy reference by file (symbol)

contiki-srf06-cc26xx.a(servreg-hack.o)
                              unicast-sender.co (servreg_hack_init)
contiki-srf06-cc26xx.a(contiki-main.o)
                              obj_srf06-cc26xx/startup_gcc.o (main)
contiki-srf06-cc26xx.a(sensors.o)
                              contiki-srf06-cc26xx.a(contiki-main.o) (sensors_process)
contiki-srf06-cc26xx.a(leds.o)
                              contiki-srf06-cc26xx.a(contiki-main.o) (leds_init)
contiki-srf06-cc26xx.a(board.o)
                              contiki-srf06-cc26xx.a(contiki-main.o) (board_init)
contiki-srf06-cc26xx.a(launchpad-senso)
                              contiki-srf06-cc26xx.a(sensors.o) (sensors_flags)
contiki-srf06-cc26xx.a(leds-arch.o)
                              contiki-srf06-cc26xx.a(leds.o) (leds_arch_init)
contiki-srf06-cc26xx.a(button-sensor.o)
                              contiki-srf06-cc26xx.a(launchpad-senso) (button_right_sensor)
contiki-srf06-cc26xx.a(ext-flash.o)
                              contiki-srf06-cc26xx.a(board.o) (ext_flash_init)
contiki-srf06-cc26xx.a(board-spi.o)
                              contiki-srf06-cc26xx.a(ext-flash.o) (board_spi_write)
contiki-srf06-cc26xx.a(clock.o)
                              contiki-srf06-cc26xx.a(contiki-main.o) (clock_init)
contiki-srf06-cc26xx.a(soc-rtc.o)
                              contiki-srf06-cc26xx.a(contiki-main.o) (soc_rtc_init)
contiki-srf06-cc26xx.a(contiki-watchdo)
                              contiki-srf06-cc26xx.a(contiki-main.o) (watchdog_init)
contiki-srf06-cc26xx.a(putchar.o)
                              unicast-sender.co (putchar)
contiki-srf06-cc26xx.a(ieee-addr.o)
                              contiki-srf06-cc26xx.a(contiki-main.o) (ieee_addr_cpy_to)
contiki-srf06-cc26xx.a(cc26xx-uart.o)
                              contiki-srf06-cc26xx.a(contiki-main.o) (cc26xx_uart_init)
contiki-srf06-cc26xx.a(lpm.o)
                              unicast-sender.co (lpm_shutdown)
contiki-srf06-cc26xx.a(gpio-interrupt.)
                              contiki-srf06-cc26xx.a(button-sensor.o) (gpio_interrupt_register_handler)
contiki-srf06-cc26xx.a(oscillators.o)
                              contiki-srf06-cc26xx.a(contiki-main.o) (oscillators_select_lf_xosc)
contiki-srf06-cc26xx.a(ieee-mode.o)
                              contiki-srf06-cc26xx.a(contiki-main.o) (ieee_mode_driver)
contiki-srf06-cc26xx.a(random.o)
                              unicast-sender.co (random_rand)
contiki-srf06-cc26xx.a(soc-trng.o)
                              contiki-srf06-cc26xx.a(random.o) (soc_trng_rand_synchronous)
contiki-srf06-cc26xx.a(dbg-printf.o)
                              unicast-sender.co (printf)
contiki-srf06-cc26xx.a(dbg-sprintf.o)
                              unicast-sender.co (sprintf)
contiki-srf06-cc26xx.a(strformat.o)
                              contiki-srf06-cc26xx.a(dbg-printf.o) (format_str_v)
contiki-srf06-cc26xx.a(autostart.o)
                              contiki-srf06-cc26xx.a(contiki-main.o) (autostart_start)
contiki-srf06-cc26xx.a(energest.o)
                              contiki-srf06-cc26xx.a(contiki-main.o) (energest_init)
contiki-srf06-cc26xx.a(etimer.o)
                              contiki-srf06-cc26xx.a(clock.o) (etimer_request_poll)
contiki-srf06-cc26xx.a(ctimer.o)
                              contiki-srf06-cc26xx.a(contiki-main.o) (ctimer_init)
contiki-srf06-cc26xx.a(process.o)
                              contiki-srf06-cc26xx.a(sensors.o) (process_alloc_event)
contiki-srf06-cc26xx.a(rtimer.o)
                              contiki-srf06-cc26xx.a(contiki-main.o) (rtimer_init)
contiki-srf06-cc26xx.a(timer.o)
                              contiki-srf06-cc26xx.a(servreg-hack.o) (timer_set)
contiki-srf06-cc26xx.a(serial-line.o)
                              contiki-srf06-cc26xx.a(contiki-main.o) (serial_line_init)
contiki-srf06-cc26xx.a(ringbuf.o)
                              contiki-srf06-cc26xx.a(serial-line.o) (ringbuf_init)
contiki-srf06-cc26xx.a(list.o)
                              contiki-srf06-cc26xx.a(servreg-hack.o) (list_init)
contiki-srf06-cc26xx.a(memb.o)
                              contiki-srf06-cc26xx.a(servreg-hack.o) (memb_init)
contiki-srf06-cc26xx.a(uip-ds6.o)
                              unicast-sender.co (uip_ds6_if)
contiki-srf06-cc26xx.a(uip-ds6-route.o)
                              contiki-srf06-cc26xx.a(uip-ds6.o) (uip_ds6_route_init)
contiki-srf06-cc26xx.a(uip6.o)
                              contiki-srf06-cc26xx.a(servreg-hack.o) (uip_appdata)
contiki-srf06-cc26xx.a(uip-ds6-nbr.o)
                              contiki-srf06-cc26xx.a(uip-ds6.o) (uip_ds6_neighbors_init)
contiki-srf06-cc26xx.a(uip-nd6.o)
                              contiki-srf06-cc26xx.a(uip6.o) (uip_nd6_init)
contiki-srf06-cc26xx.a(sicslowpan.o)
                              contiki-srf06-cc26xx.a(contiki-main.o) (sicslowpan_driver)
contiki-srf06-cc26xx.a(uip-debug.o)
[...]
Memory Configuration

Name             Origin             Length             Attributes
FLASH            0x0000000000000000 0x000000000001ffa8 xr
FLASH_CCFG       0x000000000001ffa8 0x0000000000000058 xr
SRAM             0x0000000020000000 0x0000000000005000 xrw
GPRAM            0x0000000011000000 0x0000000000002000 xrw
*default*        0x0000000000000000 0xffffffffffffffff

Linker script and memory map

LOAD obj_srf06-cc26xx/fault-handlers.o
LOAD obj_srf06-cc26xx/ccfg.o
LOAD obj_srf06-cc26xx/startup_gcc.o
LOAD unicast-sender.co
LOAD contiki-srf06-cc26xx.a
LOAD /usr/bin/../lib/gcc/arm-none-eabi/7.3.1/../../../../arm-none-eabi/lib/thumb/v7-m/libm.a
START GROUP
LOAD /usr/bin/../lib/gcc/arm-none-eabi/7.3.1/thumb/v7-m/libgcc.a
LOAD /usr/bin/../lib/gcc/arm-none-eabi/7.3.1/../../../../arm-none-eabi/lib/thumb/v7-m/libc.a
END GROUP
                0x0000000020005000                _estack = (ORIGIN (SRAM) + LENGTH (SRAM))
                0x0000000000000000                _Min_Heap_Size = 0x0
                0x0000000000000100                _Min_Stack_Size = 0x100

.text           0x0000000000000000     0xe1f8
                0x0000000000000000                _text = .
 *(SORT_BY_ALIGNMENT(.vectors))
 .vectors       0x0000000000000000       0xc8 obj_srf06-cc26xx/startup_gcc.o
                0x0000000000000000                g_pfnVectors
 *(SORT_BY_ALIGNMENT(.text*))
 .text.FaultISR
                0x00000000000000c8       0x18 obj_srf06-cc26xx/fault-handlers.o
                0x00000000000000c8                FaultISR
 .text.NmiSRHandler
                0x00000000000000e0        0x4 obj_srf06-cc26xx/startup_gcc.o
                0x00000000000000e0                NmiSR
 .text.IntDefaultHandler
                0x00000000000000e4        0x4 obj_srf06-cc26xx/startup_gcc.o
                0x00000000000000e4                SSI0IntHandler
                0x00000000000000e4                SWEvent0IntHandler
                0x00000000000000e4                uDMAIntHandler
                0x00000000000000e4                WatchdogIntHandler
                0x00000000000000e4                RFCHardwareIntHandler
                0x00000000000000e4                Timer1BIntHandler
                0x00000000000000e4                I2SIntHandler
                0x00000000000000e4                Timer2BIntHandler
                0x00000000000000e4                Timer2AIntHandler
                0x00000000000000e4                Timer1AIntHandler
                0x00000000000000e4                AONIntHandler
                0x00000000000000e4                AUXSWEvent0IntHandler
                0x00000000000000e4                AUXADCIntHandler
                0x00000000000000e4                PendSVIntHandler
                0x00000000000000e4                AUXSWEvent1IntHandler
                0x00000000000000e4                SVCallIntHandler
                0x00000000000000e4                MPUFaultIntHandler
                0x00000000000000e4                SysTickIntHandler
                0x00000000000000e4                BusFaultIntHandler
                0x00000000000000e4                AONProgIntHandler
                0x00000000000000e4                AUXCompAIntHandler
                0x00000000000000e4                SSI1IntHandler
                0x00000000000000e4                FlashIntHandler
                0x00000000000000e4                uDMAErrIntHandler
                0x00000000000000e4                UsageFaultIntHandler
                0x00000000000000e4                RFCCmdAckIntHandler
                0x00000000000000e4                CryptoIntHandler
                0x00000000000000e4                Timer0AIntHandler
                0x00000000000000e4                I2CIntHandler
                0x00000000000000e4                DebugMonIntHandler
                0x00000000000000e4                Timer0BIntHandler
                0x00000000000000e4                AUXCombEventIntHandler
                0x00000000000000e4                Timer3AIntHandler
                0x00000000000000e4                DynProgIntHandler
                0x00000000000000e4                Timer3BIntHandler
 .text.ResetISR
                0x00000000000000e8       0x58 obj_srf06-cc26xx/startup_gcc.o
                0x00000000000000e8                ResetISR
 .text.receiver
                0x0000000000000140       0x14 unicast-sender.co
 .text.process_thread_unicast_sender_process
                0x0000000000000154      0x170 unicast-sender.co
 .text.purge_registrations
                0x00000000000002c4       0x98 contiki-srf06-cc26xx.a(servreg-hack.o)
 .text.servreg_hack_init.part.0
                0x000000000000035c       0x38 contiki-srf06-cc26xx.a(servreg-hack.o)
 .text.process_thread_servreg_hack_process
                0x0000000000000394      0x28c contiki-srf06-cc26xx.a(servreg-hack.o)
 .text.servreg_hack_init
                0x0000000000000620       0x10 contiki-srf06-cc26xx.a(servreg-hack.o)
                0x0000000000000620                servreg_hack_init
 .text.servreg_hack_lookup
                0x0000000000000630       0x40 contiki-srf06-cc26xx.a(servreg-hack.o)
                0x0000000000000630                servreg_hack_lookup
 .text.fade     0x0000000000000670       0x64 contiki-srf06-cc26xx.a(contiki-main.o)
 .text.startup.main
                0x00000000000006d4      0x24c contiki-srf06-cc26xx.a(contiki-main.o)
                0x00000000000006d4                main
 .text.process_thread_sensors_process
                0x0000000000000920       0xf0 contiki-srf06-cc26xx.a(sensors.o)
 .text.sensors_changed
                0x0000000000000a10       0x4c contiki-srf06-cc26xx.a(sensors.o)
                0x0000000000000a10                sensors_changed
 .text.leds_init
                0x0000000000000a5c       0x14 contiki-srf06-cc26xx.a(leds.o)
                0x0000000000000a5c                leds_init
 .text.leds_on  0x0000000000000a70       0x14 contiki-srf06-cc26xx.a(leds.o)
                0x0000000000000a70                leds_on
 .text.leds_off
                0x0000000000000a84       0x14 contiki-srf06-cc26xx.a(leds.o)
                0x0000000000000a84                leds_off
 .text.wakeup_handler
                0x0000000000000a98       0x20 contiki-srf06-cc26xx.a(board.o)
 .text.board_init
                0x0000000000000ab8       0x8c contiki-srf06-cc26xx.a(board.o)
                0x0000000000000ab8                board_init
 .text.leds_arch_init
                0x0000000000000b44       0x34 contiki-srf06-cc26xx.a(leds-arch.o)
                0x0000000000000b44                leds_arch_init
 .text.leds_arch_set
                0x0000000000000b78       0x2c contiki-srf06-cc26xx.a(leds-arch.o)
                0x0000000000000b78                leds_arch_set
 .text.status_left
                0x0000000000000ba4       0x20 contiki-srf06-cc26xx.a(button-sensor.o)
 .text.status_right
                0x0000000000000bc4       0x20 contiki-srf06-cc26xx.a(button-sensor.o)
 .text.value_left
                0x0000000000000be4       0x24 contiki-srf06-cc26xx.a(button-sensor.o)
 .text.value_right
                0x0000000000000c08       0x18 contiki-srf06-cc26xx.a(button-sensor.o)
 .text.config_buttons
                0x0000000000000c20       0x84 contiki-srf06-cc26xx.a(button-sensor.o)
 .text.config_left
                0x0000000000000ca4        0xc contiki-srf06-cc26xx.a(button-sensor.o)
 .text.config_right
                0x0000000000000cb0        0xc contiki-srf06-cc26xx.a(button-sensor.o)
 .text.button_press_handler
                0x0000000000000cbc       0x64 contiki-srf06-cc26xx.a(button-sensor.o)
 .text.verify_part
                0x0000000000000d20       0x80 contiki-srf06-cc26xx.a(ext-flash.o)
 .text.wait_ready
                0x0000000000000da0       0x58 contiki-srf06-cc26xx.a(ext-flash.o)
 .text.power_down
                0x0000000000000df8       0x50 contiki-srf06-cc26xx.a(ext-flash.o)
 .text.ext_flash_open
                0x0000000000000e48       0x60 contiki-srf06-cc26xx.a(ext-flash.o)
                0x0000000000000e48                ext_flash_open
 .text.ext_flash_init
                0x0000000000000ea8       0x14 contiki-srf06-cc26xx.a(ext-flash.o)
                0x0000000000000ea8                ext_flash_init
 .text.accessible
                0x0000000000000ebc       0x24 contiki-srf06-cc26xx.a(board-spi.o)
 .text.board_spi_write
                0x0000000000000ee0       0x40 contiki-srf06-cc26xx.a(board-spi.o)
                0x0000000000000ee0                board_spi_write
 .text.board_spi_read
                0x0000000000000f20       0x4c contiki-srf06-cc26xx.a(board-spi.o)
                0x0000000000000f20                board_spi_read
 .text.board_spi_flush
                0x0000000000000f6c       0x24 contiki-srf06-cc26xx.a(board-spi.o)
                0x0000000000000f6c                board_spi_flush
 .text.board_spi_open
                0x0000000000000f90       0xb8 contiki-srf06-cc26xx.a(board-spi.o)
                0x0000000000000f90                board_spi_open
 .text.board_spi_close
                0x0000000000001048       0x70 contiki-srf06-cc26xx.a(board-spi.o)
                0x0000000000001048                board_spi_close
 .text.power_domain_on
                0x00000000000010b8       0x20 contiki-srf06-cc26xx.a(clock.o)
 .text.clock_init
                0x00000000000010d8       0x9c contiki-srf06-cc26xx.a(clock.o)
                0x00000000000010d8                clock_init
 .text.clock_time
                0x0000000000001174       0x34 contiki-srf06-cc26xx.a(clock.o)
                0x0000000000001174                clock_time
 .text.clock_update
                0x00000000000011a8       0x3c contiki-srf06-cc26xx.a(clock.o)
                0x00000000000011a8                clock_update
 .text.clock_seconds
                0x00000000000011e4       0x18 contiki-srf06-cc26xx.a(clock.o)
                0x00000000000011e4                clock_seconds
 .text.soc_rtc_init
                0x00000000000011fc       0xa0 contiki-srf06-cc26xx.a(soc-rtc.o)
                0x00000000000011fc                soc_rtc_init
 .text.soc_rtc_schedule_one_shot
                0x000000000000129c       0x6c contiki-srf06-cc26xx.a(soc-rtc.o)
                0x000000000000129c                soc_rtc_schedule_one_shot
 .text.soc_rtc_last_isr_time
                0x0000000000001308        0xc contiki-srf06-cc26xx.a(soc-rtc.o)
                0x0000000000001308                soc_rtc_last_isr_time
 .text.AONRTCIntHandler
                0x0000000000001314       0x88 contiki-srf06-cc26xx.a(soc-rtc.o)
                0x0000000000001314                AONRTCIntHandler
 .text.watchdog_init
                0x000000000000139c       0x1c contiki-srf06-cc26xx.a(contiki-watchdo)
                0x000000000000139c                watchdog_init
 .text.watchdog_start
                0x00000000000013b8       0x68 contiki-srf06-cc26xx.a(contiki-watchdo)
                0x00000000000013b8                watchdog_start
 .text.watchdog_periodic
                0x0000000000001420       0x1c contiki-srf06-cc26xx.a(contiki-watchdo)
                0x0000000000001420                watchdog_periodic
 .text.watchdog_stop
                0x000000000000143c       0x4c contiki-srf06-cc26xx.a(contiki-watchdo)
                0x000000000000143c                watchdog_stop
 .text.putchar  0x0000000000001488       0x10 contiki-srf06-cc26xx.a(putchar.o)
                0x0000000000001488                putchar
 .text.puts     0x0000000000001498       0x30 contiki-srf06-cc26xx.a(putchar.o)
                0x0000000000001498                puts
 .text.dbg_send_bytes
                0x00000000000014c8       0x40 contiki-srf06-cc26xx.a(putchar.o)
                0x00000000000014c8                dbg_send_bytes
 .text.ieee_addr_cpy_to
                0x0000000000001508       0x3c contiki-srf06-cc26xx.a(ieee-addr.o)
                0x0000000000001508                ieee_addr_cpy_to
 .text.power_and_clock
                0x0000000000001544       0x40 contiki-srf06-cc26xx.a(cc26xx-uart.o)
 .text.enable   0x0000000000001584       0xf0 contiki-srf06-cc26xx.a(cc26xx-uart.o)
 .text.accessible
                0x0000000000001674       0x24 contiki-srf06-cc26xx.a(cc26xx-uart.o)
 .text.lpm_drop_handler
                0x0000000000001698       0xc4 contiki-srf06-cc26xx.a(cc26xx-uart.o)
 .text.cc26xx_uart_init
                0x000000000000175c       0x28 contiki-srf06-cc26xx.a(cc26xx-uart.o)
                0x000000000000175c                cc26xx_uart_init
 .text.cc26xx_uart_write_byte
                0x0000000000001784       0x28 contiki-srf06-cc26xx.a(cc26xx-uart.o)
                0x0000000000001784                cc26xx_uart_write_byte
 .text.cc26xx_uart_busy
                0x00000000000017ac       0x18 contiki-srf06-cc26xx.a(cc26xx-uart.o)
                0x00000000000017ac                cc26xx_uart_busy
 .text.UART0IntHandler
                0x00000000000017c4       0x54 contiki-srf06-cc26xx.a(cc26xx-uart.o)
                0x00000000000017c4                UART0IntHandler
 .text.lpm_shutdown
                0x0000000000001818      0x188 contiki-srf06-cc26xx.a(lpm.o)
                0x0000000000001818                lpm_shutdown
 .text.lpm_sleep
                0x00000000000019a0       0x14 contiki-srf06-cc26xx.a(lpm.o)
                0x00000000000019a0                lpm_sleep
 .text.lpm_drop
                0x00000000000019b4      0x250 contiki-srf06-cc26xx.a(lpm.o)
                0x00000000000019b4                lpm_drop
 .text.lpm_register_module
                0x0000000000001c04        0xc contiki-srf06-cc26xx.a(lpm.o)
                0x0000000000001c04                lpm_register_module
 .text.lpm_unregister_module
                0x0000000000001c10        0xc contiki-srf06-cc26xx.a(lpm.o)
                0x0000000000001c10                lpm_unregister_module
 .text.lpm_init
                0x0000000000001c1c       0x20 contiki-srf06-cc26xx.a(lpm.o)
                0x0000000000001c1c                lpm_init
 .text.lpm_pin_set_default_state
                0x0000000000001c3c       0x2c contiki-srf06-cc26xx.a(lpm.o)
                0x0000000000001c3c                lpm_pin_set_default_state
 .text.gpio_interrupt_register_handler
                0x0000000000001c68       0x2c contiki-srf06-cc26xx.a(gpio-interrupt.)
                0x0000000000001c68                gpio_interrupt_register_handler
 .text.gpio_interrupt_init
                0x0000000000001c94       0x24 contiki-srf06-cc26xx.a(gpio-interrupt.)
                0x0000000000001c94                gpio_interrupt_init
 .text.GPIOIntHandler
                0x0000000000001cb8       0x30 contiki-srf06-cc26xx.a(gpio-interrupt.)
                0x0000000000001cb8                GPIOIntHandler
 .text.oscillators_select_lf_xosc
                0x0000000000001ce8       0x50 contiki-srf06-cc26xx.a(oscillators.o)
                0x0000000000001ce8                oscillators_select_lf_xosc
 .text.oscillators_select_lf_rcosc
                0x0000000000001d38       0x3c contiki-srf06-cc26xx.a(oscillators.o)
                0x0000000000001d38                oscillators_select_lf_rcosc
 .text.oscillators_request_hf_xosc
                0x0000000000001d74       0x30 contiki-srf06-cc26xx.a(oscillators.o)
                0x0000000000001d74                oscillators_request_hf_xosc
 .text.oscillators_switch_to_hf_xosc
                0x0000000000001da4       0x34 contiki-srf06-cc26xx.a(oscillators.o)
                0x0000000000001da4                oscillators_switch_to_hf_xosc
 .text.oscillators_switch_to_hf_rc
                0x0000000000001dd8       0x38 contiki-srf06-cc26xx.a(oscillators.o)
                0x0000000000001dd8                oscillators_switch_to_hf_rc
 .text.request  0x0000000000001e10       0x20 contiki-srf06-cc26xx.a(ieee-mode.o)
 .text.rx_on    0x0000000000001e30       0x5c contiki-srf06-cc26xx.a(ieee-mode.o)
 .text.rf_radio_setup
                0x0000000000001e8c       0x60 contiki-srf06-cc26xx.a(ieee-mode.o)
 .text.soft_on  0x0000000000001eec       0x18 contiki-srf06-cc26xx.a(ieee-mode.o)
 .text.pending_packet
                0x0000000000001f04       0x48 contiki-srf06-cc26xx.a(ieee-mode.o)
 .text.prepare  0x0000000000001f4c       0x1c contiki-srf06-cc26xx.a(ieee-mode.o)
 .text.soft_off
                0x0000000000001f68       0x44 contiki-srf06-cc26xx.a(ieee-mode.o)
 .text.get_object
                0x0000000000001fac       0x48 contiki-srf06-cc26xx.a(ieee-mode.o)
 .text.transmitting.part.1
                0x0000000000001ff4       0x44 contiki-srf06-cc26xx.a(ieee-mode.o)
 .text.rx_off   0x0000000000002038       0x74 contiki-srf06-cc26xx.a(ieee-mode.o)
 .text.set_object
                0x00000000000020ac       0x60 contiki-srf06-cc26xx.a(ieee-mode.o)
 .text.get_cca_info
                0x000000000000210c       0x54 contiki-srf06-cc26xx.a(ieee-mode.o)
 .text.check_rat_overflow
                0x0000000000002160       0x84 contiki-srf06-cc26xx.a(ieee-mode.o)
 .text.receiving_packet
                0x00000000000021e4       0x3c contiki-srf06-cc26xx.a(ieee-mode.o)
 .text.off.part.7
                0x0000000000002220       0x68 contiki-srf06-cc26xx.a(ieee-mode.o)
 .text.off      0x0000000000002288       0x14 contiki-srf06-cc26xx.a(ieee-mode.o)
 .text.on       0x000000000000229c       0xa4 contiki-srf06-cc26xx.a(ieee-mode.o)
 .text.set_value
                0x0000000000002340      0x174 contiki-srf06-cc26xx.a(ieee-mode.o)
 .text.get_value
                0x00000000000024b4      0x198 contiki-srf06-cc26xx.a(ieee-mode.o)
 .text.transmit
                0x000000000000264c      0x104 contiki-srf06-cc26xx.a(ieee-mode.o)
 .text.send     0x0000000000002750       0x24 contiki-srf06-cc26xx.a(ieee-mode.o)
 .text.channel_clear
                0x0000000000002774       0x84 contiki-srf06-cc26xx.a(ieee-mode.o)
 .text.read_frame
                0x00000000000027f8      0x194 contiki-srf06-cc26xx.a(ieee-mode.o)
 .text.handle_rat_overflow
                0x000000000000298c       0x68 contiki-srf06-cc26xx.a(ieee-mode.o)
 .text.init     0x00000000000029f4      0x114 contiki-srf06-cc26xx.a(ieee-mode.o)
 .text.random_rand
                0x0000000000002b08        0xc contiki-srf06-cc26xx.a(random.o)
                0x0000000000002b08                random_rand
 .text.random_init
                0x0000000000002b14        0x4 contiki-srf06-cc26xx.a(random.o)
                0x0000000000002b14                random_init
 .text.power_up
                0x0000000000002b18       0x40 contiki-srf06-cc26xx.a(soc-trng.o)
 .text.request  0x0000000000002b58       0x14 contiki-srf06-cc26xx.a(soc-trng.o)
 .text.process_thread_soc_trng_process
                0x0000000000002b6c       0x94 contiki-srf06-cc26xx.a(soc-trng.o)
 .text.accessible
                0x0000000000002c00       0x24 contiki-srf06-cc26xx.a(soc-trng.o)
 .text.soc_trng_rand_synchronous
                0x0000000000002c24       0xcc contiki-srf06-cc26xx.a(soc-trng.o)
                0x0000000000002c24                soc_trng_rand_synchronous
 .text.TRNGIntHandler
                0x0000000000002cf0       0x50 contiki-srf06-cc26xx.a(soc-trng.o)
                0x0000000000002cf0                TRNGIntHandler
 .text.soc_trng_init
                0x0000000000002d40       0x28 contiki-srf06-cc26xx.a(soc-trng.o)
                0x0000000000002d40                soc_trng_init
 .text.write_str
                0x0000000000002d68       0x14 contiki-srf06-cc26xx.a(dbg-printf.o)
 .text.printf   0x0000000000002d7c       0x24 contiki-srf06-cc26xx.a(dbg-printf.o)
                0x0000000000002d7c                printf
 .text.buffer_str
                0x0000000000002da0       0x18 contiki-srf06-cc26xx.a(dbg-sprintf.o)
 .text.sprintf  0x0000000000002db8       0x34 contiki-srf06-cc26xx.a(dbg-sprintf.o)
                0x0000000000002db8                sprintf
 .text.fill_space
                0x0000000000002dec       0x3c contiki-srf06-cc26xx.a(strformat.o)
 .text.format_str_v
                0x0000000000002e28      0x8d8 contiki-srf06-cc26xx.a(strformat.o)
                0x0000000000002e28                format_str_v
 .text.autostart_start
                0x0000000000003700       0x18 contiki-srf06-cc26xx.a(autostart.o)
                0x0000000000003700                autostart_start
 .text.energest_init
                0x0000000000003718        0x4 contiki-srf06-cc26xx.a(energest.o)
                0x0000000000003718                energest_init
 .text.update_time.part.0
                0x000000000000371c       0x3c contiki-srf06-cc26xx.a(etimer.o)
 .text.process_thread_etimer_process
                0x0000000000003758       0xdc contiki-srf06-cc26xx.a(etimer.o)
 .text.add_timer
                0x0000000000003834       0x54 contiki-srf06-cc26xx.a(etimer.o)
 .text.etimer_request_poll
                0x0000000000003888        0xc contiki-srf06-cc26xx.a(etimer.o)
                0x0000000000003888                etimer_request_poll
 .text.etimer_set
                0x0000000000003894       0x14 contiki-srf06-cc26xx.a(etimer.o)
                0x0000000000003894                etimer_set
 .text.etimer_reset
                0x00000000000038a8       0x14 contiki-srf06-cc26xx.a(etimer.o)
                0x00000000000038a8                etimer_reset
 .text.etimer_restart
                0x00000000000038bc       0x14 contiki-srf06-cc26xx.a(etimer.o)
                0x00000000000038bc                etimer_restart
 .text.etimer_expired
                0x00000000000038d0        0xc contiki-srf06-cc26xx.a(etimer.o)
                0x00000000000038d0                etimer_expired
 .text.etimer_expiration_time
                0x00000000000038dc        0x8 contiki-srf06-cc26xx.a(etimer.o)
                0x00000000000038dc                etimer_expiration_time
 .text.etimer_pending
                0x00000000000038e4       0x10 contiki-srf06-cc26xx.a(etimer.o)
                0x00000000000038e4                etimer_pending
 .text.etimer_next_expiration_time
                0x00000000000038f4       0x14 contiki-srf06-cc26xx.a(etimer.o)
                0x00000000000038f4                etimer_next_expiration_time
 .text.etimer_stop
                0x0000000000003908       0x50 contiki-srf06-cc26xx.a(etimer.o)
                0x0000000000003908                etimer_stop
 .text.process_thread_ctimer_process
                0x0000000000003958       0x94 contiki-srf06-cc26xx.a(ctimer.o)
 .text.ctimer_init
                0x00000000000039ec       0x28 contiki-srf06-cc26xx.a(ctimer.o)
                0x00000000000039ec                ctimer_init
 .text.ctimer_set_with_process
                0x0000000000003a14       0x4c contiki-srf06-cc26xx.a(ctimer.o)
                0x0000000000003a14                ctimer_set_with_process
 .text.ctimer_set
                0x0000000000003a60       0x18 contiki-srf06-cc26xx.a(ctimer.o)
                0x0000000000003a60                ctimer_set
 .text.ctimer_reset
                0x0000000000003a78       0x38 contiki-srf06-cc26xx.a(ctimer.o)
                0x0000000000003a78                ctimer_reset
 .text.ctimer_restart
                0x0000000000003ab0       0x38 contiki-srf06-cc26xx.a(ctimer.o)
                0x0000000000003ab0                ctimer_restart
 .text.ctimer_stop
                0x0000000000003ae8       0x34 contiki-srf06-cc26xx.a(ctimer.o)
                0x0000000000003ae8                ctimer_stop
 .text.exit_process
                0x0000000000003b1c       0x9c contiki-srf06-cc26xx.a(process.o)
 .text.call_process.part.0
                0x0000000000003bb8       0x38 contiki-srf06-cc26xx.a(process.o)
 .text.do_poll  0x0000000000003bf0       0x38 contiki-srf06-cc26xx.a(process.o)
 .text.process_alloc_event
                0x0000000000003c28       0x10 contiki-srf06-cc26xx.a(process.o)
                0x0000000000003c28                process_alloc_event
 .text.process_start
                0x0000000000003c38       0x48 contiki-srf06-cc26xx.a(process.o)
                0x0000000000003c38                process_start
 .text.process_init
                0x0000000000003c80       0x34 contiki-srf06-cc26xx.a(process.o)
                0x0000000000003c80                process_init
 .text.process_run
                0x0000000000003cb4       0xa4 contiki-srf06-cc26xx.a(process.o)
                0x0000000000003cb4                process_run
 .text.process_nevents
                0x0000000000003d58       0x14 contiki-srf06-cc26xx.a(process.o)
                0x0000000000003d58                process_nevents
 .text.process_post
                0x0000000000003d6c       0x40 contiki-srf06-cc26xx.a(process.o)
                0x0000000000003d6c                process_post
 .text.process_post_synch
                0x0000000000003dac       0x18 contiki-srf06-cc26xx.a(process.o)
                0x0000000000003dac                process_post_synch
 .text.process_poll
                0x0000000000003dc4       0x1c contiki-srf06-cc26xx.a(process.o)
                0x0000000000003dc4                process_poll
 .text.rtimer_init
                0x0000000000003de0        0x4 contiki-srf06-cc26xx.a(rtimer.o)
                0x0000000000003de0                rtimer_init
 .text.rtimer_set
                0x0000000000003de4       0x30 contiki-srf06-cc26xx.a(rtimer.o)
                0x0000000000003de4                rtimer_set
 .text.rtimer_run_next
                0x0000000000003e14       0x28 contiki-srf06-cc26xx.a(rtimer.o)
                0x0000000000003e14                rtimer_run_next
 .text.timer_set
                0x0000000000003e3c       0x10 contiki-srf06-cc26xx.a(timer.o)
                0x0000000000003e3c                timer_set
 .text.timer_reset
                0x0000000000003e4c        0xc contiki-srf06-cc26xx.a(timer.o)
                0x0000000000003e4c                timer_reset
 .text.timer_restart
                0x0000000000003e58        0xc contiki-srf06-cc26xx.a(timer.o)
                0x0000000000003e58                timer_restart
 .text.timer_expired
                0x0000000000003e64       0x1c contiki-srf06-cc26xx.a(timer.o)
                0x0000000000003e64                timer_expired
 .text.process_thread_serial_line_process
                0x0000000000003e80       0xa4 contiki-srf06-cc26xx.a(serial-line.o)
 .text.serial_line_init
                0x0000000000003f24       0x24 contiki-srf06-cc26xx.a(serial-line.o)
                0x0000000000003f24                serial_line_init
 .text.ringbuf_init
                0x0000000000003f48       0x10 contiki-srf06-cc26xx.a(ringbuf.o)
                0x0000000000003f48                ringbuf_init
 .text.ringbuf_get
                0x0000000000003f58       0x24 contiki-srf06-cc26xx.a(ringbuf.o)
                0x0000000000003f58                ringbuf_get
 .text.list_init
                0x0000000000003f7c        0x8 contiki-srf06-cc26xx.a(list.o)
                0x0000000000003f7c                list_init
 .text.list_head
                0x0000000000003f84        0x4 contiki-srf06-cc26xx.a(list.o)
                0x0000000000003f84                list_head
 .text.list_add
                0x0000000000003f88       0x58 contiki-srf06-cc26xx.a(list.o)
                0x0000000000003f88                list_add
 .text.list_push
                0x0000000000003fe0       0x44 contiki-srf06-cc26xx.a(list.o)
                0x0000000000003fe0                list_push
 .text.list_remove
                0x0000000000004024       0x38 contiki-srf06-cc26xx.a(list.o)
                0x0000000000004024                list_remove
 .text.list_length
                0x000000000000405c       0x14 contiki-srf06-cc26xx.a(list.o)
                0x000000000000405c                list_length
 .text.list_item_next
                0x0000000000004070        0x8 contiki-srf06-cc26xx.a(list.o)
                0x0000000000004070                list_item_next
 .text.memb_init
                0x0000000000004078       0x24 contiki-srf06-cc26xx.a(memb.o)
                0x0000000000004078                memb_init
 .text.memb_alloc
                0x000000000000409c       0x3c contiki-srf06-cc26xx.a(memb.o)
                0x000000000000409c                memb_alloc
 .text.memb_free
                0x00000000000040d8       0x3c contiki-srf06-cc26xx.a(memb.o)
                0x00000000000040d8                memb_free
 .text.memb_inmemb
                0x0000000000004114       0x1c contiki-srf06-cc26xx.a(memb.o)
                0x0000000000004114                memb_inmemb
 .text.memb_numfree
                0x0000000000004130       0x20 contiki-srf06-cc26xx.a(memb.o)
                0x0000000000004130                memb_numfree
 .text.uip_ds6_list_loop
                0x0000000000004150       0x58 contiki-srf06-cc26xx.a(uip-ds6.o)
                0x0000000000004150                uip_ds6_list_loop
 .text.uip_ds6_prefix_add
                0x00000000000041a8       0x6c contiki-srf06-cc26xx.a(uip-ds6.o)
                0x00000000000041a8                uip_ds6_prefix_add
 .text.uip_ds6_is_addr_onlink
                0x0000000000004214       0x40 contiki-srf06-cc26xx.a(uip-ds6.o)
                0x0000000000004214                uip_ds6_is_addr_onlink
 .text.uip_ds6_addr_lookup
                0x0000000000004254       0x2c contiki-srf06-cc26xx.a(uip-ds6.o)
                0x0000000000004254                uip_ds6_addr_lookup
 .text.uip_ds6_get_link_local
                0x0000000000004280       0x54 contiki-srf06-cc26xx.a(uip-ds6.o)
                0x0000000000004280                uip_ds6_get_link_local
 .text.uip_ds6_maddr_add
                0x00000000000042d4       0x50 contiki-srf06-cc26xx.a(uip-ds6.o)
                0x00000000000042d4                uip_ds6_maddr_add
 .text.uip_ds6_addr_add
                0x0000000000004324       0xa0 contiki-srf06-cc26xx.a(uip-ds6.o)
                0x0000000000004324                uip_ds6_addr_add
 .text.uip_ds6_maddr_lookup
                0x00000000000043c4       0x2c contiki-srf06-cc26xx.a(uip-ds6.o)
                0x00000000000043c4                uip_ds6_maddr_lookup
 .text.uip_ds6_addr_rm.part.0
                0x00000000000043f0       0x40 contiki-srf06-cc26xx.a(uip-ds6.o)
 .text.uip_ds6_addr_rm
                0x0000000000004430        0x8 contiki-srf06-cc26xx.a(uip-ds6.o)
                0x0000000000004430                uip_ds6_addr_rm
 .text.uip_ds6_periodic
                0x0000000000004438       0x58 contiki-srf06-cc26xx.a(uip-ds6.o)
                0x0000000000004438                uip_ds6_periodic
 .text.uip_ds6_select_src
                0x0000000000004490      0x114 contiki-srf06-cc26xx.a(uip-ds6.o)
                0x0000000000004490                uip_ds6_select_src
 .text.uip_ds6_set_addr_iid
                0x00000000000045a4       0x14 contiki-srf06-cc26xx.a(uip-ds6.o)
                0x00000000000045a4                uip_ds6_set_addr_iid
 .text.uip_ds6_compute_reachable_time
                0x00000000000045b8       0x2c contiki-srf06-cc26xx.a(uip-ds6.o)
                0x00000000000045b8                uip_ds6_compute_reachable_time
 .text.uip_ds6_init
                0x00000000000045e4       0xe0 contiki-srf06-cc26xx.a(uip-ds6.o)
                0x00000000000045e4                uip_ds6_init
 .text.call_route_callback
                0x00000000000046c4       0x54 contiki-srf06-cc26xx.a(uip-ds6-route.o)
 .text.uip_ds6_route_init
                0x0000000000004718       0x4c contiki-srf06-cc26xx.a(uip-ds6-route.o)
                0x0000000000004718                uip_ds6_route_init
 .text.uip_ds6_route_nexthop
                0x0000000000004764       0x1c contiki-srf06-cc26xx.a(uip-ds6-route.o)
                0x0000000000004764                uip_ds6_route_nexthop
 .text.uip_ds6_route_rm.part.0
                0x0000000000004780       0x9c contiki-srf06-cc26xx.a(uip-ds6-route.o)
 .text.rm_routelist
                0x000000000000481c       0x3c contiki-srf06-cc26xx.a(uip-ds6-route.o)
 .text.rm_routelist_callback
                0x0000000000004858        0x4 contiki-srf06-cc26xx.a(uip-ds6-route.o)
 .text.uip_ds6_route_head
                0x000000000000485c        0xc contiki-srf06-cc26xx.a(uip-ds6-route.o)
                0x000000000000485c                uip_ds6_route_head
 .text.uip_ds6_route_next
                0x0000000000004868        0x8 contiki-srf06-cc26xx.a(uip-ds6-route.o)
                0x0000000000004868                uip_ds6_route_next
 .text.uip_ds6_route_is_nexthop
                0x0000000000004870       0x20 contiki-srf06-cc26xx.a(uip-ds6-route.o)
                0x0000000000004870                uip_ds6_route_is_nexthop
 .text.uip_ds6_route_lookup
                0x0000000000004890       0x78 contiki-srf06-cc26xx.a(uip-ds6-route.o)
                0x0000000000004890                uip_ds6_route_lookup
 .text.uip_ds6_route_add
                0x0000000000004908      0x114 contiki-srf06-cc26xx.a(uip-ds6-route.o)
                0x0000000000004908                uip_ds6_route_add
 .text.uip_ds6_route_rm
                0x0000000000004a1c        0xc contiki-srf06-cc26xx.a(uip-ds6-route.o)
                0x0000000000004a1c                uip_ds6_route_rm
 .text.uip_ds6_defrt_rm
                0x0000000000004a28       0x48 contiki-srf06-cc26xx.a(uip-ds6-route.o)
                0x0000000000004a28                uip_ds6_defrt_rm
 .text.uip_ds6_defrt_lookup
                0x0000000000004a70       0x38 contiki-srf06-cc26xx.a(uip-ds6-route.o)
                0x0000000000004a70                uip_ds6_defrt_lookup
 .text.uip_ds6_defrt_add
                0x0000000000004aa8       0x5c contiki-srf06-cc26xx.a(uip-ds6-route.o)
                0x0000000000004aa8                uip_ds6_defrt_add
 .text.uip_ds6_defrt_choose
                0x0000000000004b04       0x34 contiki-srf06-cc26xx.a(uip-ds6-route.o)
                0x0000000000004b04                uip_ds6_defrt_choose
 .text.uip_ds6_defrt_periodic
                0x0000000000004b38       0x44 contiki-srf06-cc26xx.a(uip-ds6-route.o)
                0x0000000000004b38                uip_ds6_defrt_periodic
 .text.chksum   0x0000000000004b7c       0x58 contiki-srf06-cc26xx.a(uip6.o)
 .text.upper_layer_chksum
                0x0000000000004bd4       0x54 contiki-srf06-cc26xx.a(uip6.o)
 .text.ext_hdr_options_process
                0x0000000000004c28       0xd0 contiki-srf06-cc26xx.a(uip6.o)
 .text.uip_add32
                0x0000000000004cf8       0x58 contiki-srf06-cc26xx.a(uip6.o)
                0x0000000000004cf8                uip_add32
 .text.unlikely.uip_add_rcv_nxt
                0x0000000000004d50       0x2c contiki-srf06-cc26xx.a(uip6.o)
 .text.uip_icmp6chksum
                0x0000000000004d7c        0x8 contiki-srf06-cc26xx.a(uip6.o)
                0x0000000000004d7c                uip_icmp6chksum
 .text.uip_init
                0x0000000000004d84       0x5c contiki-srf06-cc26xx.a(uip6.o)
                0x0000000000004d84                uip_init
 .text.remove_ext_hdr
                0x0000000000004de0       0x54 contiki-srf06-cc26xx.a(uip6.o)
                0x0000000000004de0                remove_ext_hdr
 .text.uip_udp_new
                0x0000000000004e34       0x94 contiki-srf06-cc26xx.a(uip6.o)
                0x0000000000004e34                uip_udp_new
 .text.uip_unlisten
                0x0000000000004ec8       0x28 contiki-srf06-cc26xx.a(uip6.o)
                0x0000000000004ec8                uip_unlisten
 .text.uip_process
                0x0000000000004ef0      0xf3c contiki-srf06-cc26xx.a(uip6.o)
                0x0000000000004ef0                uip_process
 .text.uip_htonl
                0x0000000000005e2c       0x1c contiki-srf06-cc26xx.a(uip6.o)
                0x0000000000005e2c                uip_htonl
 .text.uip_ds6_nbr_rm
                0x0000000000005e48       0x20 contiki-srf06-cc26xx.a(uip-ds6-nbr.o)
                0x0000000000005e48                uip_ds6_nbr_rm
 .text.uip_ds6_neighbors_init
                0x0000000000005e68       0x1c contiki-srf06-cc26xx.a(uip-ds6-nbr.o)
                0x0000000000005e68                uip_ds6_neighbors_init
 .text.uip_ds6_nbr_add
                0x0000000000005e84       0x38 contiki-srf06-cc26xx.a(uip-ds6-nbr.o)
                0x0000000000005e84                uip_ds6_nbr_add
 .text.uip_ds6_nbr_get_ll
                0x0000000000005ebc       0x10 contiki-srf06-cc26xx.a(uip-ds6-nbr.o)
                0x0000000000005ebc                uip_ds6_nbr_get_ll
 .text.uip_ds6_nbr_lookup
                0x0000000000005ecc       0x34 contiki-srf06-cc26xx.a(uip-ds6-nbr.o)
                0x0000000000005ecc                uip_ds6_nbr_lookup
 .text.uip_ds6_nbr_ipaddr_from_lladdr
                0x0000000000005f00       0x10 contiki-srf06-cc26xx.a(uip-ds6-nbr.o)
                0x0000000000005f00                uip_ds6_nbr_ipaddr_from_lladdr
 .text.uip_ds6_nbr_lladdr_from_ipaddr
                0x0000000000005f10       0x1c contiki-srf06-cc26xx.a(uip-ds6-nbr.o)
                0x0000000000005f10                uip_ds6_nbr_lladdr_from_ipaddr
 .text.uip_ds6_link_neighbor_callback
                0x0000000000005f2c       0x34 contiki-srf06-cc26xx.a(uip-ds6-nbr.o)
                0x0000000000005f2c                uip_ds6_link_neighbor_callback
 .text.ns_input
                0x0000000000005f60      0x278 contiki-srf06-cc26xx.a(uip-nd6.o)
 .text.uip_nd6_init
                0x00000000000061d8        0xc contiki-srf06-cc26xx.a(uip-nd6.o)
                0x00000000000061d8                uip_nd6_init
 .text.sicslowpan_init
                0x00000000000061e4       0x1c contiki-srf06-cc26xx.a(sicslowpan.o)
                0x00000000000061e4                sicslowpan_init
 .text.compress_addr_64
                0x0000000000006200       0x98 contiki-srf06-cc26xx.a(sicslowpan.o)
 .text.set_packet_attrs
                0x0000000000006298       0x50 contiki-srf06-cc26xx.a(sicslowpan.o)
 .text.addr_context_lookup_by_prefix
                0x00000000000062e8       0x40 contiki-srf06-cc26xx.a(sicslowpan.o)
 .text.send_packet
                0x0000000000006328       0x24 contiki-srf06-cc26xx.a(sicslowpan.o)
 .text.packet_sent
                0x000000000000634c       0x28 contiki-srf06-cc26xx.a(sicslowpan.o)
 .text.store_fragment
                0x0000000000006374       0x74 contiki-srf06-cc26xx.a(sicslowpan.o)
 .text.add_fragment
                0x00000000000063e8      0x1bc contiki-srf06-cc26xx.a(sicslowpan.o)
 .text.uncompress_addr
                0x00000000000065a4       0xc0 contiki-srf06-cc26xx.a(sicslowpan.o)
 .text.input    0x0000000000006664      0x5fc contiki-srf06-cc26xx.a(sicslowpan.o)
 .text.output   0x0000000000006c60      0x738 contiki-srf06-cc26xx.a(sicslowpan.o)
 .text.uip_debug_ipaddr_print
                0x0000000000007398       0xc4 contiki-srf06-cc26xx.a(uip-debug.o)
                0x0000000000007398                uip_debug_ipaddr_print
 .text.uip_udp_packet_send
                0x000000000000745c       0x3c contiki-srf06-cc26xx.a(uip-udp-packet.)
                0x000000000000745c                uip_udp_packet_send
 .text.uip_udp_packet_sendto
                0x0000000000007498       0x48 contiki-srf06-cc26xx.a(uip-udp-packet.)
                0x0000000000007498                uip_udp_packet_sendto
 .text.start_periodic_tcp_timer
                0x00000000000074e0       0x1c contiki-srf06-cc26xx.a(tcpip.o)
 .text.tcpip_set_outputfunc
                0x00000000000074fc        0xc contiki-srf06-cc26xx.a(tcpip.o)
                0x00000000000074fc                tcpip_set_outputfunc
 .text.udp_new  0x0000000000007508       0x18 contiki-srf06-cc26xx.a(tcpip.o)
                0x0000000000007508                udp_new
 .text.udp_broadcast_new
                0x0000000000007520       0x38 contiki-srf06-cc26xx.a(tcpip.o)
                0x0000000000007520                udp_broadcast_new
 .text.tcpip_icmp6_call
                0x0000000000007558       0x28 contiki-srf06-cc26xx.a(tcpip.o)
                0x0000000000007558                tcpip_icmp6_call
 .text.tcpip_input
                0x0000000000007580       0x24 contiki-srf06-cc26xx.a(tcpip.o)
                0x0000000000007580                tcpip_input
 .text.tcpip_ipv6_output
                0x00000000000075a4       0xc4 contiki-srf06-cc26xx.a(tcpip.o)
                0x00000000000075a4                tcpip_ipv6_output
 .text.process_thread_tcpip_process
                0x0000000000007668      0x1c8 contiki-srf06-cc26xx.a(tcpip.o)
 .text.tcpip_uipcall
                0x0000000000007830       0x70 contiki-srf06-cc26xx.a(tcpip.o)
                0x0000000000007830                tcpip_uipcall
 .text.process_thread_simple_udp_process
                0x00000000000078a0       0xb0 contiki-srf06-cc26xx.a(simple-udp.o)
 .text.simple_udp_sendto
                0x0000000000007950       0x20 contiki-srf06-cc26xx.a(simple-udp.o)
                0x0000000000007950                simple_udp_sendto
 .text.simple_udp_register
                0x0000000000007970       0x7c contiki-srf06-cc26xx.a(simple-udp.o)
                0x0000000000007970                simple_udp_register
 .text.rpl_set_preferred_parent
                0x00000000000079ec       0x2c contiki-srf06-cc26xx.a(rpl-dag.o)
 .text.set_ip_from_prefix
                0x0000000000007a18       0x24 contiki-srf06-cc26xx.a(rpl-dag.o)
 .text.check_prefix
                0x0000000000007a3c       0x7c contiki-srf06-cc26xx.a(rpl-dag.o)
 .text.find_parent_any_dag_any_instance
                0x0000000000007ab8       0x1c contiki-srf06-cc26xx.a(rpl-dag.o)
 .text.lollipop_greater_than
                0x0000000000007ad4       0x3c contiki-srf06-cc26xx.a(rpl-dag.o)
 .text.rpl_dag_init
                0x0000000000007b10       0x14 contiki-srf06-cc26xx.a(rpl-dag.o)
                0x0000000000007b10                rpl_dag_init
 .text.rpl_get_parent
                0x0000000000007b24       0x10 contiki-srf06-cc26xx.a(rpl-dag.o)
                0x0000000000007b24                rpl_get_parent
 .text.rpl_rank_via_parent
                0x0000000000007b34       0x1c contiki-srf06-cc26xx.a(rpl-dag.o)
                0x0000000000007b34                rpl_rank_via_parent
 .text.rpl_get_parent_ipaddr
                0x0000000000007b50       0x18 contiki-srf06-cc26xx.a(rpl-dag.o)
                0x0000000000007b50                rpl_get_parent_ipaddr
 .text.rpl_get_parent_link_stats
                0x0000000000007b68       0x18 contiki-srf06-cc26xx.a(rpl-dag.o)
                0x0000000000007b68                rpl_get_parent_link_stats
 .text.best_parent
                0x0000000000007b80       0x94 contiki-srf06-cc26xx.a(rpl-dag.o)
 .text.rpl_parent_is_fresh
                0x0000000000007c14       0x10 contiki-srf06-cc26xx.a(rpl-dag.o)
                0x0000000000007c14                rpl_parent_is_fresh
 .text.rpl_parent_is_reachable
                0x0000000000007c24       0x38 contiki-srf06-cc26xx.a(rpl-dag.o)
                0x0000000000007c24                rpl_parent_is_reachable
 .text.rpl_repair_root
                0x0000000000007c5c       0x54 contiki-srf06-cc26xx.a(rpl-dag.o)
                0x0000000000007c5c                rpl_repair_root
 .text.rpl_set_prefix
                0x0000000000007cb0       0x9c contiki-srf06-cc26xx.a(rpl-dag.o)
                0x0000000000007cb0                rpl_set_prefix
 .text.rpl_set_default_route
                0x0000000000007d4c       0x30 contiki-srf06-cc26xx.a(rpl-dag.o)
                0x0000000000007d4c                rpl_set_default_route
 .text.rpl_alloc_instance
                0x0000000000007d7c       0x34 contiki-srf06-cc26xx.a(rpl-dag.o)
                0x0000000000007d7c                rpl_alloc_instance
 .text.rpl_alloc_dag
                0x0000000000007db0       0x5c contiki-srf06-cc26xx.a(rpl-dag.o)
                0x0000000000007db0                rpl_alloc_dag
 .text.rpl_add_parent
                0x0000000000007e0c       0x30 contiki-srf06-cc26xx.a(rpl-dag.o)
                0x0000000000007e0c                rpl_add_parent
 .text.rpl_join_instance.part.6
                0x0000000000007e3c      0x150 contiki-srf06-cc26xx.a(rpl-dag.o)
 .text.rpl_find_parent
                0x0000000000007f8c       0x18 contiki-srf06-cc26xx.a(rpl-dag.o)
                0x0000000000007f8c                rpl_find_parent
 .text.rpl_find_parent_any_dag
                0x0000000000007fa4       0x20 contiki-srf06-cc26xx.a(rpl-dag.o)
                0x0000000000007fa4                rpl_find_parent_any_dag
 .text.rpl_select_parent
                0x0000000000007fc4       0x58 contiki-srf06-cc26xx.a(rpl-dag.o)
                0x0000000000007fc4                rpl_select_parent
 .text.rpl_select_dag
                0x000000000000801c      0x170 contiki-srf06-cc26xx.a(rpl-dag.o)
                0x000000000000801c                rpl_select_dag
 .text.rpl_nullify_parent
                0x000000000000818c       0x58 contiki-srf06-cc26xx.a(rpl-dag.o)
                0x000000000000818c                rpl_nullify_parent
 .text.nbr_callback
                0x00000000000081e4       0x1c contiki-srf06-cc26xx.a(rpl-dag.o)
 .text.remove_parents.constprop.9
                0x0000000000008200       0x48 contiki-srf06-cc26xx.a(rpl-dag.o)
 .text.rpl_free_dag
                0x0000000000008248       0x48 contiki-srf06-cc26xx.a(rpl-dag.o)
                0x0000000000008248                rpl_free_dag
 .text.rpl_move_parent
                0x0000000000008290       0x58 contiki-srf06-cc26xx.a(rpl-dag.o)
                0x0000000000008290                rpl_move_parent
 .text.rpl_get_dag
                0x00000000000082e8       0x58 contiki-srf06-cc26xx.a(rpl-dag.o)
                0x00000000000082e8                rpl_get_dag
 .text.rpl_get_any_dag
                0x0000000000008340       0x18 contiki-srf06-cc26xx.a(rpl-dag.o)
                0x0000000000008340                rpl_get_any_dag
 .text.rpl_get_instance
                0x0000000000008358       0x1c contiki-srf06-cc26xx.a(rpl-dag.o)
                0x0000000000008358                rpl_get_instance
 .text.rpl_local_repair
                0x0000000000008374       0x80 contiki-srf06-cc26xx.a(rpl-dag.o)
                0x0000000000008374                rpl_local_repair
 .text.rpl_process_parent_event
                0x00000000000083f4       0xa0 contiki-srf06-cc26xx.a(rpl-dag.o)
                0x00000000000083f4                rpl_process_parent_event
 .text.rpl_add_dag
                0x0000000000008494      0x14c contiki-srf06-cc26xx.a(rpl-dag.o)
                0x0000000000008494                rpl_add_dag
 .text.rpl_recalculate_ranks
                0x00000000000085e0       0x50 contiki-srf06-cc26xx.a(rpl-dag.o)
                0x00000000000085e0                rpl_recalculate_ranks
 .text.rpl_process_dio
                0x0000000000008630      0x314 contiki-srf06-cc26xx.a(rpl-dag.o)
                0x0000000000008630                rpl_process_dio
 .text.new_dio_interval
                0x0000000000008944       0x60 contiki-srf06-cc26xx.a(rpl-timers.o)
 .text.handle_periodic_timer
                0x00000000000089a4       0x60 contiki-srf06-cc26xx.a(rpl-timers.o)
 .text.handle_unicast_dio_timer
                0x0000000000008a04       0x1c contiki-srf06-cc26xx.a(rpl-timers.o)
 .text.handle_dio_timer
                0x0000000000008a20       0x8c contiki-srf06-cc26xx.a(rpl-timers.o)
 .text.set_dao_lifetime_timer.part.1
                0x0000000000008aac       0x40 contiki-srf06-cc26xx.a(rpl-timers.o)
 .text.schedule_dao
                0x0000000000008aec       0x5c contiki-srf06-cc26xx.a(rpl-timers.o)
 .text.handle_dao_timer
                0x0000000000008b48       0x64 contiki-srf06-cc26xx.a(rpl-timers.o)
 .text.rpl_reset_periodic_timer
                0x0000000000008bac       0x3c contiki-srf06-cc26xx.a(rpl-timers.o)
                0x0000000000008bac                rpl_reset_periodic_timer
 .text.rpl_reset_dio_timer
                0x0000000000008be8       0x1c contiki-srf06-cc26xx.a(rpl-timers.o)
                0x0000000000008be8                rpl_reset_dio_timer
 .text.rpl_schedule_dao
                0x0000000000008c04        0x8 contiki-srf06-cc26xx.a(rpl-timers.o)
                0x0000000000008c04                rpl_schedule_dao
 .text.rpl_schedule_unicast_dio_immediately
                0x0000000000008c0c       0x14 contiki-srf06-cc26xx.a(rpl-timers.o)
                0x0000000000008c0c                rpl_schedule_unicast_dio_immediately
 .text.get_probing_delay
                0x0000000000008c20       0x4c contiki-srf06-cc26xx.a(rpl-timers.o)
                0x0000000000008c20                get_probing_delay
 .text.get_probing_target
                0x0000000000008c6c       0xd8 contiki-srf06-cc26xx.a(rpl-timers.o)
                0x0000000000008c6c                get_probing_target
 .text.rpl_schedule_probing
                0x0000000000008d44       0x20 contiki-srf06-cc26xx.a(rpl-timers.o)
                0x0000000000008d44                rpl_schedule_probing
 .text.handle_probing_timer
                0x0000000000008d64       0x34 contiki-srf06-cc26xx.a(rpl-timers.o)
 .text.update_hbh_header
                0x0000000000008d98       0xd0 contiki-srf06-cc26xx.a(rpl-ext-header.)
 .text.insert_hbh_header.isra.0
                0x0000000000008e68       0xa8 contiki-srf06-cc26xx.a(rpl-ext-header.)
 .text.rpl_verify_hbh_header
                0x0000000000008f10       0xe8 contiki-srf06-cc26xx.a(rpl-ext-header.)
                0x0000000000008f10                rpl_verify_hbh_header
 .text.rpl_remove_header
                0x0000000000008ff8       0x78 contiki-srf06-cc26xx.a(rpl-ext-header.)
                0x0000000000008ff8                rpl_remove_header
 .text.rpl_update_header
                0x0000000000009070       0x74 contiki-srf06-cc26xx.a(rpl-ext-header.)
                0x0000000000009070                rpl_update_header
 .text.rpl_get_mode
                0x00000000000090e4        0xc contiki-srf06-cc26xx.a(rpl.o)
                0x00000000000090e4                rpl_get_mode
 .text.rpl_purge_routes
                0x00000000000090f0       0x80 contiki-srf06-cc26xx.a(rpl.o)
                0x00000000000090f0                rpl_purge_routes
 .text.rpl_remove_routes
                0x0000000000009170       0x24 contiki-srf06-cc26xx.a(rpl.o)
                0x0000000000009170                rpl_remove_routes
 .text.rpl_remove_routes_by_nexthop
                0x0000000000009194       0x34 contiki-srf06-cc26xx.a(rpl.o)
                0x0000000000009194                rpl_remove_routes_by_nexthop
 .text.rpl_add_route
                0x00000000000091c8       0x38 contiki-srf06-cc26xx.a(rpl.o)
                0x00000000000091c8                rpl_add_route
 .text.rpl_link_neighbor_callback
                0x0000000000009200       0x48 contiki-srf06-cc26xx.a(rpl.o)
                0x0000000000009200                rpl_link_neighbor_callback
 .text.rpl_ipv6_neighbor_callback
                0x0000000000009248       0x30 contiki-srf06-cc26xx.a(rpl.o)
                0x0000000000009248                rpl_ipv6_neighbor_callback
 .text.rpl_purge_dags
                0x0000000000009278       0x5c contiki-srf06-cc26xx.a(rpl.o)
                0x0000000000009278                rpl_purge_dags
 .text.rpl_init
                0x00000000000092d4       0x34 contiki-srf06-cc26xx.a(rpl.o)
                0x00000000000092d4                rpl_init
 .text.reset    0x0000000000009308        0x4 contiki-srf06-cc26xx.a(rpl-mrhof.o)
 .text.update_metric_container
                0x000000000000930c        0x8 contiki-srf06-cc26xx.a(rpl-mrhof.o)
 .text.parent_link_metric
                0x0000000000009314       0x14 contiki-srf06-cc26xx.a(rpl-mrhof.o)
 .text.parent_has_usable_link
                0x0000000000009328       0x18 contiki-srf06-cc26xx.a(rpl-mrhof.o)
 .text.best_dag
                0x0000000000009340       0x30 contiki-srf06-cc26xx.a(rpl-mrhof.o)
 .text.parent_path_cost
                0x0000000000009370       0x4c contiki-srf06-cc26xx.a(rpl-mrhof.o)
 .text.rank_via_parent
                0x00000000000093bc       0x3c contiki-srf06-cc26xx.a(rpl-mrhof.o)
 .text.parent_is_acceptable
                0x00000000000093f8       0x34 contiki-srf06-cc26xx.a(rpl-mrhof.o)
 .text.best_parent
                0x000000000000942c       0x68 contiki-srf06-cc26xx.a(rpl-mrhof.o)
 .text.NOROM_TRNGConfigure
                0x0000000000009494       0x38 contiki-srf06-cc26xx.a(trng.o)
                0x0000000000009494                NOROM_TRNGConfigure
 .text.TrimAfterColdResetWakeupFromShutDown
                0x00000000000094cc       0xe4 contiki-srf06-cc26xx.a(setup.o)
 .text.NOROM_SetupTrimDevice
                0x00000000000095b0       0xa0 contiki-srf06-cc26xx.a(setup.o)
                0x00000000000095b0                NOROM_SetupTrimDevice
 .text.NOROM_AONRTCCurrentCompareValueGet
                0x0000000000009650       0x24 contiki-srf06-cc26xx.a(aon_rtc.o)
                0x0000000000009650                NOROM_AONRTCCurrentCompareValueGet
 .text.SafeHapiVoid
                0x0000000000009674       0x28 contiki-srf06-cc26xx.a(adi.o)
                0x0000000000009674                SafeHapiVoid
 .text.NOROM_SysCtrlSetRechargeBeforePowerDown
                0x000000000000969c      0x238 contiki-srf06-cc26xx.a(sys_ctrl.o)
                0x000000000000969c                NOROM_SysCtrlSetRechargeBeforePowerDown
 .text.NOROM_SysCtrlAdjustRechargeAfterPowerDown
                0x00000000000098d4       0x64 contiki-srf06-cc26xx.a(sys_ctrl.o)
                0x00000000000098d4                NOROM_SysCtrlAdjustRechargeAfterPowerDown
 .text.NOROM_SysCtrl_DCDC_VoltageConditionalControl
                0x0000000000009938       0x7c contiki-srf06-cc26xx.a(sys_ctrl.o)
                0x0000000000009938                NOROM_SysCtrl_DCDC_VoltageConditionalControl
 .text.NOROM_ChipInfo_GetSupportedProtocol_BV
                0x00000000000099b4       0x10 contiki-srf06-cc26xx.a(chipinfo.o)
                0x00000000000099b4                NOROM_ChipInfo_GetSupportedProtocol_BV
 .text.NOROM_ChipInfo_GetChipFamily
                0x00000000000099c4       0x4c contiki-srf06-cc26xx.a(chipinfo.o)
                0x00000000000099c4                NOROM_ChipInfo_GetChipFamily
 .text.NOROM_ChipInfo_GetChipType
                0x0000000000009a10       0x50 contiki-srf06-cc26xx.a(chipinfo.o)
                0x0000000000009a10                NOROM_ChipInfo_GetChipType
 .text.NOROM_ChipInfo_GetHwRevision
                0x0000000000009a60       0x6c contiki-srf06-cc26xx.a(chipinfo.o)
                0x0000000000009a60                NOROM_ChipInfo_GetHwRevision
 .text.NOROM_ThisCodeIsBuiltForCC26xxHwRev22AndLater_HaltIfViolated
                0x0000000000009acc       0x14 contiki-srf06-cc26xx.a(chipinfo.o)
                0x0000000000009acc                NOROM_ThisCodeIsBuiltForCC26xxHwRev22AndLater_HaltIfViolated
 .text.NOROM_PowerCtrlSourceSet
                0x0000000000009ae0       0x30 contiki-srf06-cc26xx.a(pwr_ctrl.o)
                0x0000000000009ae0                NOROM_PowerCtrlSourceSet
 .text.NOROM_DDI32RegWrite
                0x0000000000009b10       0x2c contiki-srf06-cc26xx.a(ddi.o)
                0x0000000000009b10                NOROM_DDI32RegWrite
 .text.NOROM_DDI16BitfieldWrite
                0x0000000000009b3c       0x48 contiki-srf06-cc26xx.a(ddi.o)
                0x0000000000009b3c                NOROM_DDI16BitfieldWrite
 .text.NOROM_DDI16BitfieldRead
                0x0000000000009b84       0x48 contiki-srf06-cc26xx.a(ddi.o)
                0x0000000000009b84                NOROM_DDI16BitfieldRead
 .text.NOROM_OSCClockSourceSet
                0x0000000000009bcc       0x50 contiki-srf06-cc26xx.a(osc.o)
                0x0000000000009bcc                NOROM_OSCClockSourceSet
 .text.NOROM_OSCClockSourceGet
                0x0000000000009c1c       0x20 contiki-srf06-cc26xx.a(osc.o)
                0x0000000000009c1c                NOROM_OSCClockSourceGet
 .text.NOROM_CPUcpsid
                0x0000000000009c3c        0x8 contiki-srf06-cc26xx.a(cpu.o)
                0x0000000000009c3c                NOROM_CPUcpsid
 .text.NOROM_CPUcpsie
                0x0000000000009c44        0x8 contiki-srf06-cc26xx.a(cpu.o)
                0x0000000000009c44                NOROM_CPUcpsie
 .text.queuebuf_init
                0x0000000000009c4c       0x1c contiki-srf06-cc26xx.a(queuebuf.o)
                0x0000000000009c4c                queuebuf_init
 .text.queuebuf_numfree
                0x0000000000009c68        0xc contiki-srf06-cc26xx.a(queuebuf.o)
                0x0000000000009c68                queuebuf_numfree
 .text.queuebuf_new_from_packetbuf
                0x0000000000009c74       0x44 contiki-srf06-cc26xx.a(queuebuf.o)
                0x0000000000009c74                queuebuf_new_from_packetbuf
 .text.queuebuf_update_attr_from_packetbuf
                0x0000000000009cb8        0xc contiki-srf06-cc26xx.a(queuebuf.o)
                0x0000000000009cb8                queuebuf_update_attr_from_packetbuf
 .text.queuebuf_update_from_packetbuf
                0x0000000000009cc4       0x1c contiki-srf06-cc26xx.a(queuebuf.o)
                0x0000000000009cc4                queuebuf_update_from_packetbuf
 .text.queuebuf_free
                0x0000000000009ce0       0x2c contiki-srf06-cc26xx.a(queuebuf.o)
                0x0000000000009ce0                queuebuf_free
 .text.queuebuf_to_packetbuf
                0x0000000000009d0c       0x30 contiki-srf06-cc26xx.a(queuebuf.o)
                0x0000000000009d0c                queuebuf_to_packetbuf
 .text.queuebuf_attr
                0x0000000000009d3c        0xc contiki-srf06-cc26xx.a(queuebuf.o)
                0x0000000000009d3c                queuebuf_attr
 .text.index_from_lladdr
                0x0000000000009d48       0x50 contiki-srf06-cc26xx.a(nbr-table.o)
 .text.remove_key
                0x0000000000009d98       0x90 contiki-srf06-cc26xx.a(nbr-table.o)
 .text.nbr_table_register
                0x0000000000009e28       0x2c contiki-srf06-cc26xx.a(nbr-table.o)
                0x0000000000009e28                nbr_table_register
 .text.nbr_table_next
                0x0000000000009e54       0x70 contiki-srf06-cc26xx.a(nbr-table.o)
                0x0000000000009e54                nbr_table_next
 .text.nbr_table_head
                0x0000000000009ec4       0x58 contiki-srf06-cc26xx.a(nbr-table.o)
                0x0000000000009ec4                nbr_table_head
 .text.nbr_table_add_lladdr
                0x0000000000009f1c      0x150 contiki-srf06-cc26xx.a(nbr-table.o)
                0x0000000000009f1c                nbr_table_add_lladdr
 .text.nbr_table_get_from_lladdr
                0x000000000000a06c       0x38 contiki-srf06-cc26xx.a(nbr-table.o)
                0x000000000000a06c                nbr_table_get_from_lladdr
 .text.nbr_table_remove
                0x000000000000a0a4       0x5c contiki-srf06-cc26xx.a(nbr-table.o)
                0x000000000000a0a4                nbr_table_remove
 .text.nbr_table_lock
                0x000000000000a100       0x34 contiki-srf06-cc26xx.a(nbr-table.o)
                0x000000000000a100                nbr_table_lock
 .text.nbr_table_unlock
                0x000000000000a134       0x38 contiki-srf06-cc26xx.a(nbr-table.o)
                0x000000000000a134                nbr_table_unlock
 .text.nbr_table_get_lladdr
                0x000000000000a16c       0x30 contiki-srf06-cc26xx.a(nbr-table.o)
                0x000000000000a16c                nbr_table_get_lladdr
 .text.nbr_table_update_lladdr
                0x000000000000a19c       0x58 contiki-srf06-cc26xx.a(nbr-table.o)
                0x000000000000a19c                nbr_table_update_lladdr
 .text.packetbuf_copyto
                0x000000000000a1f4       0x50 contiki-srf06-cc26xx.a(packetbuf.o)
                0x000000000000a1f4                packetbuf_copyto
 .text.packetbuf_hdralloc
                0x000000000000a244       0x60 contiki-srf06-cc26xx.a(packetbuf.o)
                0x000000000000a244                packetbuf_hdralloc
 .text.packetbuf_hdrreduce
                0x000000000000a2a4       0x2c contiki-srf06-cc26xx.a(packetbuf.o)
                0x000000000000a2a4                packetbuf_hdrreduce
 .text.packetbuf_set_datalen
                0x000000000000a2d0        0xc contiki-srf06-cc26xx.a(packetbuf.o)
                0x000000000000a2d0                packetbuf_set_datalen
 .text.packetbuf_dataptr
                0x000000000000a2dc       0x20 contiki-srf06-cc26xx.a(packetbuf.o)
                0x000000000000a2dc                packetbuf_dataptr
 .text.packetbuf_hdrptr
                0x000000000000a2fc        0x8 contiki-srf06-cc26xx.a(packetbuf.o)
                0x000000000000a2fc                packetbuf_hdrptr
 .text.packetbuf_datalen
                0x000000000000a304        0xc contiki-srf06-cc26xx.a(packetbuf.o)
                0x000000000000a304                packetbuf_datalen
 .text.packetbuf_totlen
                0x000000000000a310       0x24 contiki-srf06-cc26xx.a(packetbuf.o)
                0x000000000000a310                packetbuf_totlen
 .text.packetbuf_attr_clear
                0x000000000000a334       0x34 contiki-srf06-cc26xx.a(packetbuf.o)
                0x000000000000a334                packetbuf_attr_clear
 .text.packetbuf_clear
                0x000000000000a368       0x20 contiki-srf06-cc26xx.a(packetbuf.o)
                0x000000000000a368                packetbuf_clear
 .text.packetbuf_copyfrom
                0x000000000000a388       0x40 contiki-srf06-cc26xx.a(packetbuf.o)
                0x000000000000a388                packetbuf_copyfrom
 .text.packetbuf_attr_copyto
                0x000000000000a3c8       0x44 contiki-srf06-cc26xx.a(packetbuf.o)
                0x000000000000a3c8                packetbuf_attr_copyto
 .text.packetbuf_attr_copyfrom
                0x000000000000a40c       0x44 contiki-srf06-cc26xx.a(packetbuf.o)
                0x000000000000a40c                packetbuf_attr_copyfrom
 .text.packetbuf_set_attr
                0x000000000000a450       0x10 contiki-srf06-cc26xx.a(packetbuf.o)
                0x000000000000a450                packetbuf_set_attr
 .text.packetbuf_attr
                0x000000000000a460        0xc contiki-srf06-cc26xx.a(packetbuf.o)
                0x000000000000a460                packetbuf_attr
 .text.packetbuf_set_addr
                0x000000000000a46c       0x18 contiki-srf06-cc26xx.a(packetbuf.o)
                0x000000000000a46c                packetbuf_set_addr
 .text.packetbuf_addr
                0x000000000000a484       0x10 contiki-srf06-cc26xx.a(packetbuf.o)
                0x000000000000a484                packetbuf_addr
 .text.packetbuf_holds_broadcast
                0x000000000000a494       0x10 contiki-srf06-cc26xx.a(packetbuf.o)
                0x000000000000a494                packetbuf_holds_broadcast
 .text.netstack_init
                0x000000000000a4a4       0x38 contiki-srf06-cc26xx.a(netstack.o)
                0x000000000000a4a4                netstack_init
 .text.linkaddr_copy
                0x000000000000a4dc        0xc contiki-srf06-cc26xx.a(linkaddr.o)
                0x000000000000a4dc                linkaddr_copy
 .text.linkaddr_cmp
                0x000000000000a4e8       0x10 contiki-srf06-cc26xx.a(linkaddr.o)
                0x000000000000a4e8                linkaddr_cmp
 .text.periodic
                0x000000000000a4f8       0x30 contiki-srf06-cc26xx.a(link-stats.o)
 .text.link_stats_from_lladdr
                0x000000000000a528        0xc contiki-srf06-cc26xx.a(link-stats.o)
                0x000000000000a528                link_stats_from_lladdr
 .text.link_stats_is_fresh
                0x000000000000a534       0x28 contiki-srf06-cc26xx.a(link-stats.o)
                0x000000000000a534                link_stats_is_fresh
 .text.link_stats_packet_sent
                0x000000000000a55c       0xcc contiki-srf06-cc26xx.a(link-stats.o)
                0x000000000000a55c                link_stats_packet_sent
 .text.link_stats_input_callback
                0x000000000000a628       0x5c contiki-srf06-cc26xx.a(link-stats.o)
                0x000000000000a628                link_stats_input_callback
 .text.link_stats_init
                0x000000000000a684       0x28 contiki-srf06-cc26xx.a(link-stats.o)
                0x000000000000a684                link_stats_init
 .text.parse    0x000000000000a6ac       0xa0 contiki-srf06-cc26xx.a(framer-802154.o)
 .text.create_frame.isra.0
                0x000000000000a74c      0x144 contiki-srf06-cc26xx.a(framer-802154.o)
 .text.create   0x000000000000a890        0x8 contiki-srf06-cc26xx.a(framer-802154.o)
 .text.hdr_length
                0x000000000000a898        0x8 contiki-srf06-cc26xx.a(framer-802154.o)
 .text.input_packet
                0x000000000000a8a0        0xc contiki-srf06-cc26xx.a(csma.o)
 .text.on       0x000000000000a8ac        0xc contiki-srf06-cc26xx.a(csma.o)
 .text.off      0x000000000000a8b8        0xc contiki-srf06-cc26xx.a(csma.o)
 .text.channel_check_interval
                0x000000000000a8c4       0x10 contiki-srf06-cc26xx.a(csma.o)
 .text.schedule_transmission
                0x000000000000a8d4       0x4c contiki-srf06-cc26xx.a(csma.o)
 .text.send_packet
                0x000000000000a920      0x150 contiki-srf06-cc26xx.a(csma.o)
 .text.init     0x000000000000aa70       0x24 contiki-srf06-cc26xx.a(csma.o)
 .text.transmit_packet_list
                0x000000000000aa94       0x34 contiki-srf06-cc26xx.a(csma.o)
 .text.tx_done  0x000000000000aac8       0x8c contiki-srf06-cc26xx.a(csma.o)
 .text.packet_sent
                0x000000000000ab54       0xe4 contiki-srf06-cc26xx.a(csma.o)
 .text.duty_cycle
                0x000000000000ac38        0x4 contiki-srf06-cc26xx.a(contikimac.o)
 .text.init     0x000000000000ac3c       0x40 contiki-srf06-cc26xx.a(contikimac.o)
 .text.on.part.0
                0x000000000000ac7c       0x14 contiki-srf06-cc26xx.a(contikimac.o)
 .text.off      0x000000000000ac90       0x38 contiki-srf06-cc26xx.a(contikimac.o)
 .text.recv_burst_off
                0x000000000000acc8       0x14 contiki-srf06-cc26xx.a(contikimac.o)
 .text.powercycle_turn_radio_off.part.2
                0x000000000000acdc       0x10 contiki-srf06-cc26xx.a(contikimac.o)
 .text.turn_off
                0x000000000000acec       0x48 contiki-srf06-cc26xx.a(contikimac.o)
 .text.turn_on  0x000000000000ad34       0x44 contiki-srf06-cc26xx.a(contikimac.o)
 .text.schedule_powercycle_fixed.part.5
                0x000000000000ad78       0x30 contiki-srf06-cc26xx.a(contikimac.o)
 .text.input_packet
                0x000000000000ada8       0xc0 contiki-srf06-cc26xx.a(contikimac.o)
 .text.send_packet.isra.8
                0x000000000000ae68      0x24c contiki-srf06-cc26xx.a(contikimac.o)
 .text.qsend_packet
                0x000000000000b0b4       0x24 contiki-srf06-cc26xx.a(contikimac.o)
 .text.qsend_list
                0x000000000000b0d8       0xf4 contiki-srf06-cc26xx.a(contikimac.o)
 .text.powercycle_wrapper
                0x000000000000b1cc      0x278 contiki-srf06-cc26xx.a(contikimac.o)
 .text.init     0x000000000000b444        0x4 contiki-srf06-cc26xx.a(nullsec.o)
 .text.input    0x000000000000b448        0xc contiki-srf06-cc26xx.a(nullsec.o)
 .text.send     0x000000000000b454       0x20 contiki-srf06-cc26xx.a(nullsec.o)
 .text.rtimer_arch_init
                0x000000000000b474        0x4 contiki-srf06-cc26xx.a(rtimer-arch.o)
                0x000000000000b474                rtimer_arch_init
 .text.rtimer_arch_schedule
                0x000000000000b478        0x8 contiki-srf06-cc26xx.a(rtimer-arch.o)
                0x000000000000b478                rtimer_arch_schedule
 .text.rtimer_arch_now
                0x000000000000b480        0x4 contiki-srf06-cc26xx.a(rtimer-arch.o)
                0x000000000000b480                rtimer_arch_now
 .text.aux_ctrl_power_up
                0x000000000000b484       0x28 contiki-srf06-cc26xx.a(aux-ctrl.o)
                0x000000000000b484                aux_ctrl_power_up
 .text.aux_ctrl_register_consumer
                0x000000000000b4ac       0x40 contiki-srf06-cc26xx.a(aux-ctrl.o)
                0x000000000000b4ac                aux_ctrl_register_consumer
 .text.aux_ctrl_power_down
                0x000000000000b4ec       0x6c contiki-srf06-cc26xx.a(aux-ctrl.o)
                0x000000000000b4ec                aux_ctrl_power_down
 .text.aux_ctrl_unregister_consumer
                0x000000000000b558       0x28 contiki-srf06-cc26xx.a(aux-ctrl.o)
                0x000000000000b558                aux_ctrl_unregister_consumer
 .text.process_thread_rf_core_process
                0x000000000000b580       0x58 contiki-srf06-cc26xx.a(rf-core.o)
 .text.rf_core_is_accessible
                0x000000000000b5d8       0x10 contiki-srf06-cc26xx.a(rf-core.o)
                0x000000000000b5d8                rf_core_is_accessible
 .text.rf_core_send_cmd
                0x000000000000b5e8       0x98 contiki-srf06-cc26xx.a(rf-core.o)
                0x000000000000b5e8                rf_core_send_cmd
 .text.rf_core_wait_cmd_done
                0x000000000000b680       0x30 contiki-srf06-cc26xx.a(rf-core.o)
                0x000000000000b680                rf_core_wait_cmd_done
 .text.rf_core_power_up
                0x000000000000b6b0       0xcc contiki-srf06-cc26xx.a(rf-core.o)
                0x000000000000b6b0                rf_core_power_up
 .text.rf_core_start_rat
                0x000000000000b77c       0x78 contiki-srf06-cc26xx.a(rf-core.o)
                0x000000000000b77c                rf_core_start_rat
 .text.rf_core_stop_rat
                0x000000000000b7f4       0x8c contiki-srf06-cc26xx.a(rf-core.o)
                0x000000000000b7f4                rf_core_stop_rat
 .text.rf_core_power_down
                0x000000000000b880       0xfc contiki-srf06-cc26xx.a(rf-core.o)
                0x000000000000b880                rf_core_power_down
 .text.rf_core_set_modesel
                0x000000000000b97c       0x44 contiki-srf06-cc26xx.a(rf-core.o)
                0x000000000000b97c                rf_core_set_modesel
 .text.rf_core_boot
                0x000000000000b9c0       0x1c contiki-srf06-cc26xx.a(rf-core.o)
                0x000000000000b9c0                rf_core_boot
 .text.rf_core_restart_rat
                0x000000000000b9dc       0x18 contiki-srf06-cc26xx.a(rf-core.o)
                0x000000000000b9dc                rf_core_restart_rat
 .text.rf_core_setup_interrupts
                0x000000000000b9f4       0x70 contiki-srf06-cc26xx.a(rf-core.o)
                0x000000000000b9f4                rf_core_setup_interrupts
 .text.rf_core_cmd_done_en
                0x000000000000ba64       0x28 contiki-srf06-cc26xx.a(rf-core.o)
                0x000000000000ba64                rf_core_cmd_done_en
 .text.rf_core_cmd_done_dis
                0x000000000000ba8c       0x18 contiki-srf06-cc26xx.a(rf-core.o)
                0x000000000000ba8c                rf_core_cmd_done_dis
 .text.rf_core_get_last_radio_op
                0x000000000000baa4        0xc contiki-srf06-cc26xx.a(rf-core.o)
                0x000000000000baa4                rf_core_get_last_radio_op
 .text.rf_core_init_radio_op
                0x000000000000bab0       0x1c contiki-srf06-cc26xx.a(rf-core.o)
                0x000000000000bab0                rf_core_init_radio_op
 .text.rf_core_primary_mode_register
                0x000000000000bacc        0xc contiki-srf06-cc26xx.a(rf-core.o)
                0x000000000000bacc                rf_core_primary_mode_register
 .text.RFCCPE1IntHandler
                0x000000000000bad8       0x28 contiki-srf06-cc26xx.a(rf-core.o)
                0x000000000000bad8                RFCCPE1IntHandler
 .text.RFCCPE0IntHandler
                0x000000000000bb00       0x5c contiki-srf06-cc26xx.a(rf-core.o)
                0x000000000000bb00                RFCCPE0IntHandler
 .text.rf_ble_is_active
                0x000000000000bb5c        0xc contiki-srf06-cc26xx.a(rf-ble.o)
                0x000000000000bb5c                rf_ble_is_active
 .text.stimer_set
                0x000000000000bb68       0x10 contiki-srf06-cc26xx.a(stimer.o)
                0x000000000000bb68                stimer_set
 .text.stimer_expired
                0x000000000000bb78       0x20 contiki-srf06-cc26xx.a(stimer.o)
                0x000000000000bb78                stimer_expired
 .text.echo_reply_input
                0x000000000000bb98       0xb0 contiki-srf06-cc26xx.a(uip-icmp6.o)
 .text.echo_request_input
                0x000000000000bc48       0xb8 contiki-srf06-cc26xx.a(uip-icmp6.o)
 .text.uip_icmp6_input
                0x000000000000bd00       0x3c contiki-srf06-cc26xx.a(uip-icmp6.o)
                0x000000000000bd00                uip_icmp6_input
 .text.uip_icmp6_register_input_handler
                0x000000000000bd3c        0xc contiki-srf06-cc26xx.a(uip-icmp6.o)
                0x000000000000bd3c                uip_icmp6_register_input_handler
 .text.uip_icmp6_error_output
                0x000000000000bd48      0x16c contiki-srf06-cc26xx.a(uip-icmp6.o)
                0x000000000000bd48                uip_icmp6_error_output
 .text.uip_icmp6_send
                0x000000000000beb4       0x8c contiki-srf06-cc26xx.a(uip-icmp6.o)
                0x000000000000beb4                uip_icmp6_send
 .text.uip_icmp6_init
                0x000000000000bf40       0x24 contiki-srf06-cc26xx.a(uip-icmp6.o)
                0x000000000000bf40                uip_icmp6_init
 .text.dao_ack_input
                0x000000000000bf64       0x14 contiki-srf06-cc26xx.a(rpl-icmp6.o)
 .text.dao_output_target_seq
                0x000000000000bf78      0x118 contiki-srf06-cc26xx.a(rpl-icmp6.o)
 .text.dio_input
                0x000000000000c090      0x29c contiki-srf06-cc26xx.a(rpl-icmp6.o)
 .text.rpl_icmp6_update_nbr_table
                0x000000000000c32c       0x38 contiki-srf06-cc26xx.a(rpl-icmp6.o)
                0x000000000000c32c                rpl_icmp6_update_nbr_table
 .text.dao_input
                0x000000000000c364      0x2d4 contiki-srf06-cc26xx.a(rpl-icmp6.o)
 .text.dis_output
                0x000000000000c638       0x40 contiki-srf06-cc26xx.a(rpl-icmp6.o)
                0x000000000000c638                dis_output
 .text.dio_output
                0x000000000000c678      0x29c contiki-srf06-cc26xx.a(rpl-icmp6.o)
                0x000000000000c678                dio_output
 .text.dis_input
                0x000000000000c914       0x54 contiki-srf06-cc26xx.a(rpl-icmp6.o)
 .text.dao_output
                0x000000000000c968       0x88 contiki-srf06-cc26xx.a(rpl-icmp6.o)
                0x000000000000c968                dao_output
 .text.dao_output_target
                0x000000000000c9f0        0xc contiki-srf06-cc26xx.a(rpl-icmp6.o)
                0x000000000000c9f0                dao_output_target
 .text.rpl_icmp6_register_handlers
                0x000000000000c9fc       0x30 contiki-srf06-cc26xx.a(rpl-icmp6.o)
                0x000000000000c9fc                rpl_icmp6_register_handlers
 .text.update_nbr
                0x000000000000ca2c      0x10c contiki-srf06-cc26xx.a(rpl-nbr-policy.)
 .text.handle_periodic_timer
                0x000000000000cb38       0x14 contiki-srf06-cc26xx.a(rpl-nbr-policy.)
 .text.find_removable_dio
                0x000000000000cb4c       0x3c contiki-srf06-cc26xx.a(rpl-nbr-policy.)
                0x000000000000cb4c                find_removable_dio
 .text.rpl_nbr_policy_find_removable
                0x000000000000cb88       0x60 contiki-srf06-cc26xx.a(rpl-nbr-policy.)
                0x000000000000cb88                rpl_nbr_policy_find_removable
 .text.NOROM_SetupGetTrimForXoscHfCtl.part.3
                0x000000000000cbe8       0x20 contiki-srf06-cc26xx.a(setup_rom.o)
 .text.NOROM_SetupGetTrimForRadcExtCfg.part.4
                0x000000000000cc08       0x1c contiki-srf06-cc26xx.a(setup_rom.o)
 .text.NOROM_SetupAfterColdResetWakeupFromShutDownCfg1
                0x000000000000cc24       0x74 contiki-srf06-cc26xx.a(setup_rom.o)
                0x000000000000cc24                NOROM_SetupAfterColdResetWakeupFromShutDownCfg1
 .text.NOROM_SetupAfterColdResetWakeupFromShutDownCfg3
                0x000000000000cc98      0x1a0 contiki-srf06-cc26xx.a(setup_rom.o)
                0x000000000000cc98                NOROM_SetupAfterColdResetWakeupFromShutDownCfg3
 .text.NOROM_SetupGetTrimForAnabypassValue1
                0x000000000000ce38       0x64 contiki-srf06-cc26xx.a(setup_rom.o)
                0x000000000000ce38                NOROM_SetupGetTrimForAnabypassValue1
 .text.NOROM_SetupGetTrimForAmpcompCtrl
                0x000000000000ce9c       0x58 contiki-srf06-cc26xx.a(setup_rom.o)
                0x000000000000ce9c                NOROM_SetupGetTrimForAmpcompCtrl
 .text.NOROM_SetupAfterColdResetWakeupFromShutDownCfg2
                0x000000000000cef4      0x190 contiki-srf06-cc26xx.a(setup_rom.o)
                0x000000000000cef4                NOROM_SetupAfterColdResetWakeupFromShutDownCfg2
 .text.NOROM_SetupSetCacheModeAccordingToCcfgSetting
                0x000000000000d084       0x6c contiki-srf06-cc26xx.a(setup_rom.o)
                0x000000000000d084                NOROM_SetupSetCacheModeAccordingToCcfgSetting
 .text.NOROM_AONBatMonTemperatureGetDegC
                0x000000000000d0f0       0x30 contiki-srf06-cc26xx.a(aon_batmon.o)
                0x000000000000d0f0                NOROM_AONBatMonTemperatureGetDegC
 .text.mac_sequence_is_duplicate
                0x000000000000d120       0x50 contiki-srf06-cc26xx.a(mac-sequence.o)
                0x000000000000d120                mac_sequence_is_duplicate
 .text.mac_sequence_register_seqno
                0x000000000000d170       0x6c contiki-srf06-cc26xx.a(mac-sequence.o)
                0x000000000000d170                mac_sequence_register_seqno
 .text.frame802154_get_pan_id
                0x000000000000d1dc        0xc contiki-srf06-cc26xx.a(frame802154.o)
                0x000000000000d1dc                frame802154_get_pan_id
 .text.frame802154_has_panid
                0x000000000000d1e8       0xd0 contiki-srf06-cc26xx.a(frame802154.o)
                0x000000000000d1e8                frame802154_has_panid
 .text.field_len
                0x000000000000d2b8       0x88 contiki-srf06-cc26xx.a(frame802154.o)
 .text.frame802154_is_broadcast_addr
                0x000000000000d340       0x20 contiki-srf06-cc26xx.a(frame802154.o)
                0x000000000000d340                frame802154_is_broadcast_addr
 .text.frame802154_hdrlen
                0x000000000000d360       0x34 contiki-srf06-cc26xx.a(frame802154.o)
                0x000000000000d360                frame802154_hdrlen
 .text.frame802154_create_fcf
                0x000000000000d394       0x64 contiki-srf06-cc26xx.a(frame802154.o)
                0x000000000000d394                frame802154_create_fcf
 .text.frame802154_create
                0x000000000000d3f8       0xa8 contiki-srf06-cc26xx.a(frame802154.o)
                0x000000000000d3f8                frame802154_create
 .text.frame802154_parse_fcf
                0x000000000000d4a0       0x44 contiki-srf06-cc26xx.a(frame802154.o)
                0x000000000000d4a0                frame802154_parse_fcf
 .text.frame802154_parse
                0x000000000000d4e4      0x13c contiki-srf06-cc26xx.a(frame802154.o)
                0x000000000000d4e4                frame802154_parse
 .text.mac_call_sent_callback
                0x000000000000d620       0x18 contiki-srf06-cc26xx.a(mac.o)
                0x000000000000d620                mac_call_sent_callback
 .text          0x000000000000d638       0x30 /usr/bin/../lib/gcc/arm-none-eabi/7.3.1/thumb/v7-m/libgcc.a(_aeabi_uldivmod.o)
                0x000000000000d638                __aeabi_uldivmod
 .text          0x000000000000d668      0x2d0 /usr/bin/../lib/gcc/arm-none-eabi/7.3.1/thumb/v7-m/libgcc.a(_udivmoddi4.o)
                0x000000000000d668                __udivmoddi4
 .text          0x000000000000d938        0x4 /usr/bin/../lib/gcc/arm-none-eabi/7.3.1/thumb/v7-m/libgcc.a(_dvmd_tls.o)
                0x000000000000d938                __aeabi_ldiv0
                0x000000000000d938                __aeabi_idiv0
 .text.memcmp   0x000000000000d93c       0x64 /usr/bin/../lib/gcc/arm-none-eabi/7.3.1/../../../../arm-none-eabi/lib/thumb/v7-m/libc.a(lib_a-memcmp.o)
                0x000000000000d93c                memcmp
 .text          0x000000000000d9a0       0xec /usr/bin/../lib/gcc/arm-none-eabi/7.3.1/../../../../arm-none-eabi/lib/thumb/v7-m/libc.a(lib_a-memcpy.o)
                0x000000000000d9a0                memcpy
 .text.memmove  0x000000000000da8c       0xc4 /usr/bin/../lib/gcc/arm-none-eabi/7.3.1/../../../../arm-none-eabi/lib/thumb/v7-m/libc.a(lib_a-memmove.o)
                0x000000000000da8c                memmove
 .text.memset   0x000000000000db50       0x94 /usr/bin/../lib/gcc/arm-none-eabi/7.3.1/../../../../arm-none-eabi/lib/thumb/v7-m/libc.a(lib_a-memset.o)
                0x000000000000db50                memset
 .text.strlen   0x000000000000dbe4       0x5c /usr/bin/../lib/gcc/arm-none-eabi/7.3.1/../../../../arm-none-eabi/lib/thumb/v7-m/libc.a(lib_a-strlen-stub.o)
                0x000000000000dbe4                strlen
 *(SORT_BY_ALIGNMENT(.rodata*))
 .rodata.autostart_processes
                0x000000000000dc40        0x8 unicast-sender.co
                0x000000000000dc40                autostart_processes
 .rodata.process_thread_unicast_sender_process.str1.4
                0x000000000000dc48       0xb0 unicast-sender.co
 .rodata.receiver.str1.4
                0x000000000000dcf8       0x36 unicast-sender.co
 *fill*         0x000000000000dd2e        0x2 00000000
 .rodata.str1.4
                0x000000000000dd30       0x1f unicast-sender.co
 *fill*         0x000000000000dd4f        0x1 00000000
 .rodata.process_thread_servreg_hack_process.str1.4
                0x000000000000dd50       0x84 contiki-srf06-cc26xx.a(servreg-hack.o)
 .rodata.str1.4
                0x000000000000ddd4       0x15 contiki-srf06-cc26xx.a(servreg-hack.o)
 *fill*         0x000000000000dde9        0x3 00000000
 .rodata.main.str1.4
                0x000000000000ddec       0xf2 contiki-srf06-cc26xx.a(contiki-main.o)
 *fill*         0x000000000000dede        0x2 00000000
 .rodata.str1.4
                0x000000000000dee0        0x8 contiki-srf06-cc26xx.a(sensors.o)
 .rodata        0x000000000000dee8       0x48 contiki-srf06-cc26xx.a(board.o)
 .rodata.button_left_sensor
                0x000000000000df30       0x10 contiki-srf06-cc26xx.a(button-sensor.o)
                0x000000000000df30                button_left_sensor
 .rodata.button_right_sensor
                0x000000000000df40       0x10 contiki-srf06-cc26xx.a(button-sensor.o)
                0x000000000000df40                button_right_sensor
 .rodata.str1.4
                0x000000000000df50        0x7 contiki-srf06-cc26xx.a(button-sensor.o)
 *fill*         0x000000000000df57        0x1 00000000
 .rodata        0x000000000000df58        0x4 contiki-srf06-cc26xx.a(ext-flash.o)
 .rodata.ieee_mode_driver
                0x000000000000df5c       0x38 contiki-srf06-cc26xx.a(ieee-mode.o)
                0x000000000000df5c                ieee_mode_driver
 .rodata.mode_ieee
                0x000000000000df94        0x8 contiki-srf06-cc26xx.a(ieee-mode.o)
 .rodata.output_power
                0x000000000000df9c       0x68 contiki-srf06-cc26xx.a(ieee-mode.o)
 .rodata.str1.4
                0x000000000000e004       0x1b contiki-srf06-cc26xx.a(soc-trng.o)
 *fill*         0x000000000000e01f        0x1 00000000
 .rodata.buffer.4055
                0x000000000000e020       0x10 contiki-srf06-cc26xx.a(strformat.o)
 .rodata.buffer.4064
                0x000000000000e030       0x10 contiki-srf06-cc26xx.a(strformat.o)
 .rodata.format_str_v.str1.4
                0x000000000000e040       0x46 contiki-srf06-cc26xx.a(strformat.o)
 *fill*         0x000000000000e086        0x2 00000000
 .rodata.str1.4
                0x000000000000e088        0xc contiki-srf06-cc26xx.a(etimer.o)
 .rodata.str1.4
                0x000000000000e094        0xf contiki-srf06-cc26xx.a(ctimer.o)
 *fill*         0x000000000000e0a3        0x1 00000000
 .rodata.str1.4
                0x000000000000e0a4        0xe contiki-srf06-cc26xx.a(serial-line.o)
 *fill*         0x000000000000e0b2        0x2 00000000
 .rodata        0x000000000000e0b4        0x2 contiki-srf06-cc26xx.a(sicslowpan.o)
 *fill*         0x000000000000e0b6        0x2 00000000
 .rodata.llprefix
                0x000000000000e0b8        0x2 contiki-srf06-cc26xx.a(sicslowpan.o)
                0x000000000000e0b8                llprefix
 *fill*         0x000000000000e0ba        0x2 00000000
 .rodata.sicslowpan_driver
                0x000000000000e0bc        0xc contiki-srf06-cc26xx.a(sicslowpan.o)
                0x000000000000e0bc                sicslowpan_driver
 .rodata.str1.4
                0x000000000000e0c8        0xb contiki-srf06-cc26xx.a(sicslowpan.o)
 *fill*         0x000000000000e0d3        0x1 00000000
 .rodata.ttl_values
                0x000000000000e0d4        0x4 contiki-srf06-cc26xx.a(sicslowpan.o)
 .rodata.unc_ctxconf
                0x000000000000e0d8        0x4 contiki-srf06-cc26xx.a(sicslowpan.o)
                0x000000000000e0d8                unc_ctxconf
 .rodata.unc_llconf
                0x000000000000e0dc        0x4 contiki-srf06-cc26xx.a(sicslowpan.o)
                0x000000000000e0dc                unc_llconf
 .rodata.unc_mxconf
                0x000000000000e0e0        0x4 contiki-srf06-cc26xx.a(sicslowpan.o)
                0x000000000000e0e0                unc_mxconf
 .rodata.uip_debug_ipaddr_print.str1.4
                0x000000000000e0e4       0x2b contiki-srf06-cc26xx.a(uip-debug.o)
 *fill*         0x000000000000e10f        0x1 00000000
 .rodata.str1.4
                0x000000000000e110        0xd contiki-srf06-cc26xx.a(tcpip.o)
 *fill*         0x000000000000e11d        0x3 00000000
 .rodata.str1.4
                0x000000000000e120       0x13 contiki-srf06-cc26xx.a(simple-udp.o)
 *fill*         0x000000000000e133        0x1 00000000
 .rodata.linkaddr_null
                0x000000000000e134        0x8 contiki-srf06-cc26xx.a(linkaddr.o)
                0x000000000000e134                linkaddr_null
 .rodata.framer_802154
                0x000000000000e13c        0xc contiki-srf06-cc26xx.a(framer-802154.o)
                0x000000000000e13c                framer_802154
 .rodata.csma_driver
                0x000000000000e148       0x1c contiki-srf06-cc26xx.a(csma.o)
                0x000000000000e148                csma_driver
 .rodata.str1.4
                0x000000000000e164        0x5 contiki-srf06-cc26xx.a(csma.o)
 *fill*         0x000000000000e169        0x3 00000000
 .rodata.contikimac_driver
                0x000000000000e16c       0x20 contiki-srf06-cc26xx.a(contikimac.o)
                0x000000000000e16c                contikimac_driver
 .rodata.str1.4
                0x000000000000e18c        0xb contiki-srf06-cc26xx.a(contikimac.o)
 *fill*         0x000000000000e197        0x1 00000000
 .rodata.nullsec_driver
                0x000000000000e198       0x10 contiki-srf06-cc26xx.a(nullsec.o)
                0x000000000000e198                nullsec_driver
 .rodata.str1.4
                0x000000000000e1a8        0x8 contiki-srf06-cc26xx.a(nullsec.o)
 .rodata.RFCCPE0IntHandler.str1.4
                0x000000000000e1b0       0x2a contiki-srf06-cc26xx.a(rf-core.o)
 *fill*         0x000000000000e1da        0x2 00000000
 .rodata.str1.4
                0x000000000000e1dc       0x1c contiki-srf06-cc26xx.a(rf-core.o)
                                         0x1a (size before relaxing)
                0x000000000000e1f8                _etext = .

.glue_7         0x000000000000e1f8        0x0
 .glue_7        0x000000000000e1f8        0x0 linker stubs

.glue_7t        0x000000000000e1f8        0x0
 .glue_7t       0x000000000000e1f8        0x0 linker stubs

.vfp11_veneer   0x000000000000e1f8        0x0
 .vfp11_veneer  0x000000000000e1f8        0x0 linker stubs

.v4_bx          0x000000000000e1f8        0x0
 .v4_bx         0x000000000000e1f8        0x0 linker stubs

.iplt           0x000000000000e1f8        0x0
 .iplt          0x000000000000e1f8        0x0 obj_srf06-cc26xx/startup_gcc.o

.data           0x0000000020000000      0x274 load address 0x000000000000e1f8
                0x0000000020000000                _data = .
 *(SORT_BY_ALIGNMENT(vtable))
 *(SORT_BY_ALIGNMENT(.data*))
 .data.unicast_sender_process
                0x0000000020000000       0x10 unicast-sender.co
                0x0000000020000000                unicast_sender_process
 .data.registrations
                0x0000000020000010        0xc contiki-srf06-cc26xx.a(servreg-hack.o)
 .data.servreg_hack_process
                0x000000002000001c       0x10 contiki-srf06-cc26xx.a(servreg-hack.o)
                0x000000002000001c                servreg_hack_process
 .data.sensors_process
                0x000000002000002c       0x10 contiki-srf06-cc26xx.a(sensors.o)
                0x000000002000002c                sensors_process
 .data.launchpad_module
                0x000000002000003c       0x14 contiki-srf06-cc26xx.a(board.o)
 .data.sensors  0x0000000020000050        0xc contiki-srf06-cc26xx.a(launchpad-senso)
                0x0000000020000050                sensors
 .data.uart_module
                0x000000002000005c       0x14 contiki-srf06-cc26xx.a(cc26xx-uart.o)
 .data.cc26xx_rf_lpm_module
                0x0000000020000070       0x14 contiki-srf06-cc26xx.a(ieee-mode.o)
 .data.ieee_overrides
                0x0000000020000084       0x2c contiki-srf06-cc26xx.a(ieee-mode.o)
 .data.tx_power_current
                0x00000000200000b0        0x4 contiki-srf06-cc26xx.a(ieee-mode.o)
                0x00000000200000b0                tx_power_current
 .data.rng_module
                0x00000000200000b4       0x14 contiki-srf06-cc26xx.a(soc-trng.o)
 .data.soc_trng_process
                0x00000000200000c8       0x10 contiki-srf06-cc26xx.a(soc-trng.o)
                0x00000000200000c8                soc_trng_process
 .data.ctxt     0x00000000200000d8        0x8 contiki-srf06-cc26xx.a(dbg-printf.o)
 .data.etimer_process
                0x00000000200000e0       0x10 contiki-srf06-cc26xx.a(etimer.o)
                0x00000000200000e0                etimer_process
 .data.ctimer_process
                0x00000000200000f0       0x10 contiki-srf06-cc26xx.a(ctimer.o)
                0x00000000200000f0                ctimer_process
 .data.serial_line_process
                0x0000000020000100       0x10 contiki-srf06-cc26xx.a(serial-line.o)
                0x0000000020000100                serial_line_process
 .data.defaultroutermemb
                0x0000000020000110        0xc contiki-srf06-cc26xx.a(uip-ds6-route.o)
 .data.nbr_routes
                0x000000002000011c        0x4 contiki-srf06-cc26xx.a(uip-ds6-route.o)
                0x000000002000011c                nbr_routes
 .data.nbr_routes_struct
                0x0000000020000120       0x10 contiki-srf06-cc26xx.a(uip-ds6-route.o)
 .data.neighborroutememb
                0x0000000020000130        0xc contiki-srf06-cc26xx.a(uip-ds6-route.o)
 .data.routememb
                0x000000002000013c        0xc contiki-srf06-cc26xx.a(uip-ds6-route.o)
 .data.ds6_neighbors
                0x0000000020000148        0x4 contiki-srf06-cc26xx.a(uip-ds6-nbr.o)
                0x0000000020000148                ds6_neighbors
 .data.ds6_neighbors_struct
                0x000000002000014c       0x10 contiki-srf06-cc26xx.a(uip-ds6-nbr.o)
 .data.ns_input_handler
                0x000000002000015c        0xc contiki-srf06-cc26xx.a(uip-nd6.o)
 .data.tcpip_process
                0x0000000020000168       0x10 contiki-srf06-cc26xx.a(tcpip.o)
                0x0000000020000168                tcpip_process
 .data.simple_udp_process
                0x0000000020000178       0x10 contiki-srf06-cc26xx.a(simple-udp.o)
                0x0000000020000178                simple_udp_process
 .data.rpl_parents
                0x0000000020000188        0x4 contiki-srf06-cc26xx.a(rpl-dag.o)
                0x0000000020000188                rpl_parents
 .data.rpl_parents_struct
                0x000000002000018c       0x10 contiki-srf06-cc26xx.a(rpl-dag.o)
 .data.rpl_mrhof
                0x000000002000019c       0x24 contiki-srf06-cc26xx.a(rpl-mrhof.o)
                0x000000002000019c                rpl_mrhof
 .data.bufmem   0x00000000200001c0        0xc contiki-srf06-cc26xx.a(queuebuf.o)
 .data.buframmem
                0x00000000200001cc        0xc contiki-srf06-cc26xx.a(queuebuf.o)
 .data.neighbor_addr_mem
                0x00000000200001d8        0xc contiki-srf06-cc26xx.a(nbr-table.o)
 .data.link_stats_struct
                0x00000000200001e4       0x10 contiki-srf06-cc26xx.a(link-stats.o)
 .data.metadata_memb
                0x00000000200001f4        0xc contiki-srf06-cc26xx.a(csma.o)
 .data.neighbor_memb
                0x0000000020000200        0xc contiki-srf06-cc26xx.a(csma.o)
 .data.packet_memb
                0x000000002000020c        0xc contiki-srf06-cc26xx.a(csma.o)
 .data.rf_core_process
                0x0000000020000218       0x10 contiki-srf06-cc26xx.a(rf-core.o)
                0x0000000020000218                rf_core_process
 .data.echo_reply_handler
                0x0000000020000228        0xc contiki-srf06-cc26xx.a(uip-icmp6.o)
 .data.echo_request_handler
                0x0000000020000234        0xc contiki-srf06-cc26xx.a(uip-icmp6.o)
 .data.dao_ack_handler
                0x0000000020000240        0xc contiki-srf06-cc26xx.a(rpl-icmp6.o)
 .data.dao_handler
                0x000000002000024c        0xc contiki-srf06-cc26xx.a(rpl-icmp6.o)
 .data.dio_handler
                0x0000000020000258        0xc contiki-srf06-cc26xx.a(rpl-icmp6.o)
 .data.dis_handler
                0x0000000020000264        0xc contiki-srf06-cc26xx.a(rpl-icmp6.o)
 .data.mac_pan_id
                0x0000000020000270        0x2 contiki-srf06-cc26xx.a(frame802154.o)
 .data.rng_ready_event
                0x0000000020000272        0x1 contiki-srf06-cc26xx.a(soc-trng.o)
 .data.dao_sequence
                0x0000000020000273        0x1 contiki-srf06-cc26xx.a(rpl-icmp6.o)
                0x0000000020000274                _edata = .

.igot.plt       0x0000000020000274        0x0 load address 0x000000000000e46c
 .igot.plt      0x0000000020000274        0x0 obj_srf06-cc26xx/startup_gcc.o

.ARM.exidx      0x000000000000e46c        0x8
 *(SORT_BY_ALIGNMENT(.ARM.exidx*))
 .ARM.exidx     0x000000000000e46c        0x8 /usr/bin/../lib/gcc/arm-none-eabi/7.3.1/thumb/v7-m/libgcc.a(_udivmoddi4.o)

.bss            0x0000000020000278     0x329c